Archive member included to satisfy reference by file (symbol)

c:/st/stm32cubeide_1.3.0/stm32cubeide/plugins/com.st.stm32cube.ide.mcu.externaltools.gnu-tools-for-stm32.7-2018-q2-update.win32_1.0.0.201904181610/tools/bin/../lib/gcc/arm-none-eabi/7.3.1/../../../../arm-none-eabi/lib/thumb/v6-m\libc.a(lib_a-atof.o)
                              BOS/BOS_CLI.o (atof)
c:/st/stm32cubeide_1.3.0/stm32cubeide/plugins/com.st.stm32cube.ide.mcu.externaltools.gnu-tools-for-stm32.7-2018-q2-update.win32_1.0.0.201904181610/tools/bin/../lib/gcc/arm-none-eabi/7.3.1/../../../../arm-none-eabi/lib/thumb/v6-m\libc.a(lib_a-atoi.o)
                              BOS/BOS.o (atoi)
c:/st/stm32cubeide_1.3.0/stm32cubeide/plugins/com.st.stm32cube.ide.mcu.externaltools.gnu-tools-for-stm32.7-2018-q2-update.win32_1.0.0.201904181610/tools/bin/../lib/gcc/arm-none-eabi/7.3.1/../../../../arm-none-eabi/lib/thumb/v6-m\libc.a(lib_a-atol.o)
                              BOS/BOS.o (atol)
c:/st/stm32cubeide_1.3.0/stm32cubeide/plugins/com.st.stm32cube.ide.mcu.externaltools.gnu-tools-for-stm32.7-2018-q2-update.win32_1.0.0.201904181610/tools/bin/../lib/gcc/arm-none-eabi/7.3.1/../../../../arm-none-eabi/lib/thumb/v6-m\libc.a(lib_a-exit.o)
                              c:/st/stm32cubeide_1.3.0/stm32cubeide/plugins/com.st.stm32cube.ide.mcu.externaltools.gnu-tools-for-stm32.7-2018-q2-update.win32_1.0.0.201904181610/tools/bin/../lib/gcc/arm-none-eabi/7.3.1/../../../../arm-none-eabi/lib/thumb/v6-m/crt0.o (exit)
c:/st/stm32cubeide_1.3.0/stm32cubeide/plugins/com.st.stm32cube.ide.mcu.externaltools.gnu-tools-for-stm32.7-2018-q2-update.win32_1.0.0.201904181610/tools/bin/../lib/gcc/arm-none-eabi/7.3.1/../../../../arm-none-eabi/lib/thumb/v6-m\libc.a(lib_a-impure.o)
                              c:/st/stm32cubeide_1.3.0/stm32cubeide/plugins/com.st.stm32cube.ide.mcu.externaltools.gnu-tools-for-stm32.7-2018-q2-update.win32_1.0.0.201904181610/tools/bin/../lib/gcc/arm-none-eabi/7.3.1/../../../../arm-none-eabi/lib/thumb/v6-m\libc.a(lib_a-exit.o) (_global_impure_ptr)
c:/st/stm32cubeide_1.3.0/stm32cubeide/plugins/com.st.stm32cube.ide.mcu.externaltools.gnu-tools-for-stm32.7-2018-q2-update.win32_1.0.0.201904181610/tools/bin/../lib/gcc/arm-none-eabi/7.3.1/../../../../arm-none-eabi/lib/thumb/v6-m\libc.a(lib_a-init.o)
                              c:/st/stm32cubeide_1.3.0/stm32cubeide/plugins/com.st.stm32cube.ide.mcu.externaltools.gnu-tools-for-stm32.7-2018-q2-update.win32_1.0.0.201904181610/tools/bin/../lib/gcc/arm-none-eabi/7.3.1/../../../../arm-none-eabi/lib/thumb/v6-m/crt0.o (__libc_init_array)
c:/st/stm32cubeide_1.3.0/stm32cubeide/plugins/com.st.stm32cube.ide.mcu.externaltools.gnu-tools-for-stm32.7-2018-q2-update.win32_1.0.0.201904181610/tools/bin/../lib/gcc/arm-none-eabi/7.3.1/../../../../arm-none-eabi/lib/thumb/v6-m\libc.a(lib_a-locale.o)
                              BOS/BOS_CLI.o (__locale_ctype_ptr)
c:/st/stm32cubeide_1.3.0/stm32cubeide/plugins/com.st.stm32cube.ide.mcu.externaltools.gnu-tools-for-stm32.7-2018-q2-update.win32_1.0.0.201904181610/tools/bin/../lib/gcc/arm-none-eabi/7.3.1/../../../../arm-none-eabi/lib/thumb/v6-m\libc.a(lib_a-malloc.o)
                              BOS/BOS.o (malloc)
c:/st/stm32cubeide_1.3.0/stm32cubeide/plugins/com.st.stm32cube.ide.mcu.externaltools.gnu-tools-for-stm32.7-2018-q2-update.win32_1.0.0.201904181610/tools/bin/../lib/gcc/arm-none-eabi/7.3.1/../../../../arm-none-eabi/lib/thumb/v6-m\libc.a(lib_a-mallocr.o)
                              c:/st/stm32cubeide_1.3.0/stm32cubeide/plugins/com.st.stm32cube.ide.mcu.externaltools.gnu-tools-for-stm32.7-2018-q2-update.win32_1.0.0.201904181610/tools/bin/../lib/gcc/arm-none-eabi/7.3.1/../../../../arm-none-eabi/lib/thumb/v6-m\libc.a(lib_a-malloc.o) (_malloc_r)
c:/st/stm32cubeide_1.3.0/stm32cubeide/plugins/com.st.stm32cube.ide.mcu.externaltools.gnu-tools-for-stm32.7-2018-q2-update.win32_1.0.0.201904181610/tools/bin/../lib/gcc/arm-none-eabi/7.3.1/../../../../arm-none-eabi/lib/thumb/v6-m\libc.a(lib_a-mbtowc_r.o)
                              c:/st/stm32cubeide_1.3.0/stm32cubeide/plugins/com.st.stm32cube.ide.mcu.externaltools.gnu-tools-for-stm32.7-2018-q2-update.win32_1.0.0.201904181610/tools/bin/../lib/gcc/arm-none-eabi/7.3.1/../../../../arm-none-eabi/lib/thumb/v6-m\libc.a(lib_a-locale.o) (__ascii_mbtowc)
c:/st/stm32cubeide_1.3.0/stm32cubeide/plugins/com.st.stm32cube.ide.mcu.externaltools.gnu-tools-for-stm32.7-2018-q2-update.win32_1.0.0.201904181610/tools/bin/../lib/gcc/arm-none-eabi/7.3.1/../../../../arm-none-eabi/lib/thumb/v6-m\libc.a(lib_a-memcmp.o)
                              Thirdparty/Middleware/FreeRTOS/Source/tasks.o (memcmp)
c:/st/stm32cubeide_1.3.0/stm32cubeide/plugins/com.st.stm32cube.ide.mcu.externaltools.gnu-tools-for-stm32.7-2018-q2-update.win32_1.0.0.201904181610/tools/bin/../lib/gcc/arm-none-eabi/7.3.1/../../../../arm-none-eabi/lib/thumb/v6-m\libc.a(lib_a-memcpy-stub.o)
                              BOS/BOS.o (memcpy)
[...]
Memory Configuration

Name             Origin             Length             Attributes
RAM              0x0000000020000000 0x0000000000008000 xrw
FLASH            0x0000000008000000 0x0000000000040000 xr
*default*        0x0000000000000000 0xffffffffffffffff

Linker script and memory map

LOAD c:/st/stm32cubeide_1.3.0/stm32cubeide/plugins/com.st.stm32cube.ide.mcu.externaltools.gnu-tools-for-stm32.7-2018-q2-update.win32_1.0.0.201904181610/tools/bin/../lib/gcc/arm-none-eabi/7.3.1/thumb/v6-m/crti.o
LOAD c:/st/stm32cubeide_1.3.0/stm32cubeide/plugins/com.st.stm32cube.ide.mcu.externaltools.gnu-tools-for-stm32.7-2018-q2-update.win32_1.0.0.201904181610/tools/bin/../lib/gcc/arm-none-eabi/7.3.1/thumb/v6-m/crtbegin.o
LOAD c:/st/stm32cubeide_1.3.0/stm32cubeide/plugins/com.st.stm32cube.ide.mcu.externaltools.gnu-tools-for-stm32.7-2018-q2-update.win32_1.0.0.201904181610/tools/bin/../lib/gcc/arm-none-eabi/7.3.1/../../../../arm-none-eabi/lib/thumb/v6-m/crt0.o
LOAD BOS/BOS.o
LOAD BOS/BOS_CLI.o
LOAD BOS/BOS_dma.o
LOAD BOS/BOS_eeprom.o
LOAD BOS/BOS_freertos.o
LOAD H0FR6/H0FR6.o
LOAD H0FR6/H0FR6_dma.o
LOAD H0FR6/H0FR6_gpio.o
LOAD H0FR6/H0FR6_it.o
LOAD H0FR6/H0FR6_uart.o
LOAD H0FR6/gcc/startup_stm32f091xc.o
LOAD Thirdparty/CMSIS/Device/ST/STM32F0xx/Source/Templates/system_stm32f0xx.o
LOAD Thirdparty/Middleware/FreeRTOS/Source/CMSIS_RTOS/cmsis_os.o
LOAD Thirdparty/Middleware/FreeRTOS/Source/FreeRTOS_CLI.o
LOAD Thirdparty/Middleware/FreeRTOS/Source/croutine.o
LOAD Thirdparty/Middleware/FreeRTOS/Source/event_groups.o
LOAD Thirdparty/Middleware/FreeRTOS/Source/list.o
LOAD Thirdparty/Middleware/FreeRTOS/Source/queue.o
LOAD Thirdparty/Middleware/FreeRTOS/Source/tasks.o
LOAD Thirdparty/Middleware/FreeRTOS/Source/timers.o
LOAD Thirdparty/Middleware/FreeRTOS/Source/portable/GCC/ARM_CM0/port.o
LOAD Thirdparty/Middleware/FreeRTOS/Source/portable/MemMang/heap_4.o
LOAD Thirdparty/STM32F0xx_HAL_Driver/Src/stm32f0xx_hal.o
LOAD Thirdparty/STM32F0xx_HAL_Driver/Src/stm32f0xx_hal_adc.o
LOAD Thirdparty/STM32F0xx_HAL_Driver/Src/stm32f0xx_hal_adc_ex.o
LOAD Thirdparty/STM32F0xx_HAL_Driver/Src/stm32f0xx_hal_can.o
LOAD Thirdparty/STM32F0xx_HAL_Driver/Src/stm32f0xx_hal_cec.o
LOAD Thirdparty/STM32F0xx_HAL_Driver/Src/stm32f0xx_hal_comp.o
LOAD Thirdparty/STM32F0xx_HAL_Driver/Src/stm32f0xx_hal_cortex.o
LOAD Thirdparty/STM32F0xx_HAL_Driver/Src/stm32f0xx_hal_crc.o
LOAD Thirdparty/STM32F0xx_HAL_Driver/Src/stm32f0xx_hal_crc_ex.o
LOAD Thirdparty/STM32F0xx_HAL_Driver/Src/stm32f0xx_hal_dac.o
LOAD Thirdparty/STM32F0xx_HAL_Driver/Src/stm32f0xx_hal_dac_ex.o
LOAD Thirdparty/STM32F0xx_HAL_Driver/Src/stm32f0xx_hal_dma.o
LOAD Thirdparty/STM32F0xx_HAL_Driver/Src/stm32f0xx_hal_flash.o
LOAD Thirdparty/STM32F0xx_HAL_Driver/Src/stm32f0xx_hal_flash_ex.o
LOAD Thirdparty/STM32F0xx_HAL_Driver/Src/stm32f0xx_hal_gpio.o
LOAD Thirdparty/STM32F0xx_HAL_Driver/Src/stm32f0xx_hal_i2c.o
LOAD Thirdparty/STM32F0xx_HAL_Driver/Src/stm32f0xx_hal_i2c_ex.o
LOAD Thirdparty/STM32F0xx_HAL_Driver/Src/stm32f0xx_hal_i2s.o
LOAD Thirdparty/STM32F0xx_HAL_Driver/Src/stm32f0xx_hal_irda.o
LOAD Thirdparty/STM32F0xx_HAL_Driver/Src/stm32f0xx_hal_iwdg.o
LOAD Thirdparty/STM32F0xx_HAL_Driver/Src/stm32f0xx_hal_msp_template.o
LOAD Thirdparty/STM32F0xx_HAL_Driver/Src/stm32f0xx_hal_pcd.o
LOAD Thirdparty/STM32F0xx_HAL_Driver/Src/stm32f0xx_hal_pcd_ex.o
LOAD Thirdparty/STM32F0xx_HAL_Driver/Src/stm32f0xx_hal_pwr.o
LOAD Thirdparty/STM32F0xx_HAL_Driver/Src/stm32f0xx_hal_pwr_ex.o
LOAD Thirdparty/STM32F0xx_HAL_Driver/Src/stm32f0xx_hal_rcc.o
LOAD Thirdparty/STM32F0xx_HAL_Driver/Src/stm32f0xx_hal_rcc_ex.o
LOAD Thirdparty/STM32F0xx_HAL_Driver/Src/stm32f0xx_hal_rtc.o
LOAD Thirdparty/STM32F0xx_HAL_Driver/Src/stm32f0xx_hal_rtc_ex.o
LOAD Thirdparty/STM32F0xx_HAL_Driver/Src/stm32f0xx_hal_smartcard.o
LOAD Thirdparty/STM32F0xx_HAL_Driver/Src/stm32f0xx_hal_smartcard_ex.o
LOAD Thirdparty/STM32F0xx_HAL_Driver/Src/stm32f0xx_hal_smbus.o
LOAD Thirdparty/STM32F0xx_HAL_Driver/Src/stm32f0xx_hal_spi.o
LOAD Thirdparty/STM32F0xx_HAL_Driver/Src/stm32f0xx_hal_spi_ex.o
LOAD Thirdparty/STM32F0xx_HAL_Driver/Src/stm32f0xx_hal_tim.o
LOAD Thirdparty/STM32F0xx_HAL_Driver/Src/stm32f0xx_hal_tim_ex.o
LOAD Thirdparty/STM32F0xx_HAL_Driver/Src/stm32f0xx_hal_tsc.o
LOAD Thirdparty/STM32F0xx_HAL_Driver/Src/stm32f0xx_hal_uart.o
LOAD Thirdparty/STM32F0xx_HAL_Driver/Src/stm32f0xx_hal_uart_ex.o
LOAD Thirdparty/STM32F0xx_HAL_Driver/Src/stm32f0xx_hal_usart.o
LOAD Thirdparty/STM32F0xx_HAL_Driver/Src/stm32f0xx_hal_wwdg.o
LOAD User/main.o
START GROUP
LOAD c:/st/stm32cubeide_1.3.0/stm32cubeide/plugins/com.st.stm32cube.ide.mcu.externaltools.gnu-tools-for-stm32.7-2018-q2-update.win32_1.0.0.201904181610/tools/bin/../lib/gcc/arm-none-eabi/7.3.1/../../../../arm-none-eabi/lib/thumb/v6-m\libc.a
LOAD c:/st/stm32cubeide_1.3.0/stm32cubeide/plugins/com.st.stm32cube.ide.mcu.externaltools.gnu-tools-for-stm32.7-2018-q2-update.win32_1.0.0.201904181610/tools/bin/../lib/gcc/arm-none-eabi/7.3.1/../../../../arm-none-eabi/lib/thumb/v6-m\libm.a
END GROUP
START GROUP
LOAD c:/st/stm32cubeide_1.3.0/stm32cubeide/plugins/com.st.stm32cube.ide.mcu.externaltools.gnu-tools-for-stm32.7-2018-q2-update.win32_1.0.0.201904181610/tools/bin/../lib/gcc/arm-none-eabi/7.3.1/thumb/v6-m\libgcc.a
LOAD c:/st/stm32cubeide_1.3.0/stm32cubeide/plugins/com.st.stm32cube.ide.mcu.externaltools.gnu-tools-for-stm32.7-2018-q2-update.win32_1.0.0.201904181610/tools/bin/../lib/gcc/arm-none-eabi/7.3.1/../../../../arm-none-eabi/lib/thumb/v6-m\libc.a
END GROUP
START GROUP
LOAD c:/st/stm32cubeide_1.3.0/stm32cubeide/plugins/com.st.stm32cube.ide.mcu.externaltools.gnu-tools-for-stm32.7-2018-q2-update.win32_1.0.0.201904181610/tools/bin/../lib/gcc/arm-none-eabi/7.3.1/thumb/v6-m\libgcc.a
LOAD c:/st/stm32cubeide_1.3.0/stm32cubeide/plugins/com.st.stm32cube.ide.mcu.externaltools.gnu-tools-for-stm32.7-2018-q2-update.win32_1.0.0.201904181610/tools/bin/../lib/gcc/arm-none-eabi/7.3.1/../../../../arm-none-eabi/lib/thumb/v6-m\libc.a
LOAD c:/st/stm32cubeide_1.3.0/stm32cubeide/plugins/com.st.stm32cube.ide.mcu.externaltools.gnu-tools-for-stm32.7-2018-q2-update.win32_1.0.0.201904181610/tools/bin/../lib/gcc/arm-none-eabi/7.3.1/../../../../arm-none-eabi/lib/thumb/v6-m\libnosys.a
END GROUP
LOAD c:/st/stm32cubeide_1.3.0/stm32cubeide/plugins/com.st.stm32cube.ide.mcu.externaltools.gnu-tools-for-stm32.7-2018-q2-update.win32_1.0.0.201904181610/tools/bin/../lib/gcc/arm-none-eabi/7.3.1/thumb/v6-m/crtend.o
LOAD c:/st/stm32cubeide_1.3.0/stm32cubeide/plugins/com.st.stm32cube.ide.mcu.externaltools.gnu-tools-for-stm32.7-2018-q2-update.win32_1.0.0.201904181610/tools/bin/../lib/gcc/arm-none-eabi/7.3.1/thumb/v6-m/crtn.o
                0x0000000020008000                _estack = (ORIGIN (RAM) + LENGTH (RAM))
                0x0000000000000200                _Min_Heap_Size = 0x200
                0x0000000000000400                _Min_Stack_Size = 0x400

.isr_vector     0x0000000008000000       0xbc
                0x0000000008000000                . = ALIGN (0x4)
 *(.isr_vector)
 .isr_vector    0x0000000008000000       0xbc H0FR6/gcc/startup_stm32f091xc.o
                0x0000000008000000                g_pfnVectors
                0x00000000080000bc                . = ALIGN (0x4)

.text           0x00000000080000bc    0x17534
                0x00000000080000bc                . = ALIGN (0x4)
 *(.text)
 .text          0x00000000080000bc       0x48 c:/st/stm32cubeide_1.3.0/stm32cubeide/plugins/com.st.stm32cube.ide.mcu.externaltools.gnu-tools-for-stm32.7-2018-q2-update.win32_1.0.0.201904181610/tools/bin/../lib/gcc/arm-none-eabi/7.3.1/thumb/v6-m/crtbegin.o
 .text          0x0000000008000104       0x14 c:/st/stm32cubeide_1.3.0/stm32cubeide/plugins/com.st.stm32cube.ide.mcu.externaltools.gnu-tools-for-stm32.7-2018-q2-update.win32_1.0.0.201904181610/tools/bin/../lib/gcc/arm-none-eabi/7.3.1/../../../../arm-none-eabi/lib/thumb/v6-m\libc.a(lib_a-strcmp.o)
                0x0000000008000104                strcmp
 .text          0x0000000008000118        0xe c:/st/stm32cubeide_1.3.0/stm32cubeide/plugins/com.st.stm32cube.ide.mcu.externaltools.gnu-tools-for-stm32.7-2018-q2-update.win32_1.0.0.201904181610/tools/bin/../lib/gcc/arm-none-eabi/7.3.1/../../../../arm-none-eabi/lib/thumb/v6-m\libc.a(lib_a-strlen.o)
                0x0000000008000118                strlen
 *fill*         0x0000000008000126        0x2 
 .text          0x0000000008000128       0x14 c:/st/stm32cubeide_1.3.0/stm32cubeide/plugins/com.st.stm32cube.ide.mcu.externaltools.gnu-tools-for-stm32.7-2018-q2-update.win32_1.0.0.201904181610/tools/bin/../lib/gcc/arm-none-eabi/7.3.1/thumb/v6-m\libgcc.a(_thumb1_case_uqi.o)
                0x0000000008000128                __gnu_thumb1_case_uqi
 .text          0x000000000800013c       0x14 c:/st/stm32cubeide_1.3.0/stm32cubeide/plugins/com.st.stm32cube.ide.mcu.externaltools.gnu-tools-for-stm32.7-2018-q2-update.win32_1.0.0.201904181610/tools/bin/../lib/gcc/arm-none-eabi/7.3.1/thumb/v6-m\libgcc.a(_thumb1_case_shi.o)
                0x000000000800013c                __gnu_thumb1_case_shi
 .text          0x0000000008000150      0x114 c:/st/stm32cubeide_1.3.0/stm32cubeide/plugins/com.st.stm32cube.ide.mcu.externaltools.gnu-tools-for-stm32.7-2018-q2-update.win32_1.0.0.201904181610/tools/bin/../lib/gcc/arm-none-eabi/7.3.1/thumb/v6-m\libgcc.a(_udivsi3.o)
                0x0000000008000150                __aeabi_uidiv
                0x0000000008000150                __udivsi3
                0x000000000800025c                __aeabi_uidivmod
 .text          0x0000000008000264      0x1d4 c:/st/stm32cubeide_1.3.0/stm32cubeide/plugins/com.st.stm32cube.ide.mcu.externaltools.gnu-tools-for-stm32.7-2018-q2-update.win32_1.0.0.201904181610/tools/bin/../lib/gcc/arm-none-eabi/7.3.1/thumb/v6-m\libgcc.a(_divsi3.o)
                0x0000000008000264                __divsi3
                0x0000000008000264                __aeabi_idiv
                0x0000000008000430                __aeabi_idivmod
 .text          0x0000000008000438        0x4 c:/st/stm32cubeide_1.3.0/stm32cubeide/plugins/com.st.stm32cube.ide.mcu.externaltools.gnu-tools-for-stm32.7-2018-q2-update.win32_1.0.0.201904181610/tools/bin/../lib/gcc/arm-none-eabi/7.3.1/thumb/v6-m\libgcc.a(_dvmd_tls.o)
                0x0000000008000438                __aeabi_idiv0
                0x0000000008000438                __aeabi_ldiv0
 .text          0x000000000800043c       0x7c c:/st/stm32cubeide_1.3.0/stm32cubeide/plugins/com.st.stm32cube.ide.mcu.externaltools.gnu-tools-for-stm32.7-2018-q2-update.win32_1.0.0.201904181610/tools/bin/../lib/gcc/arm-none-eabi/7.3.1/thumb/v6-m\libgcc.a(_arm_cmpdf2.o)
                0x000000000800043c                __aeabi_cdrcmple
                0x000000000800044c                __aeabi_cdcmple
                0x000000000800044c                __aeabi_cdcmpeq
                0x000000000800045c                __aeabi_dcmpeq
                0x0000000008000468                __aeabi_dcmplt
                0x000000000800047c                __aeabi_dcmple
                0x0000000008000490                __aeabi_dcmpgt
                0x00000000080004a4                __aeabi_dcmpge
 .text          0x00000000080004b8       0x74 c:/st/stm32cubeide_1.3.0/stm32cubeide/plugins/com.st.stm32cube.ide.mcu.externaltools.gnu-tools-for-stm32.7-2018-q2-update.win32_1.0.0.201904181610/tools/bin/../lib/gcc/arm-none-eabi/7.3.1/thumb/v6-m\libgcc.a(_arm_cmpsf2.o)
                0x00000000080004b8                __aeabi_cfrcmple
                0x00000000080004c0                __aeabi_cfcmpeq
                0x00000000080004c0                __aeabi_cfcmple
                0x00000000080004d0                __aeabi_fcmpeq
                0x00000000080004dc                __aeabi_fcmplt
                0x00000000080004f0                __aeabi_fcmple
                0x0000000008000504                __aeabi_fcmpgt
                0x0000000008000518                __aeabi_fcmpge
 .text          0x000000000800052c       0x40 c:/st/stm32cubeide_1.3.0/stm32cubeide/plugins/com.st.stm32cube.ide.mcu.externaltools.gnu-tools-for-stm32.7-2018-q2-update.win32_1.0.0.201904181610/tools/bin/../lib/gcc/arm-none-eabi/7.3.1/thumb/v6-m\libgcc.a(_aeabi_uldivmod.o)
                0x000000000800052c                __aeabi_uldivmod
 .text          0x000000000800056c       0x54 c:/st/stm32cubeide_1.3.0/stm32cubeide/plugins/com.st.stm32cube.ide.mcu.externaltools.gnu-tools-for-stm32.7-2018-q2-update.win32_1.0.0.201904181610/tools/bin/../lib/gcc/arm-none-eabi/7.3.1/thumb/v6-m\libgcc.a(_muldi3.o)
                0x000000000800056c                __muldi3
                0x000000000800056c                __aeabi_lmul
 .text          0x00000000080005c0       0x30 c:/st/stm32cubeide_1.3.0/stm32cubeide/plugins/com.st.stm32cube.ide.mcu.externaltools.gnu-tools-for-stm32.7-2018-q2-update.win32_1.0.0.201904181610/tools/bin/../lib/gcc/arm-none-eabi/7.3.1/thumb/v6-m\libgcc.a(_fixunssfsi.o)
                0x00000000080005c0                __fixunssfsi
                0x00000000080005c0                __aeabi_f2uiz
 .text          0x00000000080005f0       0x3c c:/st/stm32cubeide_1.3.0/stm32cubeide/plugins/com.st.stm32cube.ide.mcu.externaltools.gnu-tools-for-stm32.7-2018-q2-update.win32_1.0.0.201904181610/tools/bin/../lib/gcc/arm-none-eabi/7.3.1/thumb/v6-m\libgcc.a(_fixunsdfsi.o)
                0x00000000080005f0                __aeabi_d2uiz
                0x00000000080005f0                __fixunsdfsi
 .text          0x000000000800062c       0x48 c:/st/stm32cubeide_1.3.0/stm32cubeide/plugins/com.st.stm32cube.ide.mcu.externaltools.gnu-tools-for-stm32.7-2018-q2-update.win32_1.0.0.201904181610/tools/bin/../lib/gcc/arm-none-eabi/7.3.1/thumb/v6-m\libgcc.a(_floatundisf.o)
                0x000000000800062c                __aeabi_ul2f
                0x000000000800062c                __floatundisf
 .text          0x0000000008000674      0x184 c:/st/stm32cubeide_1.3.0/stm32cubeide/plugins/com.st.stm32cube.ide.mcu.externaltools.gnu-tools-for-stm32.7-2018-q2-update.win32_1.0.0.201904181610/tools/bin/../lib/gcc/arm-none-eabi/7.3.1/thumb/v6-m\libgcc.a(_udivmoddi4.o)
                0x0000000008000674                __udivmoddi4
 .text          0x00000000080007f8      0x224 c:/st/stm32cubeide_1.3.0/stm32cubeide/plugins/com.st.stm32cube.ide.mcu.externaltools.gnu-tools-for-stm32.7-2018-q2-update.win32_1.0.0.201904181610/tools/bin/../lib/gcc/arm-none-eabi/7.3.1/thumb/v6-m\libgcc.a(divsf3.o)
                0x00000000080007f8                __aeabi_fdiv
 .text          0x0000000008000a1c       0x50 c:/st/stm32cubeide_1.3.0/stm32cubeide/plugins/com.st.stm32cube.ide.mcu.externaltools.gnu-tools-for-stm32.7-2018-q2-update.win32_1.0.0.201904181610/tools/bin/../lib/gcc/arm-none-eabi/7.3.1/thumb/v6-m\libgcc.a(eqsf2.o)
                0x0000000008000a1c                __eqsf2
                0x0000000008000a1c                __nesf2
 .text          0x0000000008000a6c       0x9c c:/st/stm32cubeide_1.3.0/stm32cubeide/plugins/com.st.stm32cube.ide.mcu.externaltools.gnu-tools-for-stm32.7-2018-q2-update.win32_1.0.0.201904181610/tools/bin/../lib/gcc/arm-none-eabi/7.3.1/thumb/v6-m\libgcc.a(gesf2.o)
                0x0000000008000a6c                __gesf2
                0x0000000008000a6c                __gtsf2
 .text          0x0000000008000b08       0xa0 c:/st/stm32cubeide_1.3.0/stm32cubeide/plugins/com.st.stm32cube.ide.mcu.externaltools.gnu-tools-for-stm32.7-2018-q2-update.win32_1.0.0.201904181610/tools/bin/../lib/gcc/arm-none-eabi/7.3.1/thumb/v6-m\libgcc.a(lesf2.o)
                0x0000000008000b08                __ltsf2
                0x0000000008000b08                __lesf2
 .text          0x0000000008000ba8      0x264 c:/st/stm32cubeide_1.3.0/stm32cubeide/plugins/com.st.stm32cube.ide.mcu.externaltools.gnu-tools-for-stm32.7-2018-q2-update.win32_1.0.0.201904181610/tools/bin/../lib/gcc/arm-none-eabi/7.3.1/thumb/v6-m\libgcc.a(mulsf3.o)
                0x0000000008000ba8                __aeabi_fmul
 .text          0x0000000008000e0c      0x388 c:/st/stm32cubeide_1.3.0/stm32cubeide/plugins/com.st.stm32cube.ide.mcu.externaltools.gnu-tools-for-stm32.7-2018-q2-update.win32_1.0.0.201904181610/tools/bin/../lib/gcc/arm-none-eabi/7.3.1/thumb/v6-m\libgcc.a(subsf3.o)
                0x0000000008000e0c                __aeabi_fsub
 .text          0x0000000008001194       0x40 c:/st/stm32cubeide_1.3.0/stm32cubeide/plugins/com.st.stm32cube.ide.mcu.externaltools.gnu-tools-for-stm32.7-2018-q2-update.win32_1.0.0.201904181610/tools/bin/../lib/gcc/arm-none-eabi/7.3.1/thumb/v6-m\libgcc.a(fixsfsi.o)
                0x0000000008001194                __aeabi_f2iz
 .text          0x00000000080011d4       0x80 c:/st/stm32cubeide_1.3.0/stm32cubeide/plugins/com.st.stm32cube.ide.mcu.externaltools.gnu-tools-for-stm32.7-2018-q2-update.win32_1.0.0.201904181610/tools/bin/../lib/gcc/arm-none-eabi/7.3.1/thumb/v6-m\libgcc.a(floatunsisf.o)
                0x00000000080011d4                __aeabi_ui2f
 .text          0x0000000008001254      0x638 c:/st/stm32cubeide_1.3.0/stm32cubeide/plugins/com.st.stm32cube.ide.mcu.externaltools.gnu-tools-for-stm32.7-2018-q2-update.win32_1.0.0.201904181610/tools/bin/../lib/gcc/arm-none-eabi/7.3.1/thumb/v6-m\libgcc.a(adddf3.o)
                0x0000000008001254                __aeabi_dadd
 .text          0x000000000800188c      0x604 c:/st/stm32cubeide_1.3.0/stm32cubeide/plugins/com.st.stm32cube.ide.mcu.externaltools.gnu-tools-for-stm32.7-2018-q2-update.win32_1.0.0.201904181610/tools/bin/../lib/gcc/arm-none-eabi/7.3.1/thumb/v6-m\libgcc.a(divdf3.o)
                0x000000000800188c                __aeabi_ddiv
 .text          0x0000000008001e90       0x78 c:/st/stm32cubeide_1.3.0/stm32cubeide/plugins/com.st.stm32cube.ide.mcu.externaltools.gnu-tools-for-stm32.7-2018-q2-update.win32_1.0.0.201904181610/tools/bin/../lib/gcc/arm-none-eabi/7.3.1/thumb/v6-m\libgcc.a(eqdf2.o)
                0x0000000008001e90                __nedf2
                0x0000000008001e90                __eqdf2
 .text          0x0000000008001f08       0xc8 c:/st/stm32cubeide_1.3.0/stm32cubeide/plugins/com.st.stm32cube.ide.mcu.externaltools.gnu-tools-for-stm32.7-2018-q2-update.win32_1.0.0.201904181610/tools/bin/../lib/gcc/arm-none-eabi/7.3.1/thumb/v6-m\libgcc.a(gedf2.o)
                0x0000000008001f08                __gedf2
                0x0000000008001f08                __gtdf2
 .text          0x0000000008001fd0       0xd0 c:/st/stm32cubeide_1.3.0/stm32cubeide/plugins/com.st.stm32cube.ide.mcu.externaltools.gnu-tools-for-stm32.7-2018-q2-update.win32_1.0.0.201904181610/tools/bin/../lib/gcc/arm-none-eabi/7.3.1/thumb/v6-m\libgcc.a(ledf2.o)
                0x0000000008001fd0                __ledf2
                0x0000000008001fd0                __ltdf2
 .text          0x00000000080020a0      0x4e4 c:/st/stm32cubeide_1.3.0/stm32cubeide/plugins/com.st.stm32cube.ide.mcu.externaltools.gnu-tools-for-stm32.7-2018-q2-update.win32_1.0.0.201904181610/tools/bin/../lib/gcc/arm-none-eabi/7.3.1/thumb/v6-m\libgcc.a(muldf3.o)
                0x00000000080020a0                __aeabi_dmul
 .text          0x0000000008002584      0x690 c:/st/stm32cubeide_1.3.0/stm32cubeide/plugins/com.st.stm32cube.ide.mcu.externaltools.gnu-tools-for-stm32.7-2018-q2-update.win32_1.0.0.201904181610/tools/bin/../lib/gcc/arm-none-eabi/7.3.1/thumb/v6-m\libgcc.a(subdf3.o)
                0x0000000008002584                __aeabi_dsub
 .text          0x0000000008002c14       0x38 c:/st/stm32cubeide_1.3.0/stm32cubeide/plugins/com.st.stm32cube.ide.mcu.externaltools.gnu-tools-for-stm32.7-2018-q2-update.win32_1.0.0.201904181610/tools/bin/../lib/gcc/arm-none-eabi/7.3.1/thumb/v6-m\libgcc.a(unorddf2.o)
                0x0000000008002c14                __aeabi_dcmpun
 .text          0x0000000008002c4c       0x6c c:/st/stm32cubeide_1.3.0/stm32cubeide/plugins/com.st.stm32cube.ide.mcu.externaltools.gnu-tools-for-stm32.7-2018-q2-update.win32_1.0.0.201904181610/tools/bin/../lib/gcc/arm-none-eabi/7.3.1/thumb/v6-m\libgcc.a(fixdfsi.o)
                0x0000000008002c4c                __aeabi_d2iz
 .text          0x0000000008002cb8       0x74 c:/st/stm32cubeide_1.3.0/stm32cubeide/plugins/com.st.stm32cube.ide.mcu.externaltools.gnu-tools-for-stm32.7-2018-q2-update.win32_1.0.0.201904181610/tools/bin/../lib/gcc/arm-none-eabi/7.3.1/thumb/v6-m\libgcc.a(floatsidf.o)
                0x0000000008002cb8                __aeabi_i2d
 .text          0x0000000008002d2c       0x64 c:/st/stm32cubeide_1.3.0/stm32cubeide/plugins/com.st.stm32cube.ide.mcu.externaltools.gnu-tools-for-stm32.7-2018-q2-update.win32_1.0.0.201904181610/tools/bin/../lib/gcc/arm-none-eabi/7.3.1/thumb/v6-m\libgcc.a(floatunsidf.o)
                0x0000000008002d2c                __aeabi_ui2d
 .text          0x0000000008002d90       0xa4 c:/st/stm32cubeide_1.3.0/stm32cubeide/plugins/com.st.stm32cube.ide.mcu.externaltools.gnu-tools-for-stm32.7-2018-q2-update.win32_1.0.0.201904181610/tools/bin/../lib/gcc/arm-none-eabi/7.3.1/thumb/v6-m\libgcc.a(extendsfdf2.o)
                0x0000000008002d90                __aeabi_f2d
 .text          0x0000000008002e34      0x108 c:/st/stm32cubeide_1.3.0/stm32cubeide/plugins/com.st.stm32cube.ide.mcu.externaltools.gnu-tools-for-stm32.7-2018-q2-update.win32_1.0.0.201904181610/tools/bin/../lib/gcc/arm-none-eabi/7.3.1/thumb/v6-m\libgcc.a(truncdfsf2.o)
                0x0000000008002e34                __aeabi_d2f
 .text          0x0000000008002f3c       0x3c c:/st/stm32cubeide_1.3.0/stm32cubeide/plugins/com.st.stm32cube.ide.mcu.externaltools.gnu-tools-for-stm32.7-2018-q2-update.win32_1.0.0.201904181610/tools/bin/../lib/gcc/arm-none-eabi/7.3.1/thumb/v6-m\libgcc.a(_clzsi2.o)
                0x0000000008002f3c                __clzsi2
 .text          0x0000000008002f78       0x18 c:/st/stm32cubeide_1.3.0/stm32cubeide/plugins/com.st.stm32cube.ide.mcu.externaltools.gnu-tools-for-stm32.7-2018-q2-update.win32_1.0.0.201904181610/tools/bin/../lib/gcc/arm-none-eabi/7.3.1/thumb/v6-m\libgcc.a(_clzdi2.o)
                0x0000000008002f78                __clzdi2
 *(.text*)
 .text.NVIC_SystemReset
                0x0000000008002f90       0x1c BOS/BOS.o
 .text.exploreCommand
                0x0000000008002fac        0x4 BOS/BOS.o
 .text.resetCommand
                0x0000000008002fb0        0xe BOS/BOS.o
 *fill*         0x0000000008002fbe        0x2 
 .text.setBaudrateCommand
                0x0000000008002fc0       0x80 BOS/BOS.o
 .text.flashsizeCommand
                0x0000000008003040       0x20 BOS/BOS.o
 .text.pingCommand
                0x0000000008003060       0x6c BOS/BOS.o
 .text.StreamTimerCallback
                0x00000000080030cc       0x16 BOS/BOS.o
                0x00000000080030cc                StreamTimerCallback
 *fill*         0x00000000080030e2        0x2 
 .text.snipCommand
                0x00000000080030e4      0x244 BOS/BOS.o
 .text.idcodeCommand
                0x0000000008003328       0xa8 BOS/BOS.o
 .text.uuidCommand
                0x00000000080033d0       0x6c BOS/BOS.o
 .text.getCommand
                0x000000000800343c      0x258 BOS/BOS.o
 .text.prvRunTimeStatsCommand
                0x0000000008003694       0x24 BOS/BOS.o
 .text.prvTaskStatsCommand
                0x00000000080036b8       0x24 BOS/BOS.o
 .text.TIM_USEC_Init
                0x00000000080036dc       0x64 BOS/BOS.o
                0x00000000080036dc                TIM_USEC_Init
 .text.TIM_MSEC_Init
                0x0000000008003740       0x60 BOS/BOS.o
                0x0000000008003740                TIM_MSEC_Init
 .text.minArr   0x00000000080037a0       0x3c BOS/BOS.o
                0x00000000080037a0                minArr
 .text.QnotEmpty
                0x00000000080037dc       0x24 BOS/BOS.o
                0x00000000080037dc                QnotEmpty
 .text.NotifyMessagingTask
                0x0000000008003800       0x78 BOS/BOS.o
                0x0000000008003800                NotifyMessagingTask
 .text.SaveToRO
                0x0000000008003878      0x210 BOS/BOS.o
                0x0000000008003878                SaveToRO
 .text.delSnipCommand
                0x0000000008003a88       0xd8 BOS/BOS.o
 .text.pauseSnipCommand
                0x0000000008003b60       0x70 BOS/BOS.o
 .text.actSnipCommand
                0x0000000008003bd0       0x70 BOS/BOS.o
 .text.ClearROtopology
                0x0000000008003c40       0x30 BOS/BOS.o
                0x0000000008003c40                ClearROtopology
 .text.LoadROsnippets
                0x0000000008003c70      0x10c BOS/BOS.o
                0x0000000008003c70                LoadROsnippets
 .text.LoadROtopology
                0x0000000008003d7c       0x88 BOS/BOS.o
                0x0000000008003d7c                LoadROtopology
 .text.SaveEEportsDir
                0x0000000008003e04       0x54 BOS/BOS.o
                0x0000000008003e04                SaveEEportsDir
 .text.ClearEEportsDir
                0x0000000008003e58       0x60 BOS/BOS.o
                0x0000000008003e58                ClearEEportsDir
 .text.LoadEEportsDir
                0x0000000008003eb8       0x48 BOS/BOS.o
                0x0000000008003eb8                LoadEEportsDir
 .text.SaveEEalias
                0x0000000008003f00       0x84 BOS/BOS.o
                0x0000000008003f00                SaveEEalias
 .text.LoadEEalias
                0x0000000008003f84       0x84 BOS/BOS.o
                0x0000000008003f84                LoadEEalias
 .text.LoadEEgroup
                0x0000000008004008       0xa8 BOS/BOS.o
                0x0000000008004008                LoadEEgroup
 .text.SaveEEstreams
                0x00000000080040b0       0x8c BOS/BOS.o
                0x00000000080040b0                SaveEEstreams
 .text.LoadEEparams
                0x000000000800413c      0x150 BOS/BOS.o
                0x000000000800413c                LoadEEparams
 .text.SaveEEparams
                0x000000000800428c       0x70 BOS/BOS.o
                0x000000000800428c                SaveEEparams
 .text.EE_FormatForFactoryReset
                0x00000000080042fc       0x24 BOS/BOS.o
                0x00000000080042fc                EE_FormatForFactoryReset
 .text.CheckForTimedButtonPress
                0x0000000008004320       0x7c BOS/BOS.o
                0x0000000008004320                CheckForTimedButtonPress
 .text.CheckForTimedButtonRelease
                0x000000000800439c       0x7c BOS/BOS.o
                0x000000000800439c                CheckForTimedButtonRelease
 .text.buttonPressedCallback
                0x0000000008004418        0x2 BOS/BOS.o
                0x0000000008004418                buttonPressedCallback
 .text.buttonReleasedCallback
                0x000000000800441a        0x2 BOS/BOS.o
                0x000000000800441a                buttonReleasedCallback
 .text.buttonClickedCallback
                0x000000000800441c        0x2 BOS/BOS.o
                0x000000000800441c                buttonClickedCallback
 .text.buttonDblClickedCallback
                0x000000000800441e        0x2 BOS/BOS.o
                0x000000000800441e                buttonDblClickedCallback
 .text.buttonPressedForXCallback
                0x0000000008004420        0x2 BOS/BOS.o
                0x0000000008004420                buttonPressedForXCallback
 .text.buttonReleasedForYCallback
                0x0000000008004422        0x2 BOS/BOS.o
                0x0000000008004422                buttonReleasedForYCallback
 .text.User_MessagingParser
                0x0000000008004424        0x4 BOS/BOS.o
                0x0000000008004424                User_MessagingParser
 .text.RegisterUserCLICommands
                0x0000000008004428        0x2 BOS/BOS.o
                0x0000000008004428                RegisterUserCLICommands
 *fill*         0x000000000800442a        0x2 
 .text.RTC_CalendarConfig
                0x000000000800442c       0xf4 BOS/BOS.o
                0x000000000800442c                RTC_CalendarConfig
 .text.RTC_Init
                0x0000000008004520       0x8c BOS/BOS.o
                0x0000000008004520                RTC_Init
 .text.IsModuleParameter
                0x00000000080045ac       0x18 BOS/BOS.o
                0x00000000080045ac                IsModuleParameter
 .text.IsMathOperator
                0x00000000080045c4       0x8c BOS/BOS.o
                0x00000000080045c4                IsMathOperator
 .text.SystemClock_Config
                0x0000000008004650       0xb0 BOS/BOS.o
                0x0000000008004650                SystemClock_Config
 .text.vRegisterCLICommands
                0x0000000008004700      0x138 BOS/BOS.o
                0x0000000008004700                vRegisterCLICommands
 .text.GetUart  0x0000000008004838       0x3c BOS/BOS.o
                0x0000000008004838                GetUart
 .text.SetupDMAStreams
                0x0000000008004874      0x1b0 BOS/BOS.o
                0x0000000008004874                SetupDMAStreams
 .text.LoadEEstreams
                0x0000000008004a24      0x14c BOS/BOS.o
                0x0000000008004a24                LoadEEstreams
 .text.GetPortGPIOs
                0x0000000008004b70       0xb8 BOS/BOS.o
                0x0000000008004b70                GetPortGPIOs
 .text.SetupPortForRemoteBootloaderUpdate
                0x0000000008004c28       0x2a BOS/BOS.o
                0x0000000008004c28                SetupPortForRemoteBootloaderUpdate
 *fill*         0x0000000008004c52        0x2 
 .text.testportCommand
                0x0000000008004c54      0x1c4 BOS/BOS.o
 .text.FindBroadcastRoutes
                0x0000000008004e18      0x144 BOS/BOS.o
                0x0000000008004e18                FindBroadcastRoutes
 .text.SendMessageFromPort
                0x0000000008004f5c      0x374 BOS/BOS.o
                0x0000000008004f5c                SendMessageFromPort
 .text.BroadcastReceivedMessage
                0x00000000080052d0       0x40 BOS/BOS.o
                0x00000000080052d0                BroadcastReceivedMessage
 .text.BroadcastMessage
                0x0000000008005310       0x50 BOS/BOS.o
                0x0000000008005310                BroadcastMessage
 .text.ExploreNeighbors
                0x0000000008005360       0x48 BOS/BOS.o
                0x0000000008005360                ExploreNeighbors
 .text.StartMicroDelay
                0x00000000080053a8       0x24 BOS/BOS.o
                0x00000000080053a8                StartMicroDelay
 .text.CheckAttachedButtons
                0x00000000080053cc      0x444 BOS/BOS.o
                0x00000000080053cc                CheckAttachedButtons
 .text.StartMilliDelay
                0x0000000008005810       0x24 BOS/BOS.o
                0x0000000008005810                StartMilliDelay
 .text.IsFactoryReset
                0x0000000008005834       0xf4 BOS/BOS.o
                0x0000000008005834                IsFactoryReset
 .text.IsLowerCLIbaud
                0x0000000008005928       0x9c BOS/BOS.o
                0x0000000008005928                IsLowerCLIbaud
 .text.SwapUartPins
                0x00000000080059c4       0x70 BOS/BOS.o
                0x00000000080059c4                SwapUartPins
 .text.FindRoute
                0x0000000008005a34      0x1a0 BOS/BOS.o
                0x0000000008005a34                FindRoute
 .text.ForwardReceivedMessage
                0x0000000008005bd4       0x40 BOS/BOS.o
                0x0000000008005bd4                ForwardReceivedMessage
 .text.SendMessageToModule
                0x0000000008005c14       0x4c BOS/BOS.o
                0x0000000008005c14                SendMessageToModule
 .text.defaultCommand
                0x0000000008005c60       0xbc BOS/BOS.o
 .text.DisplayTopology
                0x0000000008005d1c      0x1a0 BOS/BOS.o
                0x0000000008005d1c                DisplayTopology
 .text.DisplayPortsDir
                0x0000000008005ebc       0xe8 BOS/BOS.o
                0x0000000008005ebc                DisplayPortsDir
 .text.DisplayModuleStatus
                0x0000000008005fa4      0x2c0 BOS/BOS.o
                0x0000000008005fa4                DisplayModuleStatus
 .text.statusCommand
                0x0000000008006264       0x14 BOS/BOS.o
 .text.GetID    0x0000000008006278       0xc8 BOS/BOS.o
                0x0000000008006278                GetID
 .text.NameModule
                0x0000000008006340       0xd0 BOS/BOS.o
                0x0000000008006340                NameModule
 .text.nameCommand
                0x0000000008006410       0x9c BOS/BOS.o
 .text.AddModuleToGroup
                0x00000000080064ac      0x110 BOS/BOS.o
                0x00000000080064ac                AddModuleToGroup
 .text.groupCommand
                0x00000000080065bc      0x1b4 BOS/BOS.o
 .text.ReadPortsDir
                0x0000000008006770       0xb4 BOS/BOS.o
                0x0000000008006770                ReadPortsDir
 .text.infoCommand
                0x0000000008006824       0xbc BOS/BOS.o
 .text.UpdateMyPortsDir
                0x00000000080068e0       0x5c BOS/BOS.o
                0x00000000080068e0                UpdateMyPortsDir
 .text.StartScastDMAStream
                0x000000000800693c      0x19c BOS/BOS.o
                0x000000000800693c                StartScastDMAStream
 .text.remoteBootloaderUpdate
                0x0000000008006ad8      0x104 BOS/BOS.o
                0x0000000008006ad8                remoteBootloaderUpdate
 .text.bootloaderUpdateCommand
                0x0000000008006bdc      0x16c BOS/BOS.o
 .text.PxMessagingTask
                0x0000000008006d48     0x1604 BOS/BOS.o
                0x0000000008006d48                PxMessagingTask
 .text.scastCommand
                0x000000000800834c      0x17c BOS/BOS.o
 .text.AddPortButton
                0x00000000080084c8      0x124 BOS/BOS.o
                0x00000000080084c8                AddPortButton
 .text.addbuttonCommand
                0x00000000080085ec       0xc8 BOS/BOS.o
 .text.RemovePortButton
                0x00000000080086b4      0x10c BOS/BOS.o
                0x00000000080086b4                RemovePortButton
 .text.removebuttonCommand
                0x00000000080087c0       0x54 BOS/BOS.o
 .text.SetButtonEvents
                0x0000000008008814      0x2b4 BOS/BOS.o
                0x0000000008008814                SetButtonEvents
 .text.LoadEEbuttons
                0x0000000008008ac8       0xec BOS/BOS.o
                0x0000000008008ac8                LoadEEbuttons
 .text.LoadEEvars
                0x0000000008008bb4       0x24 BOS/BOS.o
                0x0000000008008bb4                LoadEEvars
 .text.BOS_CalendarConfig
                0x0000000008008bd8       0xb4 BOS/BOS.o
                0x0000000008008bd8                BOS_CalendarConfig
 .text.GetTimeDate
                0x0000000008008c8c       0x68 BOS/BOS.o
                0x0000000008008c8c                GetTimeDate
 .text.BOS_Init
                0x0000000008008cf4      0x12c BOS/BOS.o
                0x0000000008008cf4                BOS_Init
 .text.timeCommand
                0x0000000008008e20       0x94 BOS/BOS.o
 .text.setCommand
                0x0000000008008eb4      0x800 BOS/BOS.o
 .text.GetDateString
                0x00000000080096b4       0x44 BOS/BOS.o
                0x00000000080096b4                GetDateString
 .text.dateCommand
                0x00000000080096f8       0x24 BOS/BOS.o
 .text.Bridge   0x000000000800971c       0x28 BOS/BOS.o
                0x000000000800971c                Bridge
 .text.bridgeCommand
                0x0000000008009744       0xb4 BOS/BOS.o
 .text.Unbridge
                0x00000000080097f8       0x7c BOS/BOS.o
                0x00000000080097f8                Unbridge
 .text.unbridgeCommand
                0x0000000008009874       0xb4 BOS/BOS.o
 .text.StringToLowerCase
                0x0000000008009928       0x2e BOS/BOS_CLI.o
                0x0000000008009928                StringToLowerCase
 *fill*         0x0000000008009956        0x2 
 .text.ParseSnippetCondition
                0x0000000008009958      0x458 BOS/BOS_CLI.o
                0x0000000008009958                ParseSnippetCondition
 .text.AddSnippet
                0x0000000008009db0       0xf4 BOS/BOS_CLI.o
                0x0000000008009db0                AddSnippet
 .text.CLI_CommandParser
                0x0000000008009ea4      0x424 BOS/BOS_CLI.o
                0x0000000008009ea4                CLI_CommandParser
 .text.prvCLITask
                0x000000000800a2c8      0x1e4 BOS/BOS_CLI.o
                0x000000000800a2c8                prvCLITask
 .text.ParseSnippetCommand
                0x000000000800a4ac       0x84 BOS/BOS_CLI.o
                0x000000000800a4ac                ParseSnippetCommand
 .text.CheckSnippetCondition
                0x000000000800a530      0x11c BOS/BOS_CLI.o
                0x000000000800a530                CheckSnippetCondition
 .text.ExecuteSnippet
                0x000000000800a64c       0x90 BOS/BOS_CLI.o
                0x000000000800a64c                ExecuteSnippet
 .text.StopMsgDMA
                0x000000000800a6dc       0x24 BOS/BOS_dma.o
                0x000000000800a6dc                StopMsgDMA
 .text.StopStreamDMA
                0x000000000800a700       0x34 BOS/BOS_dma.o
                0x000000000800a700                StopStreamDMA
 .text.SwitchMsgDMAToStream
                0x000000000800a734       0x28 BOS/BOS_dma.o
                0x000000000800a734                SwitchMsgDMAToStream
 .text.SwitchStreamDMAToMsg
                0x000000000800a75c       0x64 BOS/BOS_dma.o
                0x000000000800a75c                SwitchStreamDMAToMsg
 .text.StartDMAstream
                0x000000000800a7c0       0x50 BOS/BOS_dma.o
                0x000000000800a7c0                StartDMAstream
 .text.DMA_IRQHandler
                0x000000000800a810       0x64 BOS/BOS_dma.o
                0x000000000800a810                DMA_IRQHandler
 .text.ResetUartORE
                0x000000000800a874       0x38 BOS/BOS_dma.o
                0x000000000800a874                ResetUartORE
 .text.EE_VerifyPageFullWriteVariable
                0x000000000800a8ac       0xd8 BOS/BOS_eeprom.o
 .text.EE_ReadVariable
                0x000000000800a984       0x60 BOS/BOS_eeprom.o
                0x000000000800a984                EE_ReadVariable
 .text.EE_WriteVariable
                0x000000000800a9e4      0x150 BOS/BOS_eeprom.o
                0x000000000800a9e4                EE_WriteVariable
 .text.EE_Format
                0x000000000800ab34       0xc8 BOS/BOS_eeprom.o
                0x000000000800ab34                EE_Format
 .text.EE_Init  0x000000000800abfc      0x394 BOS/BOS_eeprom.o
                0x000000000800abfc                EE_Init
 .text.StartDefaultTask
                0x000000000800af90       0xbc BOS/BOS_freertos.o
                0x000000000800af90                StartDefaultTask
 .text.BackEndTask
                0x000000000800b04c      0x3c0 BOS/BOS_freertos.o
                0x000000000800b04c                BackEndTask
 .text.MX_FREERTOS_Init
                0x000000000800b40c      0x1c0 BOS/BOS_freertos.o
                0x000000000800b40c                MX_FREERTOS_Init
 .text.vMainConfigureTimerForRunTimeStats
                0x000000000800b5cc       0x20 BOS/BOS_freertos.o
                0x000000000800b5cc                vMainConfigureTimerForRunTimeStats
 .text.ulMainGetRunTimeCounterValue
                0x000000000800b5ec       0x50 BOS/BOS_freertos.o
                0x000000000800b5ec                ulMainGetRunTimeCounterValue
 .text.ledModeCommand
                0x000000000800b63c       0x9c H0FR6/H0FR6.o
                0x000000000800b63c                ledModeCommand
 .text.Module_Init
                0x000000000800b6d8       0x44 H0FR6/H0FR6.o
                0x000000000800b6d8                Module_Init
 .text.RegisterModuleCLICommands
                0x000000000800b71c       0x38 H0FR6/H0FR6.o
                0x000000000800b71c                RegisterModuleCLICommands
 .text.GetPort  0x000000000800b754       0x50 H0FR6/H0FR6.o
                0x000000000800b754                GetPort
 .text.TIM3_Init
                0x000000000800b7a4       0xac H0FR6/H0FR6.o
                0x000000000800b7a4                TIM3_Init
 .text.TIM3_DeInit
                0x000000000800b850       0x2c H0FR6/H0FR6.o
                0x000000000800b850                TIM3_DeInit
 .text.Set_Relay_PWM
                0x000000000800b87c       0x64 H0FR6/H0FR6.o
                0x000000000800b87c                Set_Relay_PWM
 .text.Relay_on
                0x000000000800b8e0       0xb4 H0FR6/H0FR6.o
                0x000000000800b8e0                Relay_on
 .text.onCommand
                0x000000000800b994       0x84 H0FR6/H0FR6.o
                0x000000000800b994                onCommand
 .text.Relay_off
                0x000000000800ba18       0x5c H0FR6/H0FR6.o
                0x000000000800ba18                Relay_off
 .text.RelayTimerCallback
                0x000000000800ba74        0x8 H0FR6/H0FR6.o
                0x000000000800ba74                RelayTimerCallback
 .text.offCommand
                0x000000000800ba7c       0x28 H0FR6/H0FR6.o
                0x000000000800ba7c                offCommand
 .text.Relay_PWM
                0x000000000800baa4       0x70 H0FR6/H0FR6.o
                0x000000000800baa4                Relay_PWM
 .text.Relay_toggle
                0x000000000800bb14       0x40 H0FR6/H0FR6.o
                0x000000000800bb14                Relay_toggle
 .text.toggleCommand
                0x000000000800bb54       0x40 H0FR6/H0FR6.o
                0x000000000800bb54                toggleCommand
 .text.Module_MessagingTask
                0x000000000800bb94       0xd8 H0FR6/H0FR6.o
                0x000000000800bb94                Module_MessagingTask
 .text.pwmCommand
                0x000000000800bc6c       0x7c H0FR6/H0FR6.o
                0x000000000800bc6c                pwmCommand
 .text.DMA_MSG_RX_CH_Init
                0x000000000800bce8       0x22 H0FR6/H0FR6_dma.o
                0x000000000800bce8                DMA_MSG_RX_CH_Init
 .text.DMA_MSG_TX_CH_Init
                0x000000000800bd0a       0x22 H0FR6/H0FR6_dma.o
                0x000000000800bd0a                DMA_MSG_TX_CH_Init
 .text.DMA_Init
                0x000000000800bd2c       0xa8 H0FR6/H0FR6_dma.o
                0x000000000800bd2c                DMA_Init
 .text.DMA_STREAM_CH_Init
                0x000000000800bdd4       0x20 H0FR6/H0FR6_dma.o
                0x000000000800bdd4                DMA_STREAM_CH_Init
 .text.SetupDMAInterrupts
                0x000000000800bdf4       0xb8 H0FR6/H0FR6_dma.o
                0x000000000800bdf4                SetupDMAInterrupts
 .text.UnSetupDMAInterrupts
                0x000000000800beac       0xa0 H0FR6/H0FR6_dma.o
                0x000000000800beac                UnSetupDMAInterrupts
 .text.DMA_MSG_TX_UnSetup
                0x000000000800bf4c       0x14 H0FR6/H0FR6_dma.o
                0x000000000800bf4c                DMA_MSG_TX_UnSetup
 .text.RemapAndLinkDMAtoUARTRx
                0x000000000800bf60      0x65c H0FR6/H0FR6_dma.o
                0x000000000800bf60                RemapAndLinkDMAtoUARTRx
 .text.DMA_MSG_RX_Setup
                0x000000000800c5bc       0x30 H0FR6/H0FR6_dma.o
                0x000000000800c5bc                DMA_MSG_RX_Setup
 .text.SetupMessagingRxDMAs
                0x000000000800c5ec       0x8c H0FR6/H0FR6_dma.o
                0x000000000800c5ec                SetupMessagingRxDMAs
 .text.DMA_STREAM_Setup
                0x000000000800c678       0x40 H0FR6/H0FR6_dma.o
                0x000000000800c678                DMA_STREAM_Setup
 .text.RemapAndLinkDMAtoUARTTx
                0x000000000800c6b8      0x65c H0FR6/H0FR6_dma.o
                0x000000000800c6b8                RemapAndLinkDMAtoUARTTx
 .text.DMA_MSG_TX_Setup
                0x000000000800cd14       0x44 H0FR6/H0FR6_dma.o
                0x000000000800cd14                DMA_MSG_TX_Setup
 .text.CRC_Init
                0x000000000800cd58       0x28 H0FR6/H0FR6_dma.o
                0x000000000800cd58                CRC_Init
 .text.HAL_CRC_MspInit
                0x000000000800cd80       0x1c H0FR6/H0FR6_dma.o
                0x000000000800cd80                HAL_CRC_MspInit
 .text.IND_LED_Init
                0x000000000800cd9c       0x28 H0FR6/H0FR6_gpio.o
                0x000000000800cd9c                IND_LED_Init
 .text.GPIO_Init
                0x000000000800cdc4       0x6c H0FR6/H0FR6_gpio.o
                0x000000000800cdc4                GPIO_Init
 .text.Relay_Init
                0x000000000800ce30       0x24 H0FR6/H0FR6_gpio.o
                0x000000000800ce30                Relay_Init
 .text.SysTick_Handler
                0x000000000800ce54        0xc H0FR6/H0FR6_it.o
                0x000000000800ce54                SysTick_Handler
 .text.HardFault_Handler
                0x000000000800ce60        0x2 H0FR6/H0FR6_it.o
                0x000000000800ce60                HardFault_Handler
 *fill*         0x000000000800ce62        0x2 
 .text.USART1_IRQHandler
                0x000000000800ce64       0x10 H0FR6/H0FR6_it.o
                0x000000000800ce64                USART1_IRQHandler
 .text.USART2_IRQHandler
                0x000000000800ce74       0x10 H0FR6/H0FR6_it.o
                0x000000000800ce74                USART2_IRQHandler
 .text.USART3_8_IRQHandler
                0x000000000800ce84       0x24 H0FR6/H0FR6_it.o
                0x000000000800ce84                USART3_8_IRQHandler
 .text.DMA1_Ch1_IRQHandler
                0x000000000800cea8        0xa H0FR6/H0FR6_it.o
                0x000000000800cea8                DMA1_Ch1_IRQHandler
 *fill*         0x000000000800ceb2        0x2 
 .text.DMA1_Ch2_3_DMA2_Ch1_2_IRQHandler
                0x000000000800ceb4       0x40 H0FR6/H0FR6_it.o
                0x000000000800ceb4                DMA1_Ch2_3_DMA2_Ch1_2_IRQHandler
 .text.DMA1_Ch4_7_DMA2_Ch3_5_IRQHandler
                0x000000000800cef4       0x64 H0FR6/H0FR6_it.o
                0x000000000800cef4                DMA1_Ch4_7_DMA2_Ch3_5_IRQHandler
 .text.HAL_UART_TxCpltCallback
                0x000000000800cf58       0x30 H0FR6/H0FR6_it.o
                0x000000000800cf58                HAL_UART_TxCpltCallback
 .text.HAL_UART_ErrorCallback
                0x000000000800cf88       0x4c H0FR6/H0FR6_it.o
                0x000000000800cf88                HAL_UART_ErrorCallback
 .text.HAL_UART_RxCpltCallback
                0x000000000800cfd4       0x68 H0FR6/H0FR6_it.o
                0x000000000800cfd4                HAL_UART_RxCpltCallback
 .text.vApplicationStackOverflowHook
                0x000000000800d03c        0x4 H0FR6/H0FR6_it.o
                0x000000000800d03c                vApplicationStackOverflowHook
 .text.vApplicationMallocFailedHook
                0x000000000800d040        0x4 H0FR6/H0FR6_it.o
                0x000000000800d040                vApplicationMallocFailedHook
 .text.MX_USART1_UART_Init
                0x000000000800d044       0x30 H0FR6/H0FR6_uart.o
                0x000000000800d044                MX_USART1_UART_Init
 .text.MX_USART2_UART_Init
                0x000000000800d074       0x30 H0FR6/H0FR6_uart.o
                0x000000000800d074                MX_USART2_UART_Init
 .text.MX_USART3_UART_Init
                0x000000000800d0a4       0x30 H0FR6/H0FR6_uart.o
                0x000000000800d0a4                MX_USART3_UART_Init
 .text.MX_USART5_UART_Init
                0x000000000800d0d4       0x30 H0FR6/H0FR6_uart.o
                0x000000000800d0d4                MX_USART5_UART_Init
 .text.MX_USART6_UART_Init
                0x000000000800d104       0x30 H0FR6/H0FR6_uart.o
                0x000000000800d104                MX_USART6_UART_Init
 .text.HAL_UART_MspInit
                0x000000000800d134      0x218 H0FR6/H0FR6_uart.o
                0x000000000800d134                HAL_UART_MspInit
 .text.writePxMutex
                0x000000000800d34c       0x54 H0FR6/H0FR6_uart.o
                0x000000000800d34c                writePxMutex
 .text.writePxITMutex
                0x000000000800d3a0       0x40 H0FR6/H0FR6_uart.o
                0x000000000800d3a0                writePxITMutex
 .text.writePxDMAMutex
                0x000000000800d3e0       0x48 H0FR6/H0FR6_uart.o
                0x000000000800d3e0                writePxDMAMutex
 .text.UpdateBaudrate
                0x000000000800d428       0x12 H0FR6/H0FR6_uart.o
                0x000000000800d428                UpdateBaudrate
 *fill*         0x000000000800d43a        0x2 
 .text.Reset_Handler
                0x000000000800d43c       0x8c H0FR6/gcc/startup_stm32f091xc.o
                0x000000000800d43c                Reset_Handler
 .text.Default_Handler
                0x000000000800d4c8        0x2 H0FR6/gcc/startup_stm32f091xc.o
                0x000000000800d4c8                TIM1_CC_IRQHandler
                0x000000000800d4c8                TSC_IRQHandler
                0x000000000800d4c8                ADC1_COMP_IRQHandler
                0x000000000800d4c8                NMI_Handler
                0x000000000800d4c8                I2C1_IRQHandler
                0x000000000800d4c8                RCC_CRS_IRQHandler
                0x000000000800d4c8                SPI1_IRQHandler
                0x000000000800d4c8                TIM6_DAC_IRQHandler
                0x000000000800d4c8                EXTI2_3_IRQHandler
                0x000000000800d4c8                I2C2_IRQHandler
                0x000000000800d4c8                TIM17_IRQHandler
                0x000000000800d4c8                CEC_CAN_IRQHandler
                0x000000000800d4c8                RTC_IRQHandler
                0x000000000800d4c8                PVD_VDDIO2_IRQHandler
                0x000000000800d4c8                TIM16_IRQHandler
                0x000000000800d4c8                TIM3_IRQHandler
                0x000000000800d4c8                EXTI4_15_IRQHandler
                0x000000000800d4c8                Default_Handler
                0x000000000800d4c8                TIM14_IRQHandler
                0x000000000800d4c8                TIM7_IRQHandler
                0x000000000800d4c8                TIM15_IRQHandler
                0x000000000800d4c8                EXTI0_1_IRQHandler
                0x000000000800d4c8                SPI2_IRQHandler
                0x000000000800d4c8                WWDG_IRQHandler
                0x000000000800d4c8                TIM2_IRQHandler
                0x000000000800d4c8                FLASH_IRQHandler
                0x000000000800d4c8                TIM1_BRK_UP_TRG_COM_IRQHandler
 *fill*         0x000000000800d4ca        0x2 
 .text.SystemInit
                0x000000000800d4cc       0x60 Thirdparty/CMSIS/Device/ST/STM32F0xx/Source/Templates/system_stm32f0xx.o
                0x000000000800d4cc                SystemInit
 .text.osKernelStart
                0x000000000800d52c        0xa Thirdparty/Middleware/FreeRTOS/Source/CMSIS_RTOS/cmsis_os.o
                0x000000000800d52c                osKernelStart
 .text.osDelay  0x000000000800d536       0x10 Thirdparty/Middleware/FreeRTOS/Source/CMSIS_RTOS/cmsis_os.o
                0x000000000800d536                osDelay
 .text.osSemaphoreCreate
                0x000000000800d546       0x2c Thirdparty/Middleware/FreeRTOS/Source/CMSIS_RTOS/cmsis_os.o
                0x000000000800d546                osSemaphoreCreate
 *fill*         0x000000000800d572        0x2 
 .text.osSemaphoreWait
                0x000000000800d574       0x58 Thirdparty/Middleware/FreeRTOS/Source/CMSIS_RTOS/cmsis_os.o
                0x000000000800d574                osSemaphoreWait
 .text.osSemaphoreRelease
                0x000000000800d5cc       0x50 Thirdparty/Middleware/FreeRTOS/Source/CMSIS_RTOS/cmsis_os.o
                0x000000000800d5cc                osSemaphoreRelease
 .text.osSystickHandler
                0x000000000800d61c       0x10 Thirdparty/Middleware/FreeRTOS/Source/CMSIS_RTOS/cmsis_os.o
                0x000000000800d61c                osSystickHandler
 .text.FreeRTOS_CLIRegisterCommand
                0x000000000800d62c       0x38 Thirdparty/Middleware/FreeRTOS/Source/FreeRTOS_CLI.o
                0x000000000800d62c                FreeRTOS_CLIRegisterCommand
 .text.FreeRTOS_CLIProcessCommand
                0x000000000800d664       0xfc Thirdparty/Middleware/FreeRTOS/Source/FreeRTOS_CLI.o
                0x000000000800d664                FreeRTOS_CLIProcessCommand
 .text.FreeRTOS_CLIGetOutputBuffer
                0x000000000800d760        0x8 Thirdparty/Middleware/FreeRTOS/Source/FreeRTOS_CLI.o
                0x000000000800d760                FreeRTOS_CLIGetOutputBuffer
 .text.FreeRTOS_CLIGetParameter
                0x000000000800d768       0x72 Thirdparty/Middleware/FreeRTOS/Source/FreeRTOS_CLI.o
                0x000000000800d768                FreeRTOS_CLIGetParameter
 *fill*         0x000000000800d7da        0x2 
 .text.prvHelpCommand
                0x000000000800d7dc      0x100 Thirdparty/Middleware/FreeRTOS/Source/FreeRTOS_CLI.o
 .text.vListInitialise
                0x000000000800d8dc       0x16 Thirdparty/Middleware/FreeRTOS/Source/list.o
                0x000000000800d8dc                vListInitialise
 .text.vListInitialiseItem
                0x000000000800d8f2        0x6 Thirdparty/Middleware/FreeRTOS/Source/list.o
                0x000000000800d8f2                vListInitialiseItem
 .text.vListInsertEnd
                0x000000000800d8f8       0x18 Thirdparty/Middleware/FreeRTOS/Source/list.o
                0x000000000800d8f8                vListInsertEnd
 .text.vListInsert
                0x000000000800d910       0x2e Thirdparty/Middleware/FreeRTOS/Source/list.o
                0x000000000800d910                vListInsert
 .text.uxListRemove
                0x000000000800d93e       0x26 Thirdparty/Middleware/FreeRTOS/Source/list.o
                0x000000000800d93e                uxListRemove
 .text.prvCopyDataToQueue
                0x000000000800d964       0x7c Thirdparty/Middleware/FreeRTOS/Source/queue.o
 .text.prvCopyDataFromQueue
                0x000000000800d9e0       0x24 Thirdparty/Middleware/FreeRTOS/Source/queue.o
 .text.prvUnlockQueue
                0x000000000800da04       0x86 Thirdparty/Middleware/FreeRTOS/Source/queue.o
 .text.xQueueGenericReset
                0x000000000800da8a       0x68 Thirdparty/Middleware/FreeRTOS/Source/queue.o
                0x000000000800da8a                xQueueGenericReset
 .text.xQueueGenericCreate
                0x000000000800daf2       0x4e Thirdparty/Middleware/FreeRTOS/Source/queue.o
                0x000000000800daf2                xQueueGenericCreate
 .text.xQueueCreateCountingSemaphore
                0x000000000800db40       0x28 Thirdparty/Middleware/FreeRTOS/Source/queue.o
                0x000000000800db40                xQueueCreateCountingSemaphore
 .text.xQueueGenericSend
                0x000000000800db68      0x12e Thirdparty/Middleware/FreeRTOS/Source/queue.o
                0x000000000800db68                xQueueGenericSend
 .text.xQueueGenericSendFromISR
                0x000000000800dc96       0x8e Thirdparty/Middleware/FreeRTOS/Source/queue.o
                0x000000000800dc96                xQueueGenericSendFromISR
 .text.xQueueGiveFromISR
                0x000000000800dd24       0x76 Thirdparty/Middleware/FreeRTOS/Source/queue.o
                0x000000000800dd24                xQueueGiveFromISR
 .text.xQueueGenericReceive
                0x000000000800dd9a      0x152 Thirdparty/Middleware/FreeRTOS/Source/queue.o
                0x000000000800dd9a                xQueueGenericReceive
 .text.xQueueReceiveFromISR
                0x000000000800deec       0x76 Thirdparty/Middleware/FreeRTOS/Source/queue.o
                0x000000000800deec                xQueueReceiveFromISR
 *fill*         0x000000000800df62        0x2 
 .text.vQueueAddToRegistry
                0x000000000800df64       0x30 Thirdparty/Middleware/FreeRTOS/Source/queue.o
                0x000000000800df64                vQueueAddToRegistry
 .text.vQueueWaitForMessageRestricted
                0x000000000800df94       0x40 Thirdparty/Middleware/FreeRTOS/Source/queue.o
                0x000000000800df94                vQueueWaitForMessageRestricted
 .text.prvListTaskWithinSingleList
                0x000000000800dfd4       0xa8 Thirdparty/Middleware/FreeRTOS/Source/tasks.o
 .text.prvResetNextTaskUnblockTime
                0x000000000800e07c       0x2c Thirdparty/Middleware/FreeRTOS/Source/tasks.o
 .text.prvAddCurrentTaskToDelayedList
                0x000000000800e0a8       0x54 Thirdparty/Middleware/FreeRTOS/Source/tasks.o
 .text.prvWriteNameToBuffer
                0x000000000800e0fc       0x2e Thirdparty/Middleware/FreeRTOS/Source/tasks.o
 *fill*         0x000000000800e12a        0x2 
 .text.xTaskGenericCreate
                0x000000000800e12c      0x1e8 Thirdparty/Middleware/FreeRTOS/Source/tasks.o
                0x000000000800e12c                xTaskGenericCreate
 .text.uxTaskPriorityGet
                0x000000000800e314       0x20 Thirdparty/Middleware/FreeRTOS/Source/tasks.o
                0x000000000800e314                uxTaskPriorityGet
 .text.vTaskPrioritySet
                0x000000000800e334       0xa8 Thirdparty/Middleware/FreeRTOS/Source/tasks.o
                0x000000000800e334                vTaskPrioritySet
 .text.vTaskStartScheduler
                0x000000000800e3dc       0x58 Thirdparty/Middleware/FreeRTOS/Source/tasks.o
                0x000000000800e3dc                vTaskStartScheduler
 .text.vTaskSuspendAll
                0x000000000800e434       0x10 Thirdparty/Middleware/FreeRTOS/Source/tasks.o
                0x000000000800e434                vTaskSuspendAll
 .text.xTaskGetTickCount
                0x000000000800e444        0xc Thirdparty/Middleware/FreeRTOS/Source/tasks.o
                0x000000000800e444                xTaskGetTickCount
 .text.xTaskGetTickCountFromISR
                0x000000000800e450        0xc Thirdparty/Middleware/FreeRTOS/Source/tasks.o
                0x000000000800e450                xTaskGetTickCountFromISR
 .text.xTaskIncrementTick
                0x000000000800e45c      0x118 Thirdparty/Middleware/FreeRTOS/Source/tasks.o
                0x000000000800e45c                xTaskIncrementTick
 .text.xTaskResumeAll
                0x000000000800e574       0xe0 Thirdparty/Middleware/FreeRTOS/Source/tasks.o
                0x000000000800e574                xTaskResumeAll
 .text.vTaskDelay
                0x000000000800e654       0x48 Thirdparty/Middleware/FreeRTOS/Source/tasks.o
                0x000000000800e654                vTaskDelay
 .text.prvIdleTask
                0x000000000800e69c       0x6c Thirdparty/Middleware/FreeRTOS/Source/tasks.o
 .text.uxTaskGetSystemState
                0x000000000800e708       0xa4 Thirdparty/Middleware/FreeRTOS/Source/tasks.o
                0x000000000800e708                uxTaskGetSystemState
 .text.vTaskSwitchContext
                0x000000000800e7ac      0x108 Thirdparty/Middleware/FreeRTOS/Source/tasks.o
                0x000000000800e7ac                vTaskSwitchContext
 .text.vTaskPlaceOnEventList
                0x000000000800e8b4       0x48 Thirdparty/Middleware/FreeRTOS/Source/tasks.o
                0x000000000800e8b4                vTaskPlaceOnEventList
 .text.vTaskPlaceOnEventListRestricted
                0x000000000800e8fc       0x34 Thirdparty/Middleware/FreeRTOS/Source/tasks.o
                0x000000000800e8fc                vTaskPlaceOnEventListRestricted
 .text.xTaskRemoveFromEventList
                0x000000000800e930       0x80 Thirdparty/Middleware/FreeRTOS/Source/tasks.o
                0x000000000800e930                xTaskRemoveFromEventList
 .text.vTaskSetTimeOutState
                0x000000000800e9b0       0x20 Thirdparty/Middleware/FreeRTOS/Source/tasks.o
                0x000000000800e9b0                vTaskSetTimeOutState
 .text.xTaskCheckForTimeOut
                0x000000000800e9d0       0x64 Thirdparty/Middleware/FreeRTOS/Source/tasks.o
                0x000000000800e9d0                xTaskCheckForTimeOut
 .text.vTaskMissedYield
                0x000000000800ea34        0xc Thirdparty/Middleware/FreeRTOS/Source/tasks.o
                0x000000000800ea34                vTaskMissedYield
 .text.xTaskGetSchedulerState
                0x000000000800ea40       0x20 Thirdparty/Middleware/FreeRTOS/Source/tasks.o
                0x000000000800ea40                xTaskGetSchedulerState
 .text.vTaskPriorityInherit
                0x000000000800ea60       0x7c Thirdparty/Middleware/FreeRTOS/Source/tasks.o
                0x000000000800ea60                vTaskPriorityInherit
 .text.xTaskPriorityDisinherit
                0x000000000800eadc       0x74 Thirdparty/Middleware/FreeRTOS/Source/tasks.o
                0x000000000800eadc                xTaskPriorityDisinherit
 .text.vTaskList
                0x000000000800eb50       0xc0 Thirdparty/Middleware/FreeRTOS/Source/tasks.o
                0x000000000800eb50                vTaskList
 .text.vTaskGetRunTimeStats
                0x000000000800ec10       0xb0 Thirdparty/Middleware/FreeRTOS/Source/tasks.o
                0x000000000800ec10                vTaskGetRunTimeStats
 .text.pvTaskIncrementMutexHeldCount
                0x000000000800ecc0       0x1c Thirdparty/Middleware/FreeRTOS/Source/tasks.o
                0x000000000800ecc0                pvTaskIncrementMutexHeldCount
 .text.ulTaskNotifyTake
                0x000000000800ecdc       0x98 Thirdparty/Middleware/FreeRTOS/Source/tasks.o
                0x000000000800ecdc                ulTaskNotifyTake
 .text.xTaskGenericNotify
                0x000000000800ed74       0xb8 Thirdparty/Middleware/FreeRTOS/Source/tasks.o
                0x000000000800ed74                xTaskGenericNotify
 .text.prvInsertTimerInActiveList
                0x000000000800ee2c       0x44 Thirdparty/Middleware/FreeRTOS/Source/timers.o
 .text.prvCheckForValidListAndQueue
                0x000000000800ee70       0x64 Thirdparty/Middleware/FreeRTOS/Source/timers.o
 .text.xTimerCreateTimerTask
                0x000000000800eed4       0x40 Thirdparty/Middleware/FreeRTOS/Source/timers.o
                0x000000000800eed4                xTimerCreateTimerTask
 .text.xTimerCreate
                0x000000000800ef14       0x40 Thirdparty/Middleware/FreeRTOS/Source/timers.o
                0x000000000800ef14                xTimerCreate
 .text.xTimerGenericCommand
                0x000000000800ef54       0x58 Thirdparty/Middleware/FreeRTOS/Source/timers.o
                0x000000000800ef54                xTimerGenericCommand
 .text.prvSampleTimeNow
                0x000000000800efac       0xb0 Thirdparty/Middleware/FreeRTOS/Source/timers.o
 .text.prvTimerTask
                0x000000000800f05c      0x170 Thirdparty/Middleware/FreeRTOS/Source/timers.o
 .text.xTimerIsTimerActive
                0x000000000800f1cc       0x16 Thirdparty/Middleware/FreeRTOS/Source/timers.o
                0x000000000800f1cc                xTimerIsTimerActive
 .text.pvTimerGetTimerID
                0x000000000800f1e2       0x18 Thirdparty/Middleware/FreeRTOS/Source/timers.o
                0x000000000800f1e2                pvTimerGetTimerID
 *fill*         0x000000000800f1fa        0x2 
 .text.prvTaskExitError
                0x000000000800f1fc       0x14 Thirdparty/Middleware/FreeRTOS/Source/portable/GCC/ARM_CM0/port.o
 .text.vPortStartFirstTask
                0x000000000800f210       0x20 Thirdparty/Middleware/FreeRTOS/Source/portable/GCC/ARM_CM0/port.o
 .text.pxPortInitialiseStack
                0x000000000800f230       0x20 Thirdparty/Middleware/FreeRTOS/Source/portable/GCC/ARM_CM0/port.o
                0x000000000800f230                pxPortInitialiseStack
 .text.SVC_Handler
                0x000000000800f250        0x2 Thirdparty/Middleware/FreeRTOS/Source/portable/GCC/ARM_CM0/port.o
                0x000000000800f250                SVC_Handler
 *fill*         0x000000000800f252        0x2 
 .text.xPortStartScheduler
                0x000000000800f254       0x54 Thirdparty/Middleware/FreeRTOS/Source/portable/GCC/ARM_CM0/port.o
                0x000000000800f254                xPortStartScheduler
 .text.vPortYield
                0x000000000800f2a8       0x18 Thirdparty/Middleware/FreeRTOS/Source/portable/GCC/ARM_CM0/port.o
                0x000000000800f2a8                vPortYield
 .text.vPortEnterCritical
                0x000000000800f2c0       0x18 Thirdparty/Middleware/FreeRTOS/Source/portable/GCC/ARM_CM0/port.o
                0x000000000800f2c0                vPortEnterCritical
 .text.vPortExitCritical
                0x000000000800f2d8       0x20 Thirdparty/Middleware/FreeRTOS/Source/portable/GCC/ARM_CM0/port.o
                0x000000000800f2d8                vPortExitCritical
 .text.ulSetInterruptMaskFromISR
                0x000000000800f2f8        0xa Thirdparty/Middleware/FreeRTOS/Source/portable/GCC/ARM_CM0/port.o
                0x000000000800f2f8                ulSetInterruptMaskFromISR
 .text.vClearInterruptMaskFromISR
                0x000000000800f302        0x6 Thirdparty/Middleware/FreeRTOS/Source/portable/GCC/ARM_CM0/port.o
                0x000000000800f302                vClearInterruptMaskFromISR
 .text.PendSV_Handler
                0x000000000800f308       0x44 Thirdparty/Middleware/FreeRTOS/Source/portable/GCC/ARM_CM0/port.o
                0x000000000800f308                PendSV_Handler
 .text.xPortSysTickHandler
                0x000000000800f34c       0x24 Thirdparty/Middleware/FreeRTOS/Source/portable/GCC/ARM_CM0/port.o
                0x000000000800f34c                xPortSysTickHandler
 .text.prvInsertBlockIntoFreeList
                0x000000000800f370       0x54 Thirdparty/Middleware/FreeRTOS/Source/portable/MemMang/heap_4.o
 .text.pvPortMalloc
                0x000000000800f3c4      0x12c Thirdparty/Middleware/FreeRTOS/Source/portable/MemMang/heap_4.o
                0x000000000800f3c4                pvPortMalloc
 .text.vPortFree
                0x000000000800f4f0       0x54 Thirdparty/Middleware/FreeRTOS/Source/portable/MemMang/heap_4.o
                0x000000000800f4f0                vPortFree
 .text.HAL_InitTick
                0x000000000800f544       0x24 Thirdparty/STM32F0xx_HAL_Driver/Src/stm32f0xx_hal.o
                0x000000000800f544                HAL_InitTick
 .text.HAL_Init
                0x000000000800f568       0x20 Thirdparty/STM32F0xx_HAL_Driver/Src/stm32f0xx_hal.o
                0x000000000800f568                HAL_Init
 .text.HAL_IncTick
                0x000000000800f588       0x10 Thirdparty/STM32F0xx_HAL_Driver/Src/stm32f0xx_hal.o
                0x000000000800f588                HAL_IncTick
 .text.HAL_GetTick
                0x000000000800f598        0xc Thirdparty/STM32F0xx_HAL_Driver/Src/stm32f0xx_hal.o
                0x000000000800f598                HAL_GetTick
 .text.HAL_Delay
                0x000000000800f5a4       0x1c Thirdparty/STM32F0xx_HAL_Driver/Src/stm32f0xx_hal.o
                0x000000000800f5a4                HAL_Delay
 .text.HAL_GetREVID
                0x000000000800f5c0        0xc Thirdparty/STM32F0xx_HAL_Driver/Src/stm32f0xx_hal.o
                0x000000000800f5c0                HAL_GetREVID
 .text.HAL_GetDEVID
                0x000000000800f5cc       0x10 Thirdparty/STM32F0xx_HAL_Driver/Src/stm32f0xx_hal.o
                0x000000000800f5cc                HAL_GetDEVID
 .text.HAL_NVIC_SetPriority
                0x000000000800f5dc       0x68 Thirdparty/STM32F0xx_HAL_Driver/Src/stm32f0xx_hal_cortex.o
                0x000000000800f5dc                HAL_NVIC_SetPriority
 .text.HAL_NVIC_EnableIRQ
                0x000000000800f644       0x14 Thirdparty/STM32F0xx_HAL_Driver/Src/stm32f0xx_hal_cortex.o
                0x000000000800f644                HAL_NVIC_EnableIRQ
 .text.HAL_NVIC_DisableIRQ
                0x000000000800f658       0x14 Thirdparty/STM32F0xx_HAL_Driver/Src/stm32f0xx_hal_cortex.o
                0x000000000800f658                HAL_NVIC_DisableIRQ
 .text.HAL_SYSTICK_Config
                0x000000000800f66c       0x38 Thirdparty/STM32F0xx_HAL_Driver/Src/stm32f0xx_hal_cortex.o
                0x000000000800f66c                HAL_SYSTICK_Config
 .text.HAL_SYSTICK_CLKSourceConfig
                0x000000000800f6a4       0x20 Thirdparty/STM32F0xx_HAL_Driver/Src/stm32f0xx_hal_cortex.o
                0x000000000800f6a4                HAL_SYSTICK_CLKSourceConfig
 .text.CRC_Handle_8
                0x000000000800f6c4       0x7a Thirdparty/STM32F0xx_HAL_Driver/Src/stm32f0xx_hal_crc.o
 .text.CRC_Handle_16
                0x000000000800f73e       0x32 Thirdparty/STM32F0xx_HAL_Driver/Src/stm32f0xx_hal_crc.o
 .text.HAL_CRC_Init
                0x000000000800f770       0x62 Thirdparty/STM32F0xx_HAL_Driver/Src/stm32f0xx_hal_crc.o
                0x000000000800f770                HAL_CRC_Init
 .text.HAL_CRC_Accumulate
                0x000000000800f7d2       0x58 Thirdparty/STM32F0xx_HAL_Driver/Src/stm32f0xx_hal_crc.o
                0x000000000800f7d2                HAL_CRC_Accumulate
 .text.HAL_CRC_Calculate
                0x000000000800f82a       0x62 Thirdparty/STM32F0xx_HAL_Driver/Src/stm32f0xx_hal_crc.o
                0x000000000800f82a                HAL_CRC_Calculate
 .text.HAL_CRCEx_Polynomial_Set
                0x000000000800f88c       0x5c Thirdparty/STM32F0xx_HAL_Driver/Src/stm32f0xx_hal_crc_ex.o
                0x000000000800f88c                HAL_CRCEx_Polynomial_Set
 .text.HAL_CRCEx_Init
                0x000000000800f8e8       0x30 Thirdparty/STM32F0xx_HAL_Driver/Src/stm32f0xx_hal_crc_ex.o
                0x000000000800f8e8                HAL_CRCEx_Init
 .text.HAL_DMA_Init
                0x000000000800f918       0x54 Thirdparty/STM32F0xx_HAL_Driver/Src/stm32f0xx_hal_dma.o
                0x000000000800f918                HAL_DMA_Init
 .text.HAL_DMA_Start_IT
                0x000000000800f96c       0x6a Thirdparty/STM32F0xx_HAL_Driver/Src/stm32f0xx_hal_dma.o
                0x000000000800f96c                HAL_DMA_Start_IT
 .text.HAL_DMA_Abort
                0x000000000800f9d6       0x52 Thirdparty/STM32F0xx_HAL_Driver/Src/stm32f0xx_hal_dma.o
                0x000000000800f9d6                HAL_DMA_Abort
 .text.HAL_DMA_IRQHandler
                0x000000000800fa28      0x8ac Thirdparty/STM32F0xx_HAL_Driver/Src/stm32f0xx_hal_dma.o
                0x000000000800fa28                HAL_DMA_IRQHandler
 .text.FLASH_SetErrorCode
                0x00000000080102d4       0x34 Thirdparty/STM32F0xx_HAL_Driver/Src/stm32f0xx_hal_flash.o
 .text.HAL_FLASH_Unlock
                0x0000000008010308       0x24 Thirdparty/STM32F0xx_HAL_Driver/Src/stm32f0xx_hal_flash.o
                0x0000000008010308                HAL_FLASH_Unlock
 .text.HAL_FLASH_Lock
                0x000000000801032c       0x14 Thirdparty/STM32F0xx_HAL_Driver/Src/stm32f0xx_hal_flash.o
                0x000000000801032c                HAL_FLASH_Lock
 .text.FLASH_WaitForLastOperation
                0x0000000008010340       0x5c Thirdparty/STM32F0xx_HAL_Driver/Src/stm32f0xx_hal_flash.o
                0x0000000008010340                FLASH_WaitForLastOperation
 .text.HAL_FLASH_Program
                0x000000000801039c       0xcc Thirdparty/STM32F0xx_HAL_Driver/Src/stm32f0xx_hal_flash.o
                0x000000000801039c                HAL_FLASH_Program
 .text.FLASH_MassErase
                0x0000000008010468       0x24 Thirdparty/STM32F0xx_HAL_Driver/Src/stm32f0xx_hal_flash_ex.o
 .text.FLASH_PageErase
                0x000000000801048c       0x24 Thirdparty/STM32F0xx_HAL_Driver/Src/stm32f0xx_hal_flash_ex.o
                0x000000000801048c                FLASH_PageErase
 .text.HAL_FLASHEx_Erase
                0x00000000080104b0       0xc0 Thirdparty/STM32F0xx_HAL_Driver/Src/stm32f0xx_hal_flash_ex.o
                0x00000000080104b0                HAL_FLASHEx_Erase
 .text.HAL_GPIO_Init
                0x0000000008010570      0x1c0 Thirdparty/STM32F0xx_HAL_Driver/Src/stm32f0xx_hal_gpio.o
                0x0000000008010570                HAL_GPIO_Init
 .text.HAL_GPIO_ReadPin
                0x0000000008010730        0xc Thirdparty/STM32F0xx_HAL_Driver/Src/stm32f0xx_hal_gpio.o
                0x0000000008010730                HAL_GPIO_ReadPin
 .text.HAL_GPIO_WritePin
                0x000000000801073c        0xc Thirdparty/STM32F0xx_HAL_Driver/Src/stm32f0xx_hal_gpio.o
                0x000000000801073c                HAL_GPIO_WritePin
 .text.HAL_GPIO_TogglePin
                0x0000000008010748        0x8 Thirdparty/STM32F0xx_HAL_Driver/Src/stm32f0xx_hal_gpio.o
                0x0000000008010748                HAL_GPIO_TogglePin
 .text.HAL_MspInit
                0x0000000008010750        0x2 Thirdparty/STM32F0xx_HAL_Driver/Src/stm32f0xx_hal_msp_template.o
                0x0000000008010750                HAL_MspInit
 *fill*         0x0000000008010752        0x2 
 .text.HAL_PWR_EnableBkUpAccess
                0x0000000008010754       0x14 Thirdparty/STM32F0xx_HAL_Driver/Src/stm32f0xx_hal_pwr.o
                0x0000000008010754                HAL_PWR_EnableBkUpAccess
 .text.HAL_RCC_OscConfig
                0x0000000008010768      0x584 Thirdparty/STM32F0xx_HAL_Driver/Src/stm32f0xx_hal_rcc.o
                0x0000000008010768                HAL_RCC_OscConfig
 .text.HAL_RCC_ClockConfig
                0x0000000008010cec      0x274 Thirdparty/STM32F0xx_HAL_Driver/Src/stm32f0xx_hal_rcc.o
                0x0000000008010cec                HAL_RCC_ClockConfig
 .text.HAL_RCC_GetSysClockFreq
                0x0000000008010f60       0xa0 Thirdparty/STM32F0xx_HAL_Driver/Src/stm32f0xx_hal_rcc.o
                0x0000000008010f60                HAL_RCC_GetSysClockFreq
 .text.HAL_RCC_GetHCLKFreq
                0x0000000008011000       0x28 Thirdparty/STM32F0xx_HAL_Driver/Src/stm32f0xx_hal_rcc.o
                0x0000000008011000                HAL_RCC_GetHCLKFreq
 .text.HAL_RCC_GetPCLK1Freq
                0x0000000008011028       0x20 Thirdparty/STM32F0xx_HAL_Driver/Src/stm32f0xx_hal_rcc.o
                0x0000000008011028                HAL_RCC_GetPCLK1Freq
 .text.HAL_RCCEx_PeriphCLKConfig
                0x0000000008011048      0x13c Thirdparty/STM32F0xx_HAL_Driver/Src/stm32f0xx_hal_rcc_ex.o
                0x0000000008011048                HAL_RCCEx_PeriphCLKConfig
 .text.HAL_RTC_MspInit
                0x0000000008011184        0x2 Thirdparty/STM32F0xx_HAL_Driver/Src/stm32f0xx_hal_rtc.o
                0x0000000008011184                HAL_RTC_MspInit
 .text.HAL_RTC_WaitForSynchro
                0x0000000008011186       0x34 Thirdparty/STM32F0xx_HAL_Driver/Src/stm32f0xx_hal_rtc.o
                0x0000000008011186                HAL_RTC_WaitForSynchro
 .text.RTC_EnterInitMode
                0x00000000080111ba       0x3c Thirdparty/STM32F0xx_HAL_Driver/Src/stm32f0xx_hal_rtc.o
                0x00000000080111ba                RTC_EnterInitMode
 *fill*         0x00000000080111f6        0x2 
 .text.HAL_RTC_Init
                0x00000000080111f8       0xa0 Thirdparty/STM32F0xx_HAL_Driver/Src/stm32f0xx_hal_rtc.o
                0x00000000080111f8                HAL_RTC_Init
 .text.RTC_ByteToBcd2
                0x0000000008011298       0x1c Thirdparty/STM32F0xx_HAL_Driver/Src/stm32f0xx_hal_rtc.o
                0x0000000008011298                RTC_ByteToBcd2
 .text.HAL_RTC_SetTime
                0x00000000080112b4      0x10c Thirdparty/STM32F0xx_HAL_Driver/Src/stm32f0xx_hal_rtc.o
                0x00000000080112b4                HAL_RTC_SetTime
 .text.HAL_RTC_SetDate
                0x00000000080113c0       0xe4 Thirdparty/STM32F0xx_HAL_Driver/Src/stm32f0xx_hal_rtc.o
                0x00000000080113c0                HAL_RTC_SetDate
 .text.RTC_Bcd2ToByte
                0x00000000080114a4       0x14 Thirdparty/STM32F0xx_HAL_Driver/Src/stm32f0xx_hal_rtc.o
                0x00000000080114a4                RTC_Bcd2ToByte
 .text.HAL_RTC_GetTime
                0x00000000080114b8       0x4c Thirdparty/STM32F0xx_HAL_Driver/Src/stm32f0xx_hal_rtc.o
                0x00000000080114b8                HAL_RTC_GetTime
 .text.HAL_RTC_GetDate
                0x0000000008011504       0x44 Thirdparty/STM32F0xx_HAL_Driver/Src/stm32f0xx_hal_rtc.o
                0x0000000008011504                HAL_RTC_GetDate
 .text.HAL_RTCEx_BKUPWrite
                0x0000000008011548        0xc Thirdparty/STM32F0xx_HAL_Driver/Src/stm32f0xx_hal_rtc_ex.o
                0x0000000008011548                HAL_RTCEx_BKUPWrite
 .text.HAL_RTCEx_BKUPRead
                0x0000000008011554        0xc Thirdparty/STM32F0xx_HAL_Driver/Src/stm32f0xx_hal_rtc_ex.o
                0x0000000008011554                HAL_RTCEx_BKUPRead
 .text.TIM_OC1_SetConfig
                0x0000000008011560       0x9c Thirdparty/STM32F0xx_HAL_Driver/Src/stm32f0xx_hal_tim.o
 .text.TIM_OC3_SetConfig
                0x00000000080115fc       0x88 Thirdparty/STM32F0xx_HAL_Driver/Src/stm32f0xx_hal_tim.o
 .text.TIM_OC4_SetConfig
                0x0000000008011684       0x74 Thirdparty/STM32F0xx_HAL_Driver/Src/stm32f0xx_hal_tim.o
 .text.HAL_TIM_Base_MspInit
                0x00000000080116f8        0x2 Thirdparty/STM32F0xx_HAL_Driver/Src/stm32f0xx_hal_tim.o
                0x00000000080116f8                HAL_TIM_Base_MspInit
 .text.HAL_TIM_Base_MspDeInit
                0x00000000080116fa        0x2 Thirdparty/STM32F0xx_HAL_Driver/Src/stm32f0xx_hal_tim.o
                0x00000000080116fa                HAL_TIM_Base_MspDeInit
 .text.HAL_TIM_Base_DeInit
                0x00000000080116fc       0x40 Thirdparty/STM32F0xx_HAL_Driver/Src/stm32f0xx_hal_tim.o
                0x00000000080116fc                HAL_TIM_Base_DeInit
 .text.HAL_TIM_Base_Start
                0x000000000801173c       0x18 Thirdparty/STM32F0xx_HAL_Driver/Src/stm32f0xx_hal_tim.o
                0x000000000801173c                HAL_TIM_Base_Start
 .text.HAL_TIM_PWM_MspInit
                0x0000000008011754        0x2 Thirdparty/STM32F0xx_HAL_Driver/Src/stm32f0xx_hal_tim.o
                0x0000000008011754                HAL_TIM_PWM_MspInit
 .text.HAL_TIM_PWM_MspDeInit
                0x0000000008011756        0x2 Thirdparty/STM32F0xx_HAL_Driver/Src/stm32f0xx_hal_tim.o
                0x0000000008011756                HAL_TIM_PWM_MspDeInit
 .text.HAL_TIM_PWM_DeInit
                0x0000000008011758       0x40 Thirdparty/STM32F0xx_HAL_Driver/Src/stm32f0xx_hal_tim.o
                0x0000000008011758                HAL_TIM_PWM_DeInit
 .text.HAL_TIM_ConfigClockSource
                0x0000000008011798      0x1b4 Thirdparty/STM32F0xx_HAL_Driver/Src/stm32f0xx_hal_tim.o
                0x0000000008011798                HAL_TIM_ConfigClockSource
 .text.TIM_Base_SetConfig
                0x000000000801194c       0xf8 Thirdparty/STM32F0xx_HAL_Driver/Src/stm32f0xx_hal_tim.o
                0x000000000801194c                TIM_Base_SetConfig
 .text.HAL_TIM_Base_Init
                0x0000000008011a44       0x34 Thirdparty/STM32F0xx_HAL_Driver/Src/stm32f0xx_hal_tim.o
                0x0000000008011a44                HAL_TIM_Base_Init
 .text.HAL_TIM_PWM_Init
                0x0000000008011a78       0x34 Thirdparty/STM32F0xx_HAL_Driver/Src/stm32f0xx_hal_tim.o
                0x0000000008011a78                HAL_TIM_PWM_Init
 .text.TIM_OC2_SetConfig
                0x0000000008011aac       0x80 Thirdparty/STM32F0xx_HAL_Driver/Src/stm32f0xx_hal_tim.o
                0x0000000008011aac                TIM_OC2_SetConfig
 .text.HAL_TIM_PWM_ConfigChannel
                0x0000000008011b2c       0xec Thirdparty/STM32F0xx_HAL_Driver/Src/stm32f0xx_hal_tim.o
                0x0000000008011b2c                HAL_TIM_PWM_ConfigChannel
 .text.TIM_CCxChannelCmd
                0x0000000008011c18       0x16 Thirdparty/STM32F0xx_HAL_Driver/Src/stm32f0xx_hal_tim.o
                0x0000000008011c18                TIM_CCxChannelCmd
 *fill*         0x0000000008011c2e        0x2 
 .text.HAL_TIM_PWM_Start
                0x0000000008011c30       0x50 Thirdparty/STM32F0xx_HAL_Driver/Src/stm32f0xx_hal_tim.o
                0x0000000008011c30                HAL_TIM_PWM_Start
 .text.HAL_TIM_PWM_Stop
                0x0000000008011c80       0x80 Thirdparty/STM32F0xx_HAL_Driver/Src/stm32f0xx_hal_tim.o
                0x0000000008011c80                HAL_TIM_PWM_Stop
 .text.HAL_TIMEx_MasterConfigSynchronization
                0x0000000008011d00       0x4c Thirdparty/STM32F0xx_HAL_Driver/Src/stm32f0xx_hal_tim_ex.o
                0x0000000008011d00                HAL_TIMEx_MasterConfigSynchronization
 .text.HAL_UART_MspDeInit
                0x0000000008011d4c        0x2 Thirdparty/STM32F0xx_HAL_Driver/Src/stm32f0xx_hal_uart.o
                0x0000000008011d4c                HAL_UART_MspDeInit
 .text.HAL_UART_DeInit
                0x0000000008011d4e       0x3a Thirdparty/STM32F0xx_HAL_Driver/Src/stm32f0xx_hal_uart.o
                0x0000000008011d4e                HAL_UART_DeInit
 .text.HAL_UART_Transmit_IT
                0x0000000008011d88       0x78 Thirdparty/STM32F0xx_HAL_Driver/Src/stm32f0xx_hal_uart.o
                0x0000000008011d88                HAL_UART_Transmit_IT
 .text.HAL_UART_Receive_IT
                0x0000000008011e00       0xe0 Thirdparty/STM32F0xx_HAL_Driver/Src/stm32f0xx_hal_uart.o
                0x0000000008011e00                HAL_UART_Receive_IT
 .text.HAL_UART_Transmit_DMA
                0x0000000008011ee0       0xa0 Thirdparty/STM32F0xx_HAL_Driver/Src/stm32f0xx_hal_uart.o
                0x0000000008011ee0                HAL_UART_Transmit_DMA
 .text.HAL_UART_Receive_DMA
                0x0000000008011f80       0x98 Thirdparty/STM32F0xx_HAL_Driver/Src/stm32f0xx_hal_uart.o
                0x0000000008011f80                HAL_UART_Receive_DMA
 .text.UART_DMATransmitCplt
                0x0000000008012018       0x30 Thirdparty/STM32F0xx_HAL_Driver/Src/stm32f0xx_hal_uart.o
 .text.HAL_UART_TxHalfCpltCallback
                0x0000000008012048        0x2 Thirdparty/STM32F0xx_HAL_Driver/Src/stm32f0xx_hal_uart.o
                0x0000000008012048                HAL_UART_TxHalfCpltCallback
 .text.UART_DMATxHalfCplt
                0x000000000801204a        0xa Thirdparty/STM32F0xx_HAL_Driver/Src/stm32f0xx_hal_uart.o
 .text.UART_DMAReceiveCplt
                0x0000000008012054       0x3a Thirdparty/STM32F0xx_HAL_Driver/Src/stm32f0xx_hal_uart.o
 .text.HAL_UART_RxHalfCpltCallback
                0x000000000801208e        0x2 Thirdparty/STM32F0xx_HAL_Driver/Src/stm32f0xx_hal_uart.o
                0x000000000801208e                HAL_UART_RxHalfCpltCallback
 .text.UART_DMARxHalfCplt
                0x0000000008012090        0xa Thirdparty/STM32F0xx_HAL_Driver/Src/stm32f0xx_hal_uart.o
 .text.UART_DMAError
                0x000000000801209a       0x22 Thirdparty/STM32F0xx_HAL_Driver/Src/stm32f0xx_hal_uart.o
 .text.UART_SetConfig
                0x00000000080120bc      0x248 Thirdparty/STM32F0xx_HAL_Driver/Src/stm32f0xx_hal_uart.o
                0x00000000080120bc                UART_SetConfig
 .text.UART_AdvFeatureConfig
                0x0000000008012304       0xe0 Thirdparty/STM32F0xx_HAL_Driver/Src/stm32f0xx_hal_uart.o
                0x0000000008012304                UART_AdvFeatureConfig
 .text.UART_WaitOnFlagUntilTimeout
                0x00000000080123e4       0xd0 Thirdparty/STM32F0xx_HAL_Driver/Src/stm32f0xx_hal_uart.o
                0x00000000080123e4                UART_WaitOnFlagUntilTimeout
 .text.HAL_UART_Transmit
                0x00000000080124b4       0xd4 Thirdparty/STM32F0xx_HAL_Driver/Src/stm32f0xx_hal_uart.o
                0x00000000080124b4                HAL_UART_Transmit
 .text.UART_CheckIdleState
                0x0000000008012588       0x78 Thirdparty/STM32F0xx_HAL_Driver/Src/stm32f0xx_hal_uart.o
                0x0000000008012588                UART_CheckIdleState
 .text.HAL_UART_Init
                0x0000000008012600       0x70 Thirdparty/STM32F0xx_HAL_Driver/Src/stm32f0xx_hal_uart.o
                0x0000000008012600                HAL_UART_Init
 .text.UART_Transmit_IT
                0x0000000008012670       0x70 Thirdparty/STM32F0xx_HAL_Driver/Src/stm32f0xx_hal_uart.o
                0x0000000008012670                UART_Transmit_IT
 .text.UART_EndTransmit_IT
                0x00000000080126e0       0x32 Thirdparty/STM32F0xx_HAL_Driver/Src/stm32f0xx_hal_uart.o
                0x00000000080126e0                UART_EndTransmit_IT
 *fill*         0x0000000008012712        0x2 
 .text.UART_Receive_IT
                0x0000000008012714       0x98 Thirdparty/STM32F0xx_HAL_Driver/Src/stm32f0xx_hal_uart.o
                0x0000000008012714                UART_Receive_IT
 .text.HAL_UARTEx_WakeupCallback
                0x00000000080127ac        0x2 Thirdparty/STM32F0xx_HAL_Driver/Src/stm32f0xx_hal_uart_ex.o
                0x00000000080127ac                HAL_UARTEx_WakeupCallback
 .text.HAL_UART_IRQHandler
                0x00000000080127ae       0xfc Thirdparty/STM32F0xx_HAL_Driver/Src/stm32f0xx_hal_uart_ex.o
                0x00000000080127ae                HAL_UART_IRQHandler
 .text.main     0x00000000080128aa       0x18 User/main.o
                0x00000000080128aa                main
 .text.UserTask
                0x00000000080128c2        0x2 User/main.o
                0x00000000080128c2                UserTask
 .text.atof     0x00000000080128c4        0xa c:/st/stm32cubeide_1.3.0/stm32cubeide/plugins/com.st.stm32cube.ide.mcu.externaltools.gnu-tools-for-stm32.7-2018-q2-update.win32_1.0.0.201904181610/tools/bin/../lib/gcc/arm-none-eabi/7.3.1/../../../../arm-none-eabi/lib/thumb/v6-m\libc.a(lib_a-atof.o)
                0x00000000080128c4                atof
 .text.atoi     0x00000000080128ce        0xc c:/st/stm32cubeide_1.3.0/stm32cubeide/plugins/com.st.stm32cube.ide.mcu.externaltools.gnu-tools-for-stm32.7-2018-q2-update.win32_1.0.0.201904181610/tools/bin/../lib/gcc/arm-none-eabi/7.3.1/../../../../arm-none-eabi/lib/thumb/v6-m\libc.a(lib_a-atoi.o)
                0x00000000080128ce                atoi
 .text.atol     0x00000000080128da        0xc c:/st/stm32cubeide_1.3.0/stm32cubeide/plugins/com.st.stm32cube.ide.mcu.externaltools.gnu-tools-for-stm32.7-2018-q2-update.win32_1.0.0.201904181610/tools/bin/../lib/gcc/arm-none-eabi/7.3.1/../../../../arm-none-eabi/lib/thumb/v6-m\libc.a(lib_a-atol.o)
                0x00000000080128da                atol
 *fill*         0x00000000080128e6        0x2 
 .text.__libc_init_array
                0x00000000080128e8       0x48 c:/st/stm32cubeide_1.3.0/stm32cubeide/plugins/com.st.stm32cube.ide.mcu.externaltools.gnu-tools-for-stm32.7-2018-q2-update.win32_1.0.0.201904181610/tools/bin/../lib/gcc/arm-none-eabi/7.3.1/../../../../arm-none-eabi/lib/thumb/v6-m\libc.a(lib_a-init.o)
                0x00000000080128e8                __libc_init_array
 .text.__locale_ctype_ptr_l
                0x0000000008012930        0x6 c:/st/stm32cubeide_1.3.0/stm32cubeide/plugins/com.st.stm32cube.ide.mcu.externaltools.gnu-tools-for-stm32.7-2018-q2-update.win32_1.0.0.201904181610/tools/bin/../lib/gcc/arm-none-eabi/7.3.1/../../../../arm-none-eabi/lib/thumb/v6-m\libc.a(lib_a-locale.o)
                0x0000000008012930                __locale_ctype_ptr_l
 *fill*         0x0000000008012936        0x2 
 .text.__locale_ctype_ptr
                0x0000000008012938       0x1c c:/st/stm32cubeide_1.3.0/stm32cubeide/plugins/com.st.stm32cube.ide.mcu.externaltools.gnu-tools-for-stm32.7-2018-q2-update.win32_1.0.0.201904181610/tools/bin/../lib/gcc/arm-none-eabi/7.3.1/../../../../arm-none-eabi/lib/thumb/v6-m\libc.a(lib_a-locale.o)
                0x0000000008012938                __locale_ctype_ptr
 .text.malloc   0x0000000008012954       0x14 c:/st/stm32cubeide_1.3.0/stm32cubeide/plugins/com.st.stm32cube.ide.mcu.externaltools.gnu-tools-for-stm32.7-2018-q2-update.win32_1.0.0.201904181610/tools/bin/../lib/gcc/arm-none-eabi/7.3.1/../../../../arm-none-eabi/lib/thumb/v6-m\libc.a(lib_a-malloc.o)
                0x0000000008012954                malloc
 .text.free     0x0000000008012968       0x14 c:/st/stm32cubeide_1.3.0/stm32cubeide/plugins/com.st.stm32cube.ide.mcu.externaltools.gnu-tools-for-stm32.7-2018-q2-update.win32_1.0.0.201904181610/tools/bin/../lib/gcc/arm-none-eabi/7.3.1/../../../../arm-none-eabi/lib/thumb/v6-m\libc.a(lib_a-malloc.o)
                0x0000000008012968                free
 .text._malloc_r
                0x000000000801297c      0x430 c:/st/stm32cubeide_1.3.0/stm32cubeide/plugins/com.st.stm32cube.ide.mcu.externaltools.gnu-tools-for-stm32.7-2018-q2-update.win32_1.0.0.201904181610/tools/bin/../lib/gcc/arm-none-eabi/7.3.1/../../../../arm-none-eabi/lib/thumb/v6-m\libc.a(lib_a-mallocr.o)
                0x000000000801297c                _malloc_r
 .text.__ascii_mbtowc
                0x0000000008012dac       0x24 c:/st/stm32cubeide_1.3.0/stm32cubeide/plugins/com.st.stm32cube.ide.mcu.externaltools.gnu-tools-for-stm32.7-2018-q2-update.win32_1.0.0.201904181610/tools/bin/../lib/gcc/arm-none-eabi/7.3.1/../../../../arm-none-eabi/lib/thumb/v6-m\libc.a(lib_a-mbtowc_r.o)
                0x0000000008012dac                __ascii_mbtowc
 .text.memcmp   0x0000000008012dd0       0x1e c:/st/stm32cubeide_1.3.0/stm32cubeide/plugins/com.st.stm32cube.ide.mcu.externaltools.gnu-tools-for-stm32.7-2018-q2-update.win32_1.0.0.201904181610/tools/bin/../lib/gcc/arm-none-eabi/7.3.1/../../../../arm-none-eabi/lib/thumb/v6-m\libc.a(lib_a-memcmp.o)
                0x0000000008012dd0                memcmp
 .text.memcpy   0x0000000008012dee       0x12 c:/st/stm32cubeide_1.3.0/stm32cubeide/plugins/com.st.stm32cube.ide.mcu.externaltools.gnu-tools-for-stm32.7-2018-q2-update.win32_1.0.0.201904181610/tools/bin/../lib/gcc/arm-none-eabi/7.3.1/../../../../arm-none-eabi/lib/thumb/v6-m\libc.a(lib_a-memcpy-stub.o)
                0x0000000008012dee                memcpy
 .text.memset   0x0000000008012e00       0x10 c:/st/stm32cubeide_1.3.0/stm32cubeide/plugins/com.st.stm32cube.ide.mcu.externaltools.gnu-tools-for-stm32.7-2018-q2-update.win32_1.0.0.201904181610/tools/bin/../lib/gcc/arm-none-eabi/7.3.1/../../../../arm-none-eabi/lib/thumb/v6-m\libc.a(lib_a-memset.o)
                0x0000000008012e00                memset
 .text.__malloc_lock
                0x0000000008012e10       0x10 c:/st/stm32cubeide_1.3.0/stm32cubeide/plugins/com.st.stm32cube.ide.mcu.externaltools.gnu-tools-for-stm32.7-2018-q2-update.win32_1.0.0.201904181610/tools/bin/../lib/gcc/arm-none-eabi/7.3.1/../../../../arm-none-eabi/lib/thumb/v6-m\libc.a(lib_a-mlock.o)
                0x0000000008012e10                __malloc_lock
 .text.__malloc_unlock
                0x0000000008012e20       0x10 c:/st/stm32cubeide_1.3.0/stm32cubeide/plugins/com.st.stm32cube.ide.mcu.externaltools.gnu-tools-for-stm32.7-2018-q2-update.win32_1.0.0.201904181610/tools/bin/../lib/gcc/arm-none-eabi/7.3.1/../../../../arm-none-eabi/lib/thumb/v6-m\libc.a(lib_a-mlock.o)
                0x0000000008012e20                __malloc_unlock
 .text.rand     0x0000000008012e30       0x34 c:/st/stm32cubeide_1.3.0/stm32cubeide/plugins/com.st.stm32cube.ide.mcu.externaltools.gnu-tools-for-stm32.7-2018-q2-update.win32_1.0.0.201904181610/tools/bin/../lib/gcc/arm-none-eabi/7.3.1/../../../../arm-none-eabi/lib/thumb/v6-m\libc.a(lib_a-rand.o)
                0x0000000008012e30                rand
 .text.realloc  0x0000000008012e64       0x14 c:/st/stm32cubeide_1.3.0/stm32cubeide/plugins/com.st.stm32cube.ide.mcu.externaltools.gnu-tools-for-stm32.7-2018-q2-update.win32_1.0.0.201904181610/tools/bin/../lib/gcc/arm-none-eabi/7.3.1/../../../../arm-none-eabi/lib/thumb/v6-m\libc.a(lib_a-realloc.o)
                0x0000000008012e64                realloc
 .text._realloc_r
                0x0000000008012e78      0x358 c:/st/stm32cubeide_1.3.0/stm32cubeide/plugins/com.st.stm32cube.ide.mcu.externaltools.gnu-tools-for-stm32.7-2018-q2-update.win32_1.0.0.201904181610/tools/bin/../lib/gcc/arm-none-eabi/7.3.1/../../../../arm-none-eabi/lib/thumb/v6-m\libc.a(lib_a-reallocr.o)
                0x0000000008012e78                _realloc_r
 .text._sbrk_r  0x00000000080131d0       0x24 c:/st/stm32cubeide_1.3.0/stm32cubeide/plugins/com.st.stm32cube.ide.mcu.externaltools.gnu-tools-for-stm32.7-2018-q2-update.win32_1.0.0.201904181610/tools/bin/../lib/gcc/arm-none-eabi/7.3.1/../../../../arm-none-eabi/lib/thumb/v6-m\libc.a(lib_a-sbrkr.o)
                0x00000000080131d0                _sbrk_r
 .text.sprintf  0x00000000080131f4       0x40 c:/st/stm32cubeide_1.3.0/stm32cubeide/plugins/com.st.stm32cube.ide.mcu.externaltools.gnu-tools-for-stm32.7-2018-q2-update.win32_1.0.0.201904181610/tools/bin/../lib/gcc/arm-none-eabi/7.3.1/../../../../arm-none-eabi/lib/thumb/v6-m\libc.a(lib_a-sprintf.o)
                0x00000000080131f4                sprintf
 .text.strcat   0x0000000008013234       0x1c c:/st/stm32cubeide_1.3.0/stm32cubeide/plugins/com.st.stm32cube.ide.mcu.externaltools.gnu-tools-for-stm32.7-2018-q2-update.win32_1.0.0.201904181610/tools/bin/../lib/gcc/arm-none-eabi/7.3.1/../../../../arm-none-eabi/lib/thumb/v6-m\libc.a(lib_a-strcat.o)
                0x0000000008013234                strcat
 .text.strchr   0x0000000008013250       0x1c c:/st/stm32cubeide_1.3.0/stm32cubeide/plugins/com.st.stm32cube.ide.mcu.externaltools.gnu-tools-for-stm32.7-2018-q2-update.win32_1.0.0.201904181610/tools/bin/../lib/gcc/arm-none-eabi/7.3.1/../../../../arm-none-eabi/lib/thumb/v6-m\libc.a(lib_a-strchr.o)
                0x0000000008013250                strchr
 .text.strcpy   0x000000000801326c       0x10 c:/st/stm32cubeide_1.3.0/stm32cubeide/plugins/com.st.stm32cube.ide.mcu.externaltools.gnu-tools-for-stm32.7-2018-q2-update.win32_1.0.0.201904181610/tools/bin/../lib/gcc/arm-none-eabi/7.3.1/../../../../arm-none-eabi/lib/thumb/v6-m\libc.a(lib_a-strcpy.o)
                0x000000000801326c                strcpy
 .text.strncmp  0x000000000801327c       0x22 c:/st/stm32cubeide_1.3.0/stm32cubeide/plugins/com.st.stm32cube.ide.mcu.externaltools.gnu-tools-for-stm32.7-2018-q2-update.win32_1.0.0.201904181610/tools/bin/../lib/gcc/arm-none-eabi/7.3.1/../../../../arm-none-eabi/lib/thumb/v6-m\libc.a(lib_a-strncmp.o)
                0x000000000801327c                strncmp
 .text.strncpy  0x000000000801329e       0x28 c:/st/stm32cubeide_1.3.0/stm32cubeide/plugins/com.st.stm32cube.ide.mcu.externaltools.gnu-tools-for-stm32.7-2018-q2-update.win32_1.0.0.201904181610/tools/bin/../lib/gcc/arm-none-eabi/7.3.1/../../../../arm-none-eabi/lib/thumb/v6-m\libc.a(lib_a-strncpy.o)
                0x000000000801329e                strncpy
 *fill*         0x00000000080132c6        0x2 
 .text.unlikely.sulp