Archive member included to satisfy reference by file (symbol)

c:/st/stm32cubeide_1.5.1/stm32cubeide/plugins/com.st.stm32cube.ide.mcu.externaltools.gnu-tools-for-stm32.7-2018-q2-update.win32_1.5.0.202011040924/tools/bin/../lib/gcc/arm-none-eabi/7.3.1/../../../../arm-none-eabi/lib/thumb/v6-m\libc.a(lib_a-atof.o)
                              BOS/BOS_CLI.o (atof)
c:/st/stm32cubeide_1.5.1/stm32cubeide/plugins/com.st.stm32cube.ide.mcu.externaltools.gnu-tools-for-stm32.7-2018-q2-update.win32_1.5.0.202011040924/tools/bin/../lib/gcc/arm-none-eabi/7.3.1/../../../../arm-none-eabi/lib/thumb/v6-m\libc.a(lib_a-atoi.o)
                              BOS/BOS_CLI.o (atoi)
c:/st/stm32cubeide_1.5.1/stm32cubeide/plugins/com.st.stm32cube.ide.mcu.externaltools.gnu-tools-for-stm32.7-2018-q2-update.win32_1.5.0.202011040924/tools/bin/../lib/gcc/arm-none-eabi/7.3.1/../../../../arm-none-eabi/lib/thumb/v6-m\libc.a(lib_a-atol.o)
                              BOS/BOS.o (atol)
c:/st/stm32cubeide_1.5.1/stm32cubeide/plugins/com.st.stm32cube.ide.mcu.externaltools.gnu-tools-for-stm32.7-2018-q2-update.win32_1.5.0.202011040924/tools/bin/../lib/gcc/arm-none-eabi/7.3.1/../../../../arm-none-eabi/lib/thumb/v6-m\libc.a(lib_a-exit.o)
                              c:/st/stm32cubeide_1.5.1/stm32cubeide/plugins/com.st.stm32cube.ide.mcu.externaltools.gnu-tools-for-stm32.7-2018-q2-update.win32_1.5.0.202011040924/tools/bin/../lib/gcc/arm-none-eabi/7.3.1/../../../../arm-none-eabi/lib/thumb/v6-m/crt0.o (exit)
c:/st/stm32cubeide_1.5.1/stm32cubeide/plugins/com.st.stm32cube.ide.mcu.externaltools.gnu-tools-for-stm32.7-2018-q2-update.win32_1.5.0.202011040924/tools/bin/../lib/gcc/arm-none-eabi/7.3.1/../../../../arm-none-eabi/lib/thumb/v6-m\libc.a(lib_a-impure.o)
                              c:/st/stm32cubeide_1.5.1/stm32cubeide/plugins/com.st.stm32cube.ide.mcu.externaltools.gnu-tools-for-stm32.7-2018-q2-update.win32_1.5.0.202011040924/tools/bin/../lib/gcc/arm-none-eabi/7.3.1/../../../../arm-none-eabi/lib/thumb/v6-m\libc.a(lib_a-exit.o) (_global_impure_ptr)
c:/st/stm32cubeide_1.5.1/stm32cubeide/plugins/com.st.stm32cube.ide.mcu.externaltools.gnu-tools-for-stm32.7-2018-q2-update.win32_1.5.0.202011040924/tools/bin/../lib/gcc/arm-none-eabi/7.3.1/../../../../arm-none-eabi/lib/thumb/v6-m\libc.a(lib_a-init.o)
                              c:/st/stm32cubeide_1.5.1/stm32cubeide/plugins/com.st.stm32cube.ide.mcu.externaltools.gnu-tools-for-stm32.7-2018-q2-update.win32_1.5.0.202011040924/tools/bin/../lib/gcc/arm-none-eabi/7.3.1/../../../../arm-none-eabi/lib/thumb/v6-m/crt0.o (__libc_init_array)
c:/st/stm32cubeide_1.5.1/stm32cubeide/plugins/com.st.stm32cube.ide.mcu.externaltools.gnu-tools-for-stm32.7-2018-q2-update.win32_1.5.0.202011040924/tools/bin/../lib/gcc/arm-none-eabi/7.3.1/../../../../arm-none-eabi/lib/thumb/v6-m\libc.a(lib_a-locale.o)
                              BOS/BOS_CLI.o (__locale_ctype_ptr)
c:/st/stm32cubeide_1.5.1/stm32cubeide/plugins/com.st.stm32cube.ide.mcu.externaltools.gnu-tools-for-stm32.7-2018-q2-update.win32_1.5.0.202011040924/tools/bin/../lib/gcc/arm-none-eabi/7.3.1/../../../../arm-none-eabi/lib/thumb/v6-m\libc.a(lib_a-malloc.o)
                              BOS/BOS.o (malloc)
c:/st/stm32cubeide_1.5.1/stm32cubeide/plugins/com.st.stm32cube.ide.mcu.externaltools.gnu-tools-for-stm32.7-2018-q2-update.win32_1.5.0.202011040924/tools/bin/../lib/gcc/arm-none-eabi/7.3.1/../../../../arm-none-eabi/lib/thumb/v6-m\libc.a(lib_a-mallocr.o)
                              c:/st/stm32cubeide_1.5.1/stm32cubeide/plugins/com.st.stm32cube.ide.mcu.externaltools.gnu-tools-for-stm32.7-2018-q2-update.win32_1.5.0.202011040924/tools/bin/../lib/gcc/arm-none-eabi/7.3.1/../../../../arm-none-eabi/lib/thumb/v6-m\libc.a(lib_a-malloc.o) (_malloc_r)
c:/st/stm32cubeide_1.5.1/stm32cubeide/plugins/com.st.stm32cube.ide.mcu.externaltools.gnu-tools-for-stm32.7-2018-q2-update.win32_1.5.0.202011040924/tools/bin/../lib/gcc/arm-none-eabi/7.3.1/../../../../arm-none-eabi/lib/thumb/v6-m\libc.a(lib_a-mbtowc_r.o)
                              c:/st/stm32cubeide_1.5.1/stm32cubeide/plugins/com.st.stm32cube.ide.mcu.externaltools.gnu-tools-for-stm32.7-2018-q2-update.win32_1.5.0.202011040924/tools/bin/../lib/gcc/arm-none-eabi/7.3.1/../../../../arm-none-eabi/lib/thumb/v6-m\libc.a(lib_a-locale.o) (__ascii_mbtowc)
c:/st/stm32cubeide_1.5.1/stm32cubeide/plugins/com.st.stm32cube.ide.mcu.externaltools.gnu-tools-for-stm32.7-2018-q2-update.win32_1.5.0.202011040924/tools/bin/../lib/gcc/arm-none-eabi/7.3.1/../../../../arm-none-eabi/lib/thumb/v6-m\libc.a(lib_a-memcmp.o)
                              Thirdparty/Middleware/FreeRTOS/Source/tasks.o (memcmp)
c:/st/stm32cubeide_1.5.1/stm32cubeide/plugins/com.st.stm32cube.ide.mcu.externaltools.gnu-tools-for-stm32.7-2018-q2-update.win32_1.5.0.202011040924/tools/bin/../lib/gcc/arm-none-eabi/7.3.1/../../../../arm-none-eabi/lib/thumb/v6-m\libc.a(lib_a-memcpy-stub.o)
                              BOS/BOS.o (memcpy)
[...]
Memory Configuration

Name             Origin             Length             Attributes
RAM              0x0000000020000000 0x0000000000008000 xrw
FLASH            0x0000000008000000 0x0000000000040000 xr
*default*        0x0000000000000000 0xffffffffffffffff

Linker script and memory map

LOAD c:/st/stm32cubeide_1.5.1/stm32cubeide/plugins/com.st.stm32cube.ide.mcu.externaltools.gnu-tools-for-stm32.7-2018-q2-update.win32_1.5.0.202011040924/tools/bin/../lib/gcc/arm-none-eabi/7.3.1/thumb/v6-m/crti.o
LOAD c:/st/stm32cubeide_1.5.1/stm32cubeide/plugins/com.st.stm32cube.ide.mcu.externaltools.gnu-tools-for-stm32.7-2018-q2-update.win32_1.5.0.202011040924/tools/bin/../lib/gcc/arm-none-eabi/7.3.1/thumb/v6-m/crtbegin.o
LOAD c:/st/stm32cubeide_1.5.1/stm32cubeide/plugins/com.st.stm32cube.ide.mcu.externaltools.gnu-tools-for-stm32.7-2018-q2-update.win32_1.5.0.202011040924/tools/bin/../lib/gcc/arm-none-eabi/7.3.1/../../../../arm-none-eabi/lib/thumb/v6-m/crt0.o
LOAD BOS/BOS.o
LOAD BOS/BOS_CLI.o
LOAD BOS/BOS_CLIcommands.o
LOAD BOS/BOS_dma.o
LOAD BOS/BOS_eeprom.o
LOAD BOS/BOS_freertos.o
LOAD BOS/BOS_inputs.o
LOAD BOS/BOS_messaging.o
LOAD BOS/BOS_msgparser.o
LOAD H0FR6/H0FR6.o
LOAD H0FR6/H0FR6_adc.o
LOAD H0FR6/H0FR6_dma.o
LOAD H0FR6/H0FR6_gpio.o
LOAD H0FR6/H0FR6_it.o
LOAD H0FR6/H0FR6_rtc.o
LOAD H0FR6/H0FR6_timers.o
LOAD H0FR6/H0FR6_uart.o
LOAD H0FR6/startup_stm32f091xc.o
LOAD Thirdparty/CMSIS/Device/ST/STM32F0xx/Source/Templates/system_stm32f0xx.o
LOAD Thirdparty/Middleware/FreeRTOS/Source/CMSIS_RTOS/cmsis_os.o
LOAD Thirdparty/Middleware/FreeRTOS/Source/FreeRTOS_CLI.o
LOAD Thirdparty/Middleware/FreeRTOS/Source/croutine.o
LOAD Thirdparty/Middleware/FreeRTOS/Source/event_groups.o
LOAD Thirdparty/Middleware/FreeRTOS/Source/list.o
LOAD Thirdparty/Middleware/FreeRTOS/Source/queue.o
LOAD Thirdparty/Middleware/FreeRTOS/Source/tasks.o
LOAD Thirdparty/Middleware/FreeRTOS/Source/timers.o
LOAD Thirdparty/Middleware/FreeRTOS/Source/portable/GCC/ARM_CM0/port.o
LOAD Thirdparty/Middleware/FreeRTOS/Source/portable/MemMang/heap_4.o
LOAD Thirdparty/STM32F0xx_HAL_Driver/Src/stm32f0xx_hal.o
LOAD Thirdparty/STM32F0xx_HAL_Driver/Src/stm32f0xx_hal_adc.o
LOAD Thirdparty/STM32F0xx_HAL_Driver/Src/stm32f0xx_hal_adc_ex.o
LOAD Thirdparty/STM32F0xx_HAL_Driver/Src/stm32f0xx_hal_can.o
LOAD Thirdparty/STM32F0xx_HAL_Driver/Src/stm32f0xx_hal_cec.o
LOAD Thirdparty/STM32F0xx_HAL_Driver/Src/stm32f0xx_hal_comp.o
LOAD Thirdparty/STM32F0xx_HAL_Driver/Src/stm32f0xx_hal_cortex.o
LOAD Thirdparty/STM32F0xx_HAL_Driver/Src/stm32f0xx_hal_crc.o
LOAD Thirdparty/STM32F0xx_HAL_Driver/Src/stm32f0xx_hal_crc_ex.o
LOAD Thirdparty/STM32F0xx_HAL_Driver/Src/stm32f0xx_hal_dac.o
LOAD Thirdparty/STM32F0xx_HAL_Driver/Src/stm32f0xx_hal_dac_ex.o
LOAD Thirdparty/STM32F0xx_HAL_Driver/Src/stm32f0xx_hal_dma.o
LOAD Thirdparty/STM32F0xx_HAL_Driver/Src/stm32f0xx_hal_flash.o
LOAD Thirdparty/STM32F0xx_HAL_Driver/Src/stm32f0xx_hal_flash_ex.o
LOAD Thirdparty/STM32F0xx_HAL_Driver/Src/stm32f0xx_hal_gpio.o
LOAD Thirdparty/STM32F0xx_HAL_Driver/Src/stm32f0xx_hal_i2c.o
LOAD Thirdparty/STM32F0xx_HAL_Driver/Src/stm32f0xx_hal_i2c_ex.o
LOAD Thirdparty/STM32F0xx_HAL_Driver/Src/stm32f0xx_hal_i2s.o
LOAD Thirdparty/STM32F0xx_HAL_Driver/Src/stm32f0xx_hal_irda.o
LOAD Thirdparty/STM32F0xx_HAL_Driver/Src/stm32f0xx_hal_iwdg.o
LOAD Thirdparty/STM32F0xx_HAL_Driver/Src/stm32f0xx_hal_msp_template.o
LOAD Thirdparty/STM32F0xx_HAL_Driver/Src/stm32f0xx_hal_pcd.o
LOAD Thirdparty/STM32F0xx_HAL_Driver/Src/stm32f0xx_hal_pcd_ex.o
LOAD Thirdparty/STM32F0xx_HAL_Driver/Src/stm32f0xx_hal_pwr.o
LOAD Thirdparty/STM32F0xx_HAL_Driver/Src/stm32f0xx_hal_pwr_ex.o
LOAD Thirdparty/STM32F0xx_HAL_Driver/Src/stm32f0xx_hal_rcc.o
LOAD Thirdparty/STM32F0xx_HAL_Driver/Src/stm32f0xx_hal_rcc_ex.o
LOAD Thirdparty/STM32F0xx_HAL_Driver/Src/stm32f0xx_hal_rtc.o
LOAD Thirdparty/STM32F0xx_HAL_Driver/Src/stm32f0xx_hal_rtc_ex.o
LOAD Thirdparty/STM32F0xx_HAL_Driver/Src/stm32f0xx_hal_smartcard.o
LOAD Thirdparty/STM32F0xx_HAL_Driver/Src/stm32f0xx_hal_smartcard_ex.o
LOAD Thirdparty/STM32F0xx_HAL_Driver/Src/stm32f0xx_hal_smbus.o
LOAD Thirdparty/STM32F0xx_HAL_Driver/Src/stm32f0xx_hal_spi.o
LOAD Thirdparty/STM32F0xx_HAL_Driver/Src/stm32f0xx_hal_spi_ex.o
LOAD Thirdparty/STM32F0xx_HAL_Driver/Src/stm32f0xx_hal_tim.o
LOAD Thirdparty/STM32F0xx_HAL_Driver/Src/stm32f0xx_hal_tim_ex.o
LOAD Thirdparty/STM32F0xx_HAL_Driver/Src/stm32f0xx_hal_tsc.o
LOAD Thirdparty/STM32F0xx_HAL_Driver/Src/stm32f0xx_hal_uart.o
LOAD Thirdparty/STM32F0xx_HAL_Driver/Src/stm32f0xx_hal_uart_ex.o
LOAD Thirdparty/STM32F0xx_HAL_Driver/Src/stm32f0xx_hal_usart.o
LOAD Thirdparty/STM32F0xx_HAL_Driver/Src/stm32f0xx_hal_wwdg.o
LOAD User/main.o
START GROUP
LOAD c:/st/stm32cubeide_1.5.1/stm32cubeide/plugins/com.st.stm32cube.ide.mcu.externaltools.gnu-tools-for-stm32.7-2018-q2-update.win32_1.5.0.202011040924/tools/bin/../lib/gcc/arm-none-eabi/7.3.1/../../../../arm-none-eabi/lib/thumb/v6-m\libc.a
LOAD c:/st/stm32cubeide_1.5.1/stm32cubeide/plugins/com.st.stm32cube.ide.mcu.externaltools.gnu-tools-for-stm32.7-2018-q2-update.win32_1.5.0.202011040924/tools/bin/../lib/gcc/arm-none-eabi/7.3.1/../../../../arm-none-eabi/lib/thumb/v6-m\libm.a
END GROUP
START GROUP
LOAD c:/st/stm32cubeide_1.5.1/stm32cubeide/plugins/com.st.stm32cube.ide.mcu.externaltools.gnu-tools-for-stm32.7-2018-q2-update.win32_1.5.0.202011040924/tools/bin/../lib/gcc/arm-none-eabi/7.3.1/thumb/v6-m\libgcc.a
LOAD c:/st/stm32cubeide_1.5.1/stm32cubeide/plugins/com.st.stm32cube.ide.mcu.externaltools.gnu-tools-for-stm32.7-2018-q2-update.win32_1.5.0.202011040924/tools/bin/../lib/gcc/arm-none-eabi/7.3.1/../../../../arm-none-eabi/lib/thumb/v6-m\libc.a
END GROUP
START GROUP
LOAD c:/st/stm32cubeide_1.5.1/stm32cubeide/plugins/com.st.stm32cube.ide.mcu.externaltools.gnu-tools-for-stm32.7-2018-q2-update.win32_1.5.0.202011040924/tools/bin/../lib/gcc/arm-none-eabi/7.3.1/thumb/v6-m\libgcc.a
LOAD c:/st/stm32cubeide_1.5.1/stm32cubeide/plugins/com.st.stm32cube.ide.mcu.externaltools.gnu-tools-for-stm32.7-2018-q2-update.win32_1.5.0.202011040924/tools/bin/../lib/gcc/arm-none-eabi/7.3.1/../../../../arm-none-eabi/lib/thumb/v6-m\libc.a
LOAD c:/st/stm32cubeide_1.5.1/stm32cubeide/plugins/com.st.stm32cube.ide.mcu.externaltools.gnu-tools-for-stm32.7-2018-q2-update.win32_1.5.0.202011040924/tools/bin/../lib/gcc/arm-none-eabi/7.3.1/../../../../arm-none-eabi/lib/thumb/v6-m\libnosys.a
END GROUP
LOAD c:/st/stm32cubeide_1.5.1/stm32cubeide/plugins/com.st.stm32cube.ide.mcu.externaltools.gnu-tools-for-stm32.7-2018-q2-update.win32_1.5.0.202011040924/tools/bin/../lib/gcc/arm-none-eabi/7.3.1/thumb/v6-m/crtend.o
LOAD c:/st/stm32cubeide_1.5.1/stm32cubeide/plugins/com.st.stm32cube.ide.mcu.externaltools.gnu-tools-for-stm32.7-2018-q2-update.win32_1.5.0.202011040924/tools/bin/../lib/gcc/arm-none-eabi/7.3.1/thumb/v6-m/crtn.o
                0x0000000020008000                _estack = (ORIGIN (RAM) + LENGTH (RAM))
                0x0000000000000200                _Min_Heap_Size = 0x200
                0x0000000000000400                _Min_Stack_Size = 0x400

.isr_vector     0x0000000008000000       0xbc
                0x0000000008000000                . = ALIGN (0x4)
 *(.isr_vector)
 .isr_vector    0x0000000008000000       0xbc H0FR6/startup_stm32f091xc.o
                0x0000000008000000                g_pfnVectors
                0x00000000080000bc                . = ALIGN (0x4)

.text           0x00000000080000bc    0x19204
                0x00000000080000bc                . = ALIGN (0x4)
 *(.text)
 .text          0x00000000080000bc       0x48 c:/st/stm32cubeide_1.5.1/stm32cubeide/plugins/com.st.stm32cube.ide.mcu.externaltools.gnu-tools-for-stm32.7-2018-q2-update.win32_1.5.0.202011040924/tools/bin/../lib/gcc/arm-none-eabi/7.3.1/thumb/v6-m/crtbegin.o
 .text          0x0000000008000104       0x14 c:/st/stm32cubeide_1.5.1/stm32cubeide/plugins/com.st.stm32cube.ide.mcu.externaltools.gnu-tools-for-stm32.7-2018-q2-update.win32_1.5.0.202011040924/tools/bin/../lib/gcc/arm-none-eabi/7.3.1/../../../../arm-none-eabi/lib/thumb/v6-m\libc.a(lib_a-strcmp.o)
                0x0000000008000104                strcmp
 .text          0x0000000008000118        0xe c:/st/stm32cubeide_1.5.1/stm32cubeide/plugins/com.st.stm32cube.ide.mcu.externaltools.gnu-tools-for-stm32.7-2018-q2-update.win32_1.5.0.202011040924/tools/bin/../lib/gcc/arm-none-eabi/7.3.1/../../../../arm-none-eabi/lib/thumb/v6-m\libc.a(lib_a-strlen.o)
                0x0000000008000118                strlen
 *fill*         0x0000000008000126        0x2 
 .text          0x0000000008000128       0x14 c:/st/stm32cubeide_1.5.1/stm32cubeide/plugins/com.st.stm32cube.ide.mcu.externaltools.gnu-tools-for-stm32.7-2018-q2-update.win32_1.5.0.202011040924/tools/bin/../lib/gcc/arm-none-eabi/7.3.1/thumb/v6-m\libgcc.a(_thumb1_case_uqi.o)
                0x0000000008000128                __gnu_thumb1_case_uqi
 .text          0x000000000800013c       0x14 c:/st/stm32cubeide_1.5.1/stm32cubeide/plugins/com.st.stm32cube.ide.mcu.externaltools.gnu-tools-for-stm32.7-2018-q2-update.win32_1.5.0.202011040924/tools/bin/../lib/gcc/arm-none-eabi/7.3.1/thumb/v6-m\libgcc.a(_thumb1_case_shi.o)
                0x000000000800013c                __gnu_thumb1_case_shi
 .text          0x0000000008000150      0x114 c:/st/stm32cubeide_1.5.1/stm32cubeide/plugins/com.st.stm32cube.ide.mcu.externaltools.gnu-tools-for-stm32.7-2018-q2-update.win32_1.5.0.202011040924/tools/bin/../lib/gcc/arm-none-eabi/7.3.1/thumb/v6-m\libgcc.a(_udivsi3.o)
                0x0000000008000150                __aeabi_uidiv
                0x0000000008000150                __udivsi3
                0x000000000800025c                __aeabi_uidivmod
 .text          0x0000000008000264      0x1d4 c:/st/stm32cubeide_1.5.1/stm32cubeide/plugins/com.st.stm32cube.ide.mcu.externaltools.gnu-tools-for-stm32.7-2018-q2-update.win32_1.5.0.202011040924/tools/bin/../lib/gcc/arm-none-eabi/7.3.1/thumb/v6-m\libgcc.a(_divsi3.o)
                0x0000000008000264                __divsi3
                0x0000000008000264                __aeabi_idiv
                0x0000000008000430                __aeabi_idivmod
 .text          0x0000000008000438        0x4 c:/st/stm32cubeide_1.5.1/stm32cubeide/plugins/com.st.stm32cube.ide.mcu.externaltools.gnu-tools-for-stm32.7-2018-q2-update.win32_1.5.0.202011040924/tools/bin/../lib/gcc/arm-none-eabi/7.3.1/thumb/v6-m\libgcc.a(_dvmd_tls.o)
                0x0000000008000438                __aeabi_idiv0
                0x0000000008000438                __aeabi_ldiv0
 .text          0x000000000800043c       0x7c c:/st/stm32cubeide_1.5.1/stm32cubeide/plugins/com.st.stm32cube.ide.mcu.externaltools.gnu-tools-for-stm32.7-2018-q2-update.win32_1.5.0.202011040924/tools/bin/../lib/gcc/arm-none-eabi/7.3.1/thumb/v6-m\libgcc.a(_arm_cmpdf2.o)
                0x000000000800043c                __aeabi_cdrcmple
                0x000000000800044c                __aeabi_cdcmple
                0x000000000800044c                __aeabi_cdcmpeq
                0x000000000800045c                __aeabi_dcmpeq
                0x0000000008000468                __aeabi_dcmplt
                0x000000000800047c                __aeabi_dcmple
                0x0000000008000490                __aeabi_dcmpgt
                0x00000000080004a4                __aeabi_dcmpge
 .text          0x00000000080004b8       0x74 c:/st/stm32cubeide_1.5.1/stm32cubeide/plugins/com.st.stm32cube.ide.mcu.externaltools.gnu-tools-for-stm32.7-2018-q2-update.win32_1.5.0.202011040924/tools/bin/../lib/gcc/arm-none-eabi/7.3.1/thumb/v6-m\libgcc.a(_arm_cmpsf2.o)
                0x00000000080004b8                __aeabi_cfrcmple
                0x00000000080004c0                __aeabi_cfcmpeq
                0x00000000080004c0                __aeabi_cfcmple
                0x00000000080004d0                __aeabi_fcmpeq
                0x00000000080004dc                __aeabi_fcmplt
                0x00000000080004f0                __aeabi_fcmple
                0x0000000008000504                __aeabi_fcmpgt
                0x0000000008000518                __aeabi_fcmpge
 .text          0x000000000800052c       0x40 c:/st/stm32cubeide_1.5.1/stm32cubeide/plugins/com.st.stm32cube.ide.mcu.externaltools.gnu-tools-for-stm32.7-2018-q2-update.win32_1.5.0.202011040924/tools/bin/../lib/gcc/arm-none-eabi/7.3.1/thumb/v6-m\libgcc.a(_aeabi_uldivmod.o)
                0x000000000800052c                __aeabi_uldivmod
 .text          0x000000000800056c       0x54 c:/st/stm32cubeide_1.5.1/stm32cubeide/plugins/com.st.stm32cube.ide.mcu.externaltools.gnu-tools-for-stm32.7-2018-q2-update.win32_1.5.0.202011040924/tools/bin/../lib/gcc/arm-none-eabi/7.3.1/thumb/v6-m\libgcc.a(_muldi3.o)
                0x000000000800056c                __muldi3
                0x000000000800056c                __aeabi_lmul
 .text          0x00000000080005c0       0x30 c:/st/stm32cubeide_1.5.1/stm32cubeide/plugins/com.st.stm32cube.ide.mcu.externaltools.gnu-tools-for-stm32.7-2018-q2-update.win32_1.5.0.202011040924/tools/bin/../lib/gcc/arm-none-eabi/7.3.1/thumb/v6-m\libgcc.a(_fixunssfsi.o)
                0x00000000080005c0                __fixunssfsi
                0x00000000080005c0                __aeabi_f2uiz
 .text          0x00000000080005f0       0x3c c:/st/stm32cubeide_1.5.1/stm32cubeide/plugins/com.st.stm32cube.ide.mcu.externaltools.gnu-tools-for-stm32.7-2018-q2-update.win32_1.5.0.202011040924/tools/bin/../lib/gcc/arm-none-eabi/7.3.1/thumb/v6-m\libgcc.a(_fixunsdfsi.o)
                0x00000000080005f0                __aeabi_d2uiz
                0x00000000080005f0                __fixunsdfsi
 .text          0x000000000800062c       0x48 c:/st/stm32cubeide_1.5.1/stm32cubeide/plugins/com.st.stm32cube.ide.mcu.externaltools.gnu-tools-for-stm32.7-2018-q2-update.win32_1.5.0.202011040924/tools/bin/../lib/gcc/arm-none-eabi/7.3.1/thumb/v6-m\libgcc.a(_floatundisf.o)
                0x000000000800062c                __aeabi_ul2f
                0x000000000800062c                __floatundisf
 .text          0x0000000008000674      0x184 c:/st/stm32cubeide_1.5.1/stm32cubeide/plugins/com.st.stm32cube.ide.mcu.externaltools.gnu-tools-for-stm32.7-2018-q2-update.win32_1.5.0.202011040924/tools/bin/../lib/gcc/arm-none-eabi/7.3.1/thumb/v6-m\libgcc.a(_udivmoddi4.o)
                0x0000000008000674                __udivmoddi4
 .text          0x00000000080007f8      0x224 c:/st/stm32cubeide_1.5.1/stm32cubeide/plugins/com.st.stm32cube.ide.mcu.externaltools.gnu-tools-for-stm32.7-2018-q2-update.win32_1.5.0.202011040924/tools/bin/../lib/gcc/arm-none-eabi/7.3.1/thumb/v6-m\libgcc.a(divsf3.o)
                0x00000000080007f8                __aeabi_fdiv
 .text          0x0000000008000a1c       0x50 c:/st/stm32cubeide_1.5.1/stm32cubeide/plugins/com.st.stm32cube.ide.mcu.externaltools.gnu-tools-for-stm32.7-2018-q2-update.win32_1.5.0.202011040924/tools/bin/../lib/gcc/arm-none-eabi/7.3.1/thumb/v6-m\libgcc.a(eqsf2.o)
                0x0000000008000a1c                __eqsf2
                0x0000000008000a1c                __nesf2
 .text          0x0000000008000a6c       0x9c c:/st/stm32cubeide_1.5.1/stm32cubeide/plugins/com.st.stm32cube.ide.mcu.externaltools.gnu-tools-for-stm32.7-2018-q2-update.win32_1.5.0.202011040924/tools/bin/../lib/gcc/arm-none-eabi/7.3.1/thumb/v6-m\libgcc.a(gesf2.o)
                0x0000000008000a6c                __gesf2
                0x0000000008000a6c                __gtsf2
 .text          0x0000000008000b08       0xa0 c:/st/stm32cubeide_1.5.1/stm32cubeide/plugins/com.st.stm32cube.ide.mcu.externaltools.gnu-tools-for-stm32.7-2018-q2-update.win32_1.5.0.202011040924/tools/bin/../lib/gcc/arm-none-eabi/7.3.1/thumb/v6-m\libgcc.a(lesf2.o)
                0x0000000008000b08                __ltsf2
                0x0000000008000b08                __lesf2
 .text          0x0000000008000ba8      0x264 c:/st/stm32cubeide_1.5.1/stm32cubeide/plugins/com.st.stm32cube.ide.mcu.externaltools.gnu-tools-for-stm32.7-2018-q2-update.win32_1.5.0.202011040924/tools/bin/../lib/gcc/arm-none-eabi/7.3.1/thumb/v6-m\libgcc.a(mulsf3.o)
                0x0000000008000ba8                __aeabi_fmul
 .text          0x0000000008000e0c      0x388 c:/st/stm32cubeide_1.5.1/stm32cubeide/plugins/com.st.stm32cube.ide.mcu.externaltools.gnu-tools-for-stm32.7-2018-q2-update.win32_1.5.0.202011040924/tools/bin/../lib/gcc/arm-none-eabi/7.3.1/thumb/v6-m\libgcc.a(subsf3.o)
                0x0000000008000e0c                __aeabi_fsub
 .text          0x0000000008001194       0x40 c:/st/stm32cubeide_1.5.1/stm32cubeide/plugins/com.st.stm32cube.ide.mcu.externaltools.gnu-tools-for-stm32.7-2018-q2-update.win32_1.5.0.202011040924/tools/bin/../lib/gcc/arm-none-eabi/7.3.1/thumb/v6-m\libgcc.a(fixsfsi.o)
                0x0000000008001194                __aeabi_f2iz
 .text          0x00000000080011d4       0x80 c:/st/stm32cubeide_1.5.1/stm32cubeide/plugins/com.st.stm32cube.ide.mcu.externaltools.gnu-tools-for-stm32.7-2018-q2-update.win32_1.5.0.202011040924/tools/bin/../lib/gcc/arm-none-eabi/7.3.1/thumb/v6-m\libgcc.a(floatunsisf.o)
                0x00000000080011d4                __aeabi_ui2f
 .text          0x0000000008001254      0x638 c:/st/stm32cubeide_1.5.1/stm32cubeide/plugins/com.st.stm32cube.ide.mcu.externaltools.gnu-tools-for-stm32.7-2018-q2-update.win32_1.5.0.202011040924/tools/bin/../lib/gcc/arm-none-eabi/7.3.1/thumb/v6-m\libgcc.a(adddf3.o)
                0x0000000008001254                __aeabi_dadd
 .text          0x000000000800188c      0x604 c:/st/stm32cubeide_1.5.1/stm32cubeide/plugins/com.st.stm32cube.ide.mcu.externaltools.gnu-tools-for-stm32.7-2018-q2-update.win32_1.5.0.202011040924/tools/bin/../lib/gcc/arm-none-eabi/7.3.1/thumb/v6-m\libgcc.a(divdf3.o)
                0x000000000800188c                __aeabi_ddiv
 .text          0x0000000008001e90       0x78 c:/st/stm32cubeide_1.5.1/stm32cubeide/plugins/com.st.stm32cube.ide.mcu.externaltools.gnu-tools-for-stm32.7-2018-q2-update.win32_1.5.0.202011040924/tools/bin/../lib/gcc/arm-none-eabi/7.3.1/thumb/v6-m\libgcc.a(eqdf2.o)
                0x0000000008001e90                __nedf2
                0x0000000008001e90                __eqdf2
 .text          0x0000000008001f08       0xc8 c:/st/stm32cubeide_1.5.1/stm32cubeide/plugins/com.st.stm32cube.ide.mcu.externaltools.gnu-tools-for-stm32.7-2018-q2-update.win32_1.5.0.202011040924/tools/bin/../lib/gcc/arm-none-eabi/7.3.1/thumb/v6-m\libgcc.a(gedf2.o)
                0x0000000008001f08                __gedf2
                0x0000000008001f08                __gtdf2
 .text          0x0000000008001fd0       0xd0 c:/st/stm32cubeide_1.5.1/stm32cubeide/plugins/com.st.stm32cube.ide.mcu.externaltools.gnu-tools-for-stm32.7-2018-q2-update.win32_1.5.0.202011040924/tools/bin/../lib/gcc/arm-none-eabi/7.3.1/thumb/v6-m\libgcc.a(ledf2.o)
                0x0000000008001fd0                __ledf2
                0x0000000008001fd0                __ltdf2
 .text          0x00000000080020a0      0x4e4 c:/st/stm32cubeide_1.5.1/stm32cubeide/plugins/com.st.stm32cube.ide.mcu.externaltools.gnu-tools-for-stm32.7-2018-q2-update.win32_1.5.0.202011040924/tools/bin/../lib/gcc/arm-none-eabi/7.3.1/thumb/v6-m\libgcc.a(muldf3.o)
                0x00000000080020a0                __aeabi_dmul
 .text          0x0000000008002584      0x690 c:/st/stm32cubeide_1.5.1/stm32cubeide/plugins/com.st.stm32cube.ide.mcu.externaltools.gnu-tools-for-stm32.7-2018-q2-update.win32_1.5.0.202011040924/tools/bin/../lib/gcc/arm-none-eabi/7.3.1/thumb/v6-m\libgcc.a(subdf3.o)
                0x0000000008002584                __aeabi_dsub
 .text          0x0000000008002c14       0x38 c:/st/stm32cubeide_1.5.1/stm32cubeide/plugins/com.st.stm32cube.ide.mcu.externaltools.gnu-tools-for-stm32.7-2018-q2-update.win32_1.5.0.202011040924/tools/bin/../lib/gcc/arm-none-eabi/7.3.1/thumb/v6-m\libgcc.a(unorddf2.o)
                0x0000000008002c14                __aeabi_dcmpun
 .text          0x0000000008002c4c       0x6c c:/st/stm32cubeide_1.5.1/stm32cubeide/plugins/com.st.stm32cube.ide.mcu.externaltools.gnu-tools-for-stm32.7-2018-q2-update.win32_1.5.0.202011040924/tools/bin/../lib/gcc/arm-none-eabi/7.3.1/thumb/v6-m\libgcc.a(fixdfsi.o)
                0x0000000008002c4c                __aeabi_d2iz
 .text          0x0000000008002cb8       0x74 c:/st/stm32cubeide_1.5.1/stm32cubeide/plugins/com.st.stm32cube.ide.mcu.externaltools.gnu-tools-for-stm32.7-2018-q2-update.win32_1.5.0.202011040924/tools/bin/../lib/gcc/arm-none-eabi/7.3.1/thumb/v6-m\libgcc.a(floatsidf.o)
                0x0000000008002cb8                __aeabi_i2d
 .text          0x0000000008002d2c       0x64 c:/st/stm32cubeide_1.5.1/stm32cubeide/plugins/com.st.stm32cube.ide.mcu.externaltools.gnu-tools-for-stm32.7-2018-q2-update.win32_1.5.0.202011040924/tools/bin/../lib/gcc/arm-none-eabi/7.3.1/thumb/v6-m\libgcc.a(floatunsidf.o)
                0x0000000008002d2c                __aeabi_ui2d
 .text          0x0000000008002d90       0xa4 c:/st/stm32cubeide_1.5.1/stm32cubeide/plugins/com.st.stm32cube.ide.mcu.externaltools.gnu-tools-for-stm32.7-2018-q2-update.win32_1.5.0.202011040924/tools/bin/../lib/gcc/arm-none-eabi/7.3.1/thumb/v6-m\libgcc.a(extendsfdf2.o)
                0x0000000008002d90                __aeabi_f2d
 .text          0x0000000008002e34      0x108 c:/st/stm32cubeide_1.5.1/stm32cubeide/plugins/com.st.stm32cube.ide.mcu.externaltools.gnu-tools-for-stm32.7-2018-q2-update.win32_1.5.0.202011040924/tools/bin/../lib/gcc/arm-none-eabi/7.3.1/thumb/v6-m\libgcc.a(truncdfsf2.o)
                0x0000000008002e34                __aeabi_d2f
 .text          0x0000000008002f3c       0x3c c:/st/stm32cubeide_1.5.1/stm32cubeide/plugins/com.st.stm32cube.ide.mcu.externaltools.gnu-tools-for-stm32.7-2018-q2-update.win32_1.5.0.202011040924/tools/bin/../lib/gcc/arm-none-eabi/7.3.1/thumb/v6-m\libgcc.a(_clzsi2.o)
                0x0000000008002f3c                __clzsi2
 .text          0x0000000008002f78       0x18 c:/st/stm32cubeide_1.5.1/stm32cubeide/plugins/com.st.stm32cube.ide.mcu.externaltools.gnu-tools-for-stm32.7-2018-q2-update.win32_1.5.0.202011040924/tools/bin/../lib/gcc/arm-none-eabi/7.3.1/thumb/v6-m\libgcc.a(_clzdi2.o)
                0x0000000008002f78                __clzdi2
 *(.text*)
 .text.LoadROtopology
                0x0000000008002f90       0xa8 BOS/BOS.o
                0x0000000008002f90                LoadROtopology
 .text.LoadEEportsDir
                0x0000000008003038       0x48 BOS/BOS.o
                0x0000000008003038                LoadEEportsDir
 .text.LoadEEalias
                0x0000000008003080       0x84 BOS/BOS.o
                0x0000000008003080                LoadEEalias
 .text.LoadEEgroup
                0x0000000008003104       0xa8 BOS/BOS.o
                0x0000000008003104                LoadEEgroup
 .text.LoadEEstreams
                0x00000000080031ac      0x14c BOS/BOS.o
                0x00000000080031ac                LoadEEstreams
 .text.LoadEEparams
                0x00000000080032f8      0x188 BOS/BOS.o
                0x00000000080032f8                LoadEEparams
 .text.LoadEEbuttons
                0x0000000008003480       0xec BOS/BOS.o
                0x0000000008003480                LoadEEbuttons
 .text.LoadROsnippets
                0x000000000800356c      0x10c BOS/BOS.o
                0x000000000800356c                LoadROsnippets
 .text.LoadEEvars
                0x0000000008003678       0x24 BOS/BOS.o
                0x0000000008003678                LoadEEvars
 .text.SaveEEportsDir
                0x000000000800369c       0x54 BOS/BOS.o
                0x000000000800369c                SaveEEportsDir
 .text.SaveEEalias
                0x00000000080036f0       0x84 BOS/BOS.o
                0x00000000080036f0                SaveEEalias
 .text.SaveEEstreams
                0x0000000008003774       0x8c BOS/BOS.o
                0x0000000008003774                SaveEEstreams
 .text.SaveEEparams
                0x0000000008003800       0x88 BOS/BOS.o
                0x0000000008003800                SaveEEparams
 .text.ClearEEportsDir
                0x0000000008003888       0x60 BOS/BOS.o
                0x0000000008003888                ClearEEportsDir
 .text.EE_FormatForFactoryReset
                0x00000000080038e8       0x24 BOS/BOS.o
                0x00000000080038e8                EE_FormatForFactoryReset
 .text.IsLowerCLIbaud
                0x000000000800390c       0x9c BOS/BOS.o
                0x000000000800390c                IsLowerCLIbaud
 .text.SetupPortForRemoteBootloaderUpdate
                0x00000000080039a8       0x2a BOS/BOS.o
                0x00000000080039a8                SetupPortForRemoteBootloaderUpdate
 *fill*         0x00000000080039d2        0x2 
 .text.IsModuleParameter
                0x00000000080039d4       0x18 BOS/BOS.o
                0x00000000080039d4                IsModuleParameter
 .text.IsMathOperator
                0x00000000080039ec       0x8c BOS/BOS.o
                0x00000000080039ec                IsMathOperator
 .text.ExploreNeighbors
                0x0000000008003a78       0x48 BOS/BOS.o
                0x0000000008003a78                ExploreNeighbors
 .text.FindBroadcastRoutes
                0x0000000008003ac0      0x13c BOS/BOS.o
                0x0000000008003ac0                FindBroadcastRoutes
 .text.minArr   0x0000000008003bfc       0x3c BOS/BOS.o
                0x0000000008003bfc                minArr
 .text.QnotEmpty
                0x0000000008003c38       0x24 BOS/BOS.o
                0x0000000008003c38                QnotEmpty
 .text.FindRoute
                0x0000000008003c5c      0x1a0 BOS/BOS.o
                0x0000000008003c5c                FindRoute
 .text.remoteBootloaderUpdate
                0x0000000008003dfc      0x104 BOS/BOS.o
                0x0000000008003dfc                remoteBootloaderUpdate
 .text.DisplayTopology
                0x0000000008003f00      0x1a0 BOS/BOS.o
                0x0000000008003f00                DisplayTopology
 .text.DisplayPortsDir
                0x00000000080040a0       0xe8 BOS/BOS.o
                0x00000000080040a0                DisplayPortsDir
 .text.DisplayModuleStatus
                0x0000000008004188      0x2c0 BOS/BOS.o
                0x0000000008004188                DisplayModuleStatus
 .text.GetID    0x0000000008004448       0xc8 BOS/BOS.o
                0x0000000008004448                GetID
 .text.NameModule
                0x0000000008004510       0xd0 BOS/BOS.o
                0x0000000008004510                NameModule
 .text.AddModuleToGroup
                0x00000000080045e0      0x110 BOS/BOS.o
                0x00000000080045e0                AddModuleToGroup
 .text.ReadPortsDir
                0x00000000080046f0       0xac BOS/BOS.o
                0x00000000080046f0                ReadPortsDir
 .text.UpdateMyPortsDir
                0x000000000800479c       0x5c BOS/BOS.o
                0x000000000800479c                UpdateMyPortsDir
 .text.BOS_Init
                0x00000000080047f8      0x124 BOS/BOS.o
                0x00000000080047f8                BOS_Init
 .text.Module_Init
                0x000000000800491c       0x18 BOS/BOS.o
                0x000000000800491c                Module_Init
 .text.GetDateString
                0x0000000008004934       0x44 BOS/BOS.o
                0x0000000008004934                GetDateString
 .text.Bridge   0x0000000008004978       0x28 BOS/BOS.o
                0x0000000008004978                Bridge
 .text.Unbridge
                0x00000000080049a0       0x7c BOS/BOS.o
                0x00000000080049a0                Unbridge
 .text.StringToLowerCase
                0x0000000008004a1c       0x2e BOS/BOS_CLI.o
                0x0000000008004a1c                StringToLowerCase
 *fill*         0x0000000008004a4a        0x2 
 .text.ParseSnippetCondition
                0x0000000008004a4c      0x458 BOS/BOS_CLI.o
                0x0000000008004a4c                ParseSnippetCondition
 .text.AddSnippet
                0x0000000008004ea4       0xf4 BOS/BOS_CLI.o
                0x0000000008004ea4                AddSnippet
 .text.CLI_CommandParser
                0x0000000008004f98      0x424 BOS/BOS_CLI.o
                0x0000000008004f98                CLI_CommandParser
 .text.prvCLITask
                0x00000000080053bc      0x1d0 BOS/BOS_CLI.o
                0x00000000080053bc                prvCLITask
 .text.ParseSnippetCommand
                0x000000000800558c       0x84 BOS/BOS_CLI.o
                0x000000000800558c                ParseSnippetCommand
 .text.CheckSnippetCondition
                0x0000000008005610      0x11c BOS/BOS_CLI.o
                0x0000000008005610                CheckSnippetCondition
 .text.ExecuteSnippet
                0x000000000800572c       0x90 BOS/BOS_CLI.o
                0x000000000800572c                ExecuteSnippet
 .text.exploreCommand
                0x00000000080057bc        0x4 BOS/BOS_CLIcommands.o
 .text.setBaudrateCommand
                0x00000000080057c0       0x80 BOS/BOS_CLIcommands.o
 .text.flashsizeCommand
                0x0000000008005840       0x20 BOS/BOS_CLIcommands.o
 .text.GetReadPrecentageCommand
                0x0000000008005860       0x60 BOS/BOS_CLIcommands.o
 .text.ReadVrefCommand
                0x00000000080058c0       0x40 BOS/BOS_CLIcommands.o
 .text.ReadTempCommand
                0x0000000008005900       0x40 BOS/BOS_CLIcommands.o
 .text.ADCReadCommand
                0x0000000008005940       0xb8 BOS/BOS_CLIcommands.o
 .text.testportCommand
                0x00000000080059f8      0x1cc BOS/BOS_CLIcommands.o
 .text.unbridgeCommand
                0x0000000008005bc4       0xb4 BOS/BOS_CLIcommands.o
 .text.bridgeCommand
                0x0000000008005c78       0xb4 BOS/BOS_CLIcommands.o
 .text.delSnipCommand
                0x0000000008005d2c       0xd8 BOS/BOS_CLIcommands.o
 .text.pauseSnipCommand
                0x0000000008005e04       0x70 BOS/BOS_CLIcommands.o
 .text.actSnipCommand
                0x0000000008005e74       0x70 BOS/BOS_CLIcommands.o
 .text.snipCommand
                0x0000000008005ee4      0x244 BOS/BOS_CLIcommands.o
 .text.idcodeCommand
                0x0000000008006128       0xa8 BOS/BOS_CLIcommands.o
 .text.uuidCommand
                0x00000000080061d0       0x6c BOS/BOS_CLIcommands.o
 .text.timeCommand
                0x000000000800623c       0x94 BOS/BOS_CLIcommands.o
 .text.dateCommand
                0x00000000080062d0       0x24 BOS/BOS_CLIcommands.o
 .text.getCommand
                0x00000000080062f4      0x25c BOS/BOS_CLIcommands.o
 .text.defaultCommand
                0x0000000008006550       0xbc BOS/BOS_CLIcommands.o
 .text.setCommand
                0x000000000800660c      0x804 BOS/BOS_CLIcommands.o
 .text.removebuttonCommand
                0x0000000008006e10       0x54 BOS/BOS_CLIcommands.o
 .text.addbuttonCommand
                0x0000000008006e64       0xc8 BOS/BOS_CLIcommands.o
 .text.scastCommand
                0x0000000008006f2c      0x17c BOS/BOS_CLIcommands.o
 .text.infoCommand
                0x00000000080070a8       0xbc BOS/BOS_CLIcommands.o
 .text.statusCommand
                0x0000000008007164       0x14 BOS/BOS_CLIcommands.o
 .text.groupCommand
                0x0000000008007178      0x1b4 BOS/BOS_CLIcommands.o
 .text.nameCommand
                0x000000000800732c       0x9c BOS/BOS_CLIcommands.o
 .text.bootloaderUpdateCommand
                0x00000000080073c8      0x184 BOS/BOS_CLIcommands.o
 .text.pingCommand
                0x000000000800754c       0x6c BOS/BOS_CLIcommands.o
 .text.prvRunTimeStatsCommand
                0x00000000080075b8       0x24 BOS/BOS_CLIcommands.o
 .text.prvTaskStatsCommand
                0x00000000080075dc       0x24 BOS/BOS_CLIcommands.o
 .text.resetCommand
                0x0000000008007600       0x24 BOS/BOS_CLIcommands.o
 .text.RegisterUserCLICommands
                0x0000000008007624        0x2 BOS/BOS_CLIcommands.o
                0x0000000008007624                RegisterUserCLICommands
 *fill*         0x0000000008007626        0x2 
 .text.vRegisterCLICommands
                0x0000000008007628      0x160 BOS/BOS_CLIcommands.o
                0x0000000008007628                vRegisterCLICommands
 .text.StopMsgDMA
                0x0000000008007788       0x24 BOS/BOS_dma.o
                0x0000000008007788                StopMsgDMA
 .text.StopStreamDMA
                0x00000000080077ac       0x34 BOS/BOS_dma.o
                0x00000000080077ac                StopStreamDMA
 .text.SwitchMsgDMAToStream
                0x00000000080077e0       0x28 BOS/BOS_dma.o
                0x00000000080077e0                SwitchMsgDMAToStream
 .text.SwitchStreamDMAToMsg
                0x0000000008007808       0x64 BOS/BOS_dma.o
                0x0000000008007808                SwitchStreamDMAToMsg
 .text.StartDMAstream
                0x000000000800786c       0x50 BOS/BOS_dma.o
                0x000000000800786c                StartDMAstream
 .text.DMA_IRQHandler
                0x00000000080078bc       0x64 BOS/BOS_dma.o
                0x00000000080078bc                DMA_IRQHandler
 .text.ResetUartORE
                0x0000000008007920       0x38 BOS/BOS_dma.o
                0x0000000008007920                ResetUartORE
 .text.EE_VerifyPageFullWriteVariable
                0x0000000008007958       0xd8 BOS/BOS_eeprom.o
 .text.EE_ReadVariable
                0x0000000008007a30       0x60 BOS/BOS_eeprom.o
                0x0000000008007a30                EE_ReadVariable
 .text.EE_WriteVariable
                0x0000000008007a90      0x150 BOS/BOS_eeprom.o
                0x0000000008007a90                EE_WriteVariable
 .text.EE_Format
                0x0000000008007be0       0xc8 BOS/BOS_eeprom.o
                0x0000000008007be0                EE_Format
 .text.EE_Init  0x0000000008007ca8      0x394 BOS/BOS_eeprom.o
                0x0000000008007ca8                EE_Init
 .text.StartDefaultTask
                0x000000000800803c       0xc0 BOS/BOS_freertos.o
                0x000000000800803c                StartDefaultTask
 .text.MX_FREERTOS_Init
                0x00000000080080fc      0x1c0 BOS/BOS_freertos.o
                0x00000000080080fc                MX_FREERTOS_Init
 .text.vMainConfigureTimerForRunTimeStats
                0x00000000080082bc       0x20 BOS/BOS_freertos.o
                0x00000000080082bc                vMainConfigureTimerForRunTimeStats
 .text.ulMainGetRunTimeCounterValue
                0x00000000080082dc       0x50 BOS/BOS_freertos.o
                0x00000000080082dc                ulMainGetRunTimeCounterValue
 .text.buttonPressedCallback
                0x000000000800832c        0x2 BOS/BOS_inputs.o
                0x000000000800832c                buttonPressedCallback
 *fill*         0x000000000800832e        0x2 
 .text.CheckForTimedButtonPress
                0x0000000008008330       0x7c BOS/BOS_inputs.o
                0x0000000008008330                CheckForTimedButtonPress
 .text.CheckForTimedButtonRelease
                0x00000000080083ac       0x7c BOS/BOS_inputs.o
                0x00000000080083ac                CheckForTimedButtonRelease
 .text.AddPortButton
                0x0000000008008428      0x124 BOS/BOS_inputs.o
                0x0000000008008428                AddPortButton
 .text.RemovePortButton
                0x000000000800854c      0x10c BOS/BOS_inputs.o
                0x000000000800854c                RemovePortButton
 .text.SetButtonEvents
                0x0000000008008658      0x2b4 BOS/BOS_inputs.o
                0x0000000008008658                SetButtonEvents
 .text.ADC_Channels_Config
                0x000000000800890c       0x60 BOS/BOS_inputs.o
                0x000000000800890c                ADC_Channels_Config
 .text.Get_channel
                0x000000000800896c       0x48 BOS/BOS_inputs.o
                0x000000000800896c                Get_channel
 .text.Error_Handler
                0x00000000080089b4        0xa BOS/BOS_inputs.o
                0x00000000080089b4                Error_Handler
 *fill*         0x00000000080089be        0x2 
 .text.MX_ADC_Init
                0x00000000080089c0       0x54 BOS/BOS_inputs.o
                0x00000000080089c0                MX_ADC_Init
 .text.ReadTempAndVref
                0x0000000008008a14      0x17c BOS/BOS_inputs.o
                0x0000000008008a14                ReadTempAndVref
 .text.GetReadPrecentage
                0x0000000008008b90      0x140 BOS/BOS_inputs.o
                0x0000000008008b90                GetReadPrecentage
 .text.Get_Rank
                0x0000000008008cd0       0x54 BOS/BOS_inputs.o
                0x0000000008008cd0                Get_Rank
 .text.ADCSelectChannel
                0x0000000008008d24       0x64 BOS/BOS_inputs.o
                0x0000000008008d24                ADCSelectChannel
 .text.ReadADCChannel
                0x0000000008008d88       0xc0 BOS/BOS_inputs.o
                0x0000000008008d88                ReadADCChannel
 .text.buttonReleasedCallback
                0x0000000008008e48        0x2 BOS/BOS_inputs.o
                0x0000000008008e48                buttonReleasedCallback
 .text.buttonClickedCallback
                0x0000000008008e4a        0x2 BOS/BOS_inputs.o
                0x0000000008008e4a                buttonClickedCallback
 .text.buttonDblClickedCallback
                0x0000000008008e4c        0x2 BOS/BOS_inputs.o
                0x0000000008008e4c                buttonDblClickedCallback
 .text.buttonPressedForXCallback
                0x0000000008008e4e        0x2 BOS/BOS_inputs.o
                0x0000000008008e4e                buttonPressedForXCallback
 .text.buttonReleasedForYCallback
                0x0000000008008e50        0x2 BOS/BOS_inputs.o
                0x0000000008008e50                buttonReleasedForYCallback
 *fill*         0x0000000008008e52        0x2 
 .text.CheckAttachedButtons
                0x0000000008008e54      0x444 BOS/BOS_inputs.o
                0x0000000008008e54                CheckAttachedButtons
 .text.StreamTimerCallback
                0x0000000008009298       0x16 BOS/BOS_messaging.o
                0x0000000008009298                StreamTimerCallback
 *fill*         0x00000000080092ae        0x2 
 .text.SetupDMAStreams
                0x00000000080092b0      0x1b8 BOS/BOS_messaging.o
                0x00000000080092b0                SetupDMAStreams
 .text.NotifyMessagingTask
                0x0000000008009468       0x78 BOS/BOS_messaging.o
                0x0000000008009468                NotifyMessagingTask
 .text.SendMessageFromPort
                0x00000000080094e0      0x43c BOS/BOS_messaging.o
                0x00000000080094e0                SendMessageFromPort
 .text.ForwardReceivedMessage
                0x000000000800991c       0x40 BOS/BOS_messaging.o
                0x000000000800991c                ForwardReceivedMessage
 .text.BroadcastReceivedMessage
                0x000000000800995c       0x40 BOS/BOS_messaging.o
                0x000000000800995c                BroadcastReceivedMessage
 .text.BroadcastMessage
                0x000000000800999c       0x50 BOS/BOS_messaging.o
                0x000000000800999c                BroadcastMessage
 .text.SendMessageToModule
                0x00000000080099ec       0x4c BOS/BOS_messaging.o
                0x00000000080099ec                SendMessageToModule
 .text.StartScastDMAStream
                0x0000000008009a38      0x19c BOS/BOS_messaging.o
                0x0000000008009a38                StartScastDMAStream
 .text.BackEndTask
                0x0000000008009bd4      0x448 BOS/BOS_msgparser.o
                0x0000000008009bd4                BackEndTask
 .text.User_MessagingParser
                0x000000000800a01c        0x4 BOS/BOS_msgparser.o
                0x000000000800a01c                User_MessagingParser
 .text.PxMessagingTask
                0x000000000800a020     0x17d0 BOS/BOS_msgparser.o
                0x000000000800a020                PxMessagingTask
 .text.CheckForEnterKey
                0x000000000800b7f0       0x7c H0FR6/H0FR6.o
 .text.SendMeasurementResult
                0x000000000800b86c      0x160 H0FR6/H0FR6.o
 .text.ledModeCommand
                0x000000000800b9cc       0x9c H0FR6/H0FR6.o
                0x000000000800b9cc                ledModeCommand
 .text.SystemClock_Config
                0x000000000800ba68       0xb0 H0FR6/H0FR6.o
                0x000000000800ba68                SystemClock_Config
 .text.SaveToRO
                0x000000000800bb18      0x210 H0FR6/H0FR6.o
                0x000000000800bb18                SaveToRO
 .text.ClearROtopology
                0x000000000800bd28       0x2c H0FR6/H0FR6.o
                0x000000000800bd28                ClearROtopology
 .text.Module_Peripheral_Init
                0x000000000800bd54       0x70 H0FR6/H0FR6.o
                0x000000000800bd54                Module_Peripheral_Init
 .text.RegisterModuleCLICommands
                0x000000000800bdc4       0x54 H0FR6/H0FR6.o
                0x000000000800bdc4                RegisterModuleCLICommands
 .text.GetPort  0x000000000800be18       0x50 H0FR6/H0FR6.o
                0x000000000800be18                GetPort
 .text.TIM3_Init
                0x000000000800be68       0xac H0FR6/H0FR6.o
                0x000000000800be68                TIM3_Init
 .text.TIM3_DeInit
                0x000000000800bf14       0x2c H0FR6/H0FR6.o
                0x000000000800bf14                TIM3_DeInit
 .text.Set_Switch_PWM
                0x000000000800bf40       0x64 H0FR6/H0FR6.o
                0x000000000800bf40                Set_Switch_PWM
 .text.Output_on
                0x000000000800bfa4       0xb4 H0FR6/H0FR6.o
                0x000000000800bfa4                Output_on
 .text.Current_Calculation
                0x000000000800c058       0x58 H0FR6/H0FR6.o
 .text.mosfetSampleCommand
                0x000000000800c0b0       0x28 H0FR6/H0FR6.o
 .text.onCommand
                0x000000000800c0d8       0x84 H0FR6/H0FR6.o
                0x000000000800c0d8                onCommand
 .text.Output_off
                0x000000000800c15c       0x58 H0FR6/H0FR6.o
                0x000000000800c15c                Output_off
 .text.SwitchTimerCallback
                0x000000000800c1b4       0x34 H0FR6/H0FR6.o
                0x000000000800c1b4                SwitchTimerCallback
 .text.offCommand
                0x000000000800c1e8       0x28 H0FR6/H0FR6.o
                0x000000000800c1e8                offCommand
 .text.Output_PWM
                0x000000000800c210       0x6c H0FR6/H0FR6.o
                0x000000000800c210                Output_PWM
 .text.Output_toggle
                0x000000000800c27c       0x40 H0FR6/H0FR6.o
                0x000000000800c27c                Output_toggle
 .text.toggleCommand
                0x000000000800c2bc       0x40 H0FR6/H0FR6.o
                0x000000000800c2bc                toggleCommand
 .text.pwmCommand
                0x000000000800c2fc       0x7c H0FR6/H0FR6.o
                0x000000000800c2fc                pwmCommand
 .text.Sample_current_measurement
                0x000000000800c378       0x30 H0FR6/H0FR6.o
                0x000000000800c378                Sample_current_measurement
 .text.Stream_current_To_Port
                0x000000000800c3a8       0x88 H0FR6/H0FR6.o
                0x000000000800c3a8                Stream_current_To_Port
 .text.Stream_current_To_CLI
                0x000000000800c430       0x88 H0FR6/H0FR6.o
                0x000000000800c430                Stream_current_To_CLI
 .text.Stream_current_To_CLI_V
                0x000000000800c4b8       0x88 H0FR6/H0FR6.o
                0x000000000800c4b8                Stream_current_To_CLI_V
 .text.Stream_current_To_Buffer
                0x000000000800c540       0x80 H0FR6/H0FR6.o
                0x000000000800c540                Stream_current_To_Buffer
 .text.Stop_current_measurement
                0x000000000800c5c0       0x3c H0FR6/H0FR6.o
                0x000000000800c5c0                Stop_current_measurement
 .text.mosfetStreamCommand
                0x000000000800c5fc      0x220 H0FR6/H0FR6.o
 .text.MosfetStopCommand
                0x000000000800c81c       0x34 H0FR6/H0FR6.o
 .text.MosfetTask
                0x000000000800c850      0x164 H0FR6/H0FR6.o
 .text.Module_MessagingTask
                0x000000000800c9b4      0x174 H0FR6/H0FR6.o
                0x000000000800c9b4                Module_MessagingTask
 .text.HAL_ADC_MspInit
                0x000000000800cb28       0x3c H0FR6/H0FR6_adc.o
                0x000000000800cb28                HAL_ADC_MspInit
 .text.DMA_MSG_RX_CH_Init
                0x000000000800cb64       0x22 H0FR6/H0FR6_dma.o
                0x000000000800cb64                DMA_MSG_RX_CH_Init
 .text.DMA_MSG_TX_CH_Init
                0x000000000800cb86       0x22 H0FR6/H0FR6_dma.o
                0x000000000800cb86                DMA_MSG_TX_CH_Init
 .text.DMA_Init
                0x000000000800cba8       0xa8 H0FR6/H0FR6_dma.o
                0x000000000800cba8                DMA_Init
 .text.DMA_STREAM_CH_Init
                0x000000000800cc50       0x20 H0FR6/H0FR6_dma.o
                0x000000000800cc50                DMA_STREAM_CH_Init
 .text.SetupDMAInterrupts
                0x000000000800cc70       0xb8 H0FR6/H0FR6_dma.o
                0x000000000800cc70                SetupDMAInterrupts
 .text.UnSetupDMAInterrupts
                0x000000000800cd28       0xa0 H0FR6/H0FR6_dma.o
                0x000000000800cd28                UnSetupDMAInterrupts
 .text.DMA_MSG_TX_UnSetup
                0x000000000800cdc8       0x14 H0FR6/H0FR6_dma.o
                0x000000000800cdc8                DMA_MSG_TX_UnSetup
 .text.RemapAndLinkDMAtoUARTRx
                0x000000000800cddc      0x65c H0FR6/H0FR6_dma.o
                0x000000000800cddc                RemapAndLinkDMAtoUARTRx
 .text.DMA_MSG_RX_Setup
                0x000000000800d438       0x34 H0FR6/H0FR6_dma.o
                0x000000000800d438                DMA_MSG_RX_Setup
 .text.SetupMessagingRxDMAs
                0x000000000800d46c       0x8c H0FR6/H0FR6_dma.o
                0x000000000800d46c                SetupMessagingRxDMAs
 .text.DMA_STREAM_Setup
                0x000000000800d4f8       0x40 H0FR6/H0FR6_dma.o
                0x000000000800d4f8                DMA_STREAM_Setup
 .text.RemapAndLinkDMAtoUARTTx
                0x000000000800d538      0x65c H0FR6/H0FR6_dma.o
                0x000000000800d538                RemapAndLinkDMAtoUARTTx
 .text.DMA_MSG_TX_Setup
                0x000000000800db94       0x44 H0FR6/H0FR6_dma.o
                0x000000000800db94                DMA_MSG_TX_Setup
 .text.CRC_Init
                0x000000000800dbd8       0x28 H0FR6/H0FR6_dma.o
                0x000000000800dbd8                CRC_Init
 .text.HAL_CRC_MspInit
                0x000000000800dc00       0x1c H0FR6/H0FR6_dma.o
                0x000000000800dc00                HAL_CRC_MspInit
 .text.CalculateCRC8
                0x000000000800dc1c       0x40 H0FR6/H0FR6_dma.o
                0x000000000800dc1c                CalculateCRC8
 .text.IND_LED_Init
                0x000000000800dc5c       0x24 H0FR6/H0FR6_gpio.o
                0x000000000800dc5c                IND_LED_Init
 .text.GPIO_Init
                0x000000000800dc80       0x6c H0FR6/H0FR6_gpio.o
                0x000000000800dc80                GPIO_Init
 .text.Switch_Init
                0x000000000800dcec       0x24 H0FR6/H0FR6_gpio.o
                0x000000000800dcec                Switch_Init
 .text.GetPortGPIOs
                0x000000000800dd10       0xb8 H0FR6/H0FR6_gpio.o
                0x000000000800dd10                GetPortGPIOs
 .text.IsFactoryReset
                0x000000000800ddc8       0xf4 H0FR6/H0FR6_gpio.o
                0x000000000800ddc8                IsFactoryReset
 .text.SysTick_Handler
                0x000000000800debc        0xc H0FR6/H0FR6_it.o
                0x000000000800debc                SysTick_Handler
 .text.HardFault_Handler
                0x000000000800dec8        0x2 H0FR6/H0FR6_it.o
                0x000000000800dec8                HardFault_Handler
 *fill*         0x000000000800deca        0x2 
 .text.USART1_IRQHandler
                0x000000000800decc       0x10 H0FR6/H0FR6_it.o
                0x000000000800decc                USART1_IRQHandler
 .text.USART2_IRQHandler
                0x000000000800dedc       0x10 H0FR6/H0FR6_it.o
                0x000000000800dedc                USART2_IRQHandler
 .text.USART3_8_IRQHandler
                0x000000000800deec       0x24 H0FR6/H0FR6_it.o
                0x000000000800deec                USART3_8_IRQHandler
 .text.DMA1_Ch2_3_DMA2_Ch1_2_IRQHandler
                0x000000000800df10       0x40 H0FR6/H0FR6_it.o
                0x000000000800df10                DMA1_Ch2_3_DMA2_Ch1_2_IRQHandler
 .text.DMA1_Ch4_7_DMA2_Ch3_5_IRQHandler
                0x000000000800df50       0x64 H0FR6/H0FR6_it.o
                0x000000000800df50                DMA1_Ch4_7_DMA2_Ch3_5_IRQHandler
 .text.ADC1_COMP_IRQHandler
                0x000000000800dfb4       0x10 H0FR6/H0FR6_it.o
                0x000000000800dfb4                ADC1_COMP_IRQHandler
 .text.HAL_UART_TxCpltCallback
                0x000000000800dfc4       0x30 H0FR6/H0FR6_it.o
                0x000000000800dfc4                HAL_UART_TxCpltCallback
 .text.HAL_UART_ErrorCallback
                0x000000000800dff4       0x4c H0FR6/H0FR6_it.o
                0x000000000800dff4                HAL_UART_ErrorCallback
 .text.HAL_UART_RxCpltCallback
                0x000000000800e040       0x68 H0FR6/H0FR6_it.o
                0x000000000800e040                HAL_UART_RxCpltCallback
 .text.vApplicationStackOverflowHook
                0x000000000800e0a8        0x4 H0FR6/H0FR6_it.o
                0x000000000800e0a8                vApplicationStackOverflowHook
 .text.vApplicationMallocFailedHook
                0x000000000800e0ac        0x4 H0FR6/H0FR6_it.o
                0x000000000800e0ac                vApplicationMallocFailedHook
 .text.RTC_CalendarConfig
                0x000000000800e0b0       0xf4 H0FR6/H0FR6_rtc.o
                0x000000000800e0b0                RTC_CalendarConfig
 .text.RTC_Init
                0x000000000800e1a4       0x8c H0FR6/H0FR6_rtc.o
                0x000000000800e1a4                RTC_Init
 .text.BOS_CalendarConfig
                0x000000000800e230       0xb4 H0FR6/H0FR6_rtc.o
                0x000000000800e230                BOS_CalendarConfig
 .text.GetTimeDate
                0x000000000800e2e4       0x68 H0FR6/H0FR6_rtc.o
                0x000000000800e2e4                GetTimeDate
 .text.TIM_USEC_Init
                0x000000000800e34c       0x64 H0FR6/H0FR6_timers.o
                0x000000000800e34c                TIM_USEC_Init
 .text.TIM_MSEC_Init
                0x000000000800e3b0       0x60 H0FR6/H0FR6_timers.o
                0x000000000800e3b0                TIM_MSEC_Init
 .text.StartMicroDelay
                0x000000000800e410       0x24 H0FR6/H0FR6_timers.o
                0x000000000800e410                StartMicroDelay
 .text.StartMilliDelay
                0x000000000800e434       0x24 H0FR6/H0FR6_timers.o
                0x000000000800e434                StartMilliDelay
 .text.MX_USART1_UART_Init
                0x000000000800e458       0x30 H0FR6/H0FR6_uart.o
                0x000000000800e458                MX_USART1_UART_Init
 .text.MX_USART2_UART_Init
                0x000000000800e488       0x30 H0FR6/H0FR6_uart.o
                0x000000000800e488                MX_USART2_UART_Init
 .text.MX_USART3_UART_Init
                0x000000000800e4b8       0x30 H0FR6/H0FR6_uart.o
                0x000000000800e4b8                MX_USART3_UART_Init
 .text.MX_USART5_UART_Init
                0x000000000800e4e8       0x30 H0FR6/H0FR6_uart.o
                0x000000000800e4e8                MX_USART5_UART_Init
 .text.MX_USART6_UART_Init
                0x000000000800e518       0x30 H0FR6/H0FR6_uart.o
                0x000000000800e518                MX_USART6_UART_Init
 .text.HAL_UART_MspInit
                0x000000000800e548      0x218 H0FR6/H0FR6_uart.o
                0x000000000800e548                HAL_UART_MspInit
 .text.GetUart  0x000000000800e760       0x3c H0FR6/H0FR6_uart.o
                0x000000000800e760                GetUart
 .text.writePxMutex
                0x000000000800e79c       0x50 H0FR6/H0FR6_uart.o
                0x000000000800e79c                writePxMutex
 .text.writePxITMutex
                0x000000000800e7ec       0x44 H0FR6/H0FR6_uart.o
                0x000000000800e7ec                writePxITMutex
 .text.writePxDMAMutex
                0x000000000800e830       0x48 H0FR6/H0FR6_uart.o
                0x000000000800e830                writePxDMAMutex
 .text.UpdateBaudrate
                0x000000000800e878       0x12 H0FR6/H0FR6_uart.o
                0x000000000800e878                UpdateBaudrate
 *fill*         0x000000000800e88a        0x2 
 .text.SwapUartPins
                0x000000000800e88c       0x70 H0FR6/H0FR6_uart.o
                0x000000000800e88c                SwapUartPins
 .text.Reset_Handler
                0x000000000800e8fc       0x8c H0FR6/startup_stm32f091xc.o
                0x000000000800e8fc                Reset_Handler
 .text.Default_Handler
                0x000000000800e988        0x2 H0FR6/startup_stm32f091xc.o
                0x000000000800e988                TIM1_CC_IRQHandler
                0x000000000800e988                TSC_IRQHandler
                0x000000000800e988                NMI_Handler
                0x000000000800e988                I2C1_IRQHandler
                0x000000000800e988                RCC_CRS_IRQHandler
                0x000000000800e988                SPI1_IRQHandler
                0x000000000800e988                TIM6_DAC_IRQHandler
                0x000000000800e988                DMA1_Ch1_IRQHandler
                0x000000000800e988                EXTI2_3_IRQHandler
                0x000000000800e988                I2C2_IRQHandler
                0x000000000800e988                TIM17_IRQHandler
                0x000000000800e988                CEC_CAN_IRQHandler
                0x000000000800e988                RTC_IRQHandler
                0x000000000800e988                PVD_VDDIO2_IRQHandler
                0x000000000800e988                TIM16_IRQHandler
                0x000000000800e988                TIM3_IRQHandler
                0x000000000800e988                EXTI4_15_IRQHandler
                0x000000000800e988                Default_Handler
                0x000000000800e988                TIM14_IRQHandler
                0x000000000800e988                TIM7_IRQHandler
                0x000000000800e988                TIM15_IRQHandler
                0x000000000800e988                EXTI0_1_IRQHandler
                0x000000000800e988                SPI2_IRQHandler
                0x000000000800e988                WWDG_IRQHandler
                0x000000000800e988                TIM2_IRQHandler
                0x000000000800e988                FLASH_IRQHandler
                0x000000000800e988                TIM1_BRK_UP_TRG_COM_IRQHandler
 *fill*         0x000000000800e98a        0x2 
 .text.SystemInit
                0x000000000800e98c       0x60 Thirdparty/CMSIS/Device/ST/STM32F0xx/Source/Templates/system_stm32f0xx.o
                0x000000000800e98c                SystemInit
 .text.osKernelStart
                0x000000000800e9ec        0xa Thirdparty/Middleware/FreeRTOS/Source/CMSIS_RTOS/cmsis_os.o
                0x000000000800e9ec                osKernelStart
 .text.osDelay  0x000000000800e9f6       0x10 Thirdparty/Middleware/FreeRTOS/Source/CMSIS_RTOS/cmsis_os.o
                0x000000000800e9f6                osDelay
 .text.osSemaphoreCreate
                0x000000000800ea06       0x2c Thirdparty/Middleware/FreeRTOS/Source/CMSIS_RTOS/cmsis_os.o
                0x000000000800ea06                osSemaphoreCreate
 *fill*         0x000000000800ea32        0x2 
 .text.osSemaphoreWait
                0x000000000800ea34       0x58 Thirdparty/Middleware/FreeRTOS/Source/CMSIS_RTOS/cmsis_os.o
                0x000000000800ea34                osSemaphoreWait
 .text.osSemaphoreRelease
                0x000000000800ea8c       0x50 Thirdparty/Middleware/FreeRTOS/Source/CMSIS_RTOS/cmsis_os.o
                0x000000000800ea8c                osSemaphoreRelease
 .text.osSystickHandler
                0x000000000800eadc       0x10 Thirdparty/Middleware/FreeRTOS/Source/CMSIS_RTOS/cmsis_os.o
                0x000000000800eadc                osSystickHandler
 .text.FreeRTOS_CLIRegisterCommand
                0x000000000800eaec       0x38 Thirdparty/Middleware/FreeRTOS/Source/FreeRTOS_CLI.o
                0x000000000800eaec                FreeRTOS_CLIRegisterCommand
 .text.FreeRTOS_CLIProcessCommand
                0x000000000800eb24       0xfc Thirdparty/Middleware/FreeRTOS/Source/FreeRTOS_CLI.o
                0x000000000800eb24                FreeRTOS_CLIProcessCommand
 .text.FreeRTOS_CLIGetOutputBuffer
                0x000000000800ec20        0x8 Thirdparty/Middleware/FreeRTOS/Source/FreeRTOS_CLI.o
                0x000000000800ec20                FreeRTOS_CLIGetOutputBuffer
 .text.FreeRTOS_CLIGetParameter
                0x000000000800ec28       0x72 Thirdparty/Middleware/FreeRTOS/Source/FreeRTOS_CLI.o
                0x000000000800ec28                FreeRTOS_CLIGetParameter
 *fill*         0x000000000800ec9a        0x2 
 .text.prvHelpCommand
                0x000000000800ec9c      0x100 Thirdparty/Middleware/FreeRTOS/Source/FreeRTOS_CLI.o
 .text.vListInitialise
                0x000000000800ed9c       0x16 Thirdparty/Middleware/FreeRTOS/Source/list.o
                0x000000000800ed9c                vListInitialise
 .text.vListInitialiseItem
                0x000000000800edb2        0x6 Thirdparty/Middleware/FreeRTOS/Source/list.o
                0x000000000800edb2                vListInitialiseItem
 .text.vListInsertEnd
                0x000000000800edb8       0x18 Thirdparty/Middleware/FreeRTOS/Source/list.o
                0x000000000800edb8                vListInsertEnd
 .text.vListInsert
                0x000000000800edd0       0x2e Thirdparty/Middleware/FreeRTOS/Source/list.o
                0x000000000800edd0                vListInsert
 .text.uxListRemove
                0x000000000800edfe       0x26 Thirdparty/Middleware/FreeRTOS/Source/list.o
                0x000000000800edfe                uxListRemove
 .text.prvCopyDataToQueue
                0x000000000800ee24       0x7c Thirdparty/Middleware/FreeRTOS/Source/queue.o
 .text.prvCopyDataFromQueue
                0x000000000800eea0       0x24 Thirdparty/Middleware/FreeRTOS/Source/queue.o
 .text.prvUnlockQueue
                0x000000000800eec4       0x86 Thirdparty/Middleware/FreeRTOS/Source/queue.o
 .text.xQueueGenericReset
                0x000000000800ef4a       0x68 Thirdparty/Middleware/FreeRTOS/Source/queue.o
                0x000000000800ef4a                xQueueGenericReset
 .text.xQueueGenericCreate
                0x000000000800efb2       0x4e Thirdparty/Middleware/FreeRTOS/Source/queue.o
                0x000000000800efb2                xQueueGenericCreate
 .text.xQueueCreateCountingSemaphore
                0x000000000800f000       0x28 Thirdparty/Middleware/FreeRTOS/Source/queue.o
                0x000000000800f000                xQueueCreateCountingSemaphore
 .text.xQueueGenericSend
                0x000000000800f028      0x12e Thirdparty/Middleware/FreeRTOS/Source/queue.o
                0x000000000800f028                xQueueGenericSend
 .text.xQueueGenericSendFromISR
                0x000000000800f156       0x8e Thirdparty/Middleware/FreeRTOS/Source/queue.o
                0x000000000800f156                xQueueGenericSendFromISR
 .text.xQueueGiveFromISR
                0x000000000800f1e4       0x76 Thirdparty/Middleware/FreeRTOS/Source/queue.o
                0x000000000800f1e4                xQueueGiveFromISR
 .text.xQueueGenericReceive
                0x000000000800f25a      0x152 Thirdparty/Middleware/FreeRTOS/Source/queue.o
                0x000000000800f25a                xQueueGenericReceive
 .text.xQueueReceiveFromISR
                0x000000000800f3ac       0x76 Thirdparty/Middleware/FreeRTOS/Source/queue.o
                0x000000000800f3ac                xQueueReceiveFromISR
 *fill*         0x000000000800f422        0x2 
 .text.vQueueAddToRegistry
                0x000000000800f424       0x30 Thirdparty/Middleware/FreeRTOS/Source/queue.o
                0x000000000800f424                vQueueAddToRegistry
 .text.vQueueWaitForMessageRestricted
                0x000000000800f454       0x40 Thirdparty/Middleware/FreeRTOS/Source/queue.o
                0x000000000800f454                vQueueWaitForMessageRestricted
 .text.prvListTaskWithinSingleList
                0x000000000800f494       0xa8 Thirdparty/Middleware/FreeRTOS/Source/tasks.o
 .text.prvResetNextTaskUnblockTime
                0x000000000800f53c       0x2c Thirdparty/Middleware/FreeRTOS/Source/tasks.o
 .text.prvAddCurrentTaskToDelayedList
                0x000000000800f568       0x54 Thirdparty/Middleware/FreeRTOS/Source/tasks.o
 .text.prvWriteNameToBuffer
                0x000000000800f5bc       0x2e Thirdparty/Middleware/FreeRTOS/Source/tasks.o
 *fill*         0x000000000800f5ea        0x2 
 .text.xTaskGenericCreate
                0x000000000800f5ec      0x1e8 Thirdparty/Middleware/FreeRTOS/Source/tasks.o
                0x000000000800f5ec                xTaskGenericCreate
 .text.uxTaskPriorityGet
                0x000000000800f7d4       0x20 Thirdparty/Middleware/FreeRTOS/Source/tasks.o
                0x000000000800f7d4                uxTaskPriorityGet
 .text.vTaskPrioritySet
                0x000000000800f7f4       0xa8 Thirdparty/Middleware/FreeRTOS/Source/tasks.o
                0x000000000800f7f4                vTaskPrioritySet
 .text.vTaskStartScheduler
                0x000000000800f89c       0x58 Thirdparty/Middleware/FreeRTOS/Source/tasks.o
                0x000000000800f89c                vTaskStartScheduler
 .text.vTaskSuspendAll
                0x000000000800f8f4       0x10 Thirdparty/Middleware/FreeRTOS/Source/tasks.o
                0x000000000800f8f4                vTaskSuspendAll
 .text.xTaskGetTickCount
                0x000000000800f904        0xc Thirdparty/Middleware/FreeRTOS/Source/tasks.o
                0x000000000800f904                xTaskGetTickCount
 .text.xTaskGetTickCountFromISR
                0x000000000800f910        0xc Thirdparty/Middleware/FreeRTOS/Source/tasks.o
                0x000000000800f910                xTaskGetTickCountFromISR
 .text.xTaskIncrementTick
                0x000000000800f91c      0x118 Thirdparty/Middleware/FreeRTOS/Source/tasks.o
                0x000000000800f91c                xTaskIncrementTick
 .text.xTaskResumeAll
                0x000000000800fa34       0xe0 Thirdparty/Middleware/FreeRTOS/Source/tasks.o
                0x000000000800fa34                xTaskResumeAll
 .text.vTaskDelay
                0x000000000800fb14       0x48 Thirdparty/Middleware/FreeRTOS/Source/tasks.o
                0x000000000800fb14                vTaskDelay
 .text.prvIdleTask
                0x000000000800fb5c       0x6c Thirdparty/Middleware/FreeRTOS/Source/tasks.o
 .text.uxTaskGetSystemState
                0x000000000800fbc8       0xa4 Thirdparty/Middleware/FreeRTOS/Source/tasks.o
                0x000000000800fbc8                uxTaskGetSystemState
 .text.vTaskSwitchContext
                0x000000000800fc6c      0x108 Thirdparty/Middleware/FreeRTOS/Source/tasks.o
                0x000000000800fc6c                vTaskSwitchContext
 .text.vTaskPlaceOnEventList
                0x000000000800fd74       0x48 Thirdparty/Middleware/FreeRTOS/Source/tasks.o
                0x000000000800fd74                vTaskPlaceOnEventList
 .text.vTaskPlaceOnEventListRestricted
                0x000000000800fdbc       0x34 Thirdparty/Middleware/FreeRTOS/Source/tasks.o
                0x000000000800fdbc                vTaskPlaceOnEventListRestricted
 .text.xTaskRemoveFromEventList
                0x000000000800fdf0       0x80 Thirdparty/Middleware/FreeRTOS/Source/tasks.o
                0x000000000800fdf0                xTaskRemoveFromEventList
 .text.vTaskSetTimeOutState
                0x000000000800fe70       0x20 Thirdparty/Middleware/FreeRTOS/Source/tasks.o
                0x000000000800fe70                vTaskSetTimeOutState
 .text.xTaskCheckForTimeOut
                0x000000000800fe90       0x64 Thirdparty/Middleware/FreeRTOS/Source/tasks.o
                0x000000000800fe90                xTaskCheckForTimeOut
 .text.vTaskMissedYield
                0x000000000800fef4        0xc Thirdparty/Middleware/FreeRTOS/Source/tasks.o
                0x000000000800fef4                vTaskMissedYield
 .text.xTaskGetSchedulerState
                0x000000000800ff00       0x20 Thirdparty/Middleware/FreeRTOS/Source/tasks.o
                0x000000000800ff00                xTaskGetSchedulerState
 .text.vTaskPriorityInherit
                0x000000000800ff20       0x7c Thirdparty/Middleware/FreeRTOS/Source/tasks.o
                0x000000000800ff20                vTaskPriorityInherit
 .text.xTaskPriorityDisinherit
                0x000000000800ff9c       0x74 Thirdparty/Middleware/FreeRTOS/Source/tasks.o
                0x000000000800ff9c                xTaskPriorityDisinherit
 .text.vTaskList
                0x0000000008010010       0xc0 Thirdparty/Middleware/FreeRTOS/Source/tasks.o
                0x0000000008010010                vTaskList
 .text.vTaskGetRunTimeStats
                0x00000000080100d0       0xb0 Thirdparty/Middleware/FreeRTOS/Source/tasks.o
                0x00000000080100d0                vTaskGetRunTimeStats
 .text.pvTaskIncrementMutexHeldCount
                0x0000000008010180       0x1c Thirdparty/Middleware/FreeRTOS/Source/tasks.o
                0x0000000008010180                pvTaskIncrementMutexHeldCount
 .text.ulTaskNotifyTake
                0x000000000801019c       0x98 Thirdparty/Middleware/FreeRTOS/Source/tasks.o
                0x000000000801019c                ulTaskNotifyTake
 .text.xTaskGenericNotify
                0x0000000008010234       0xb8 Thirdparty/Middleware/FreeRTOS/Source/tasks.o
                0x0000000008010234                xTaskGenericNotify
 .text.prvInsertTimerInActiveList
                0x00000000080102ec       0x44 Thirdparty/Middleware/FreeRTOS/Source/timers.o
 .text.prvCheckForValidListAndQueue
                0x0000000008010330       0x64 Thirdparty/Middleware/FreeRTOS/Source/timers.o
 .text.xTimerCreateTimerTask
                0x0000000008010394       0x40 Thirdparty/Middleware/FreeRTOS/Source/timers.o
                0x0000000008010394                xTimerCreateTimerTask
 .text.xTimerCreate
                0x00000000080103d4       0x40 Thirdparty/Middleware/FreeRTOS/Source/timers.o
                0x00000000080103d4                xTimerCreate
 .text.xTimerGenericCommand
                0x0000000008010414       0x58 Thirdparty/Middleware/FreeRTOS/Source/timers.o
                0x0000000008010414                xTimerGenericCommand
 .text.prvSampleTimeNow
                0x000000000801046c       0xb0 Thirdparty/Middleware/FreeRTOS/Source/timers.o
 .text.prvTimerTask
                0x000000000801051c      0x170 Thirdparty/Middleware/FreeRTOS/Source/timers.o
 .text.xTimerIsTimerActive
                0x000000000801068c       0x16 Thirdparty/Middleware/FreeRTOS/Source/timers.o
                0x000000000801068c                xTimerIsTimerActive
 .text.pvTimerGetTimerID
                0x00000000080106a2       0x18 Thirdparty/Middleware/FreeRTOS/Source/timers.o
                0x00000000080106a2                pvTimerGetTimerID
 *fill*         0x00000000080106ba        0x2 
 .text.prvTaskExitError
                0x00000000080106bc       0x14 Thirdparty/Middleware/FreeRTOS/Source/portable/GCC/ARM_CM0/port.o
 .text.vPortStartFirstTask
                0x00000000080106d0       0x20 Thirdparty/Middleware/FreeRTOS/Source/portable/GCC/ARM_CM0/port.o
 .text.pxPortInitialiseStack
                0x00000000080106f0       0x20 Thirdparty/Middleware/FreeRTOS/Source/portable/GCC/ARM_CM0/port.o
                0x00000000080106f0                pxPortInitialiseStack
 .text.SVC_Handler
                0x0000000008010710        0x2 Thirdparty/Middleware/FreeRTOS/Source/portable/GCC/ARM_CM0/port.o
                0x0000000008010710                SVC_Handler
 *fill*         0x0000000008010712        0x2 
 .text.xPortStartScheduler
                0x0000000008010714       0x54 Thirdparty/Middleware/FreeRTOS/Source/portable/GCC/ARM_CM0/port.o
                0x0000000008010714                xPortStartScheduler
 .text.vPortYield
                0x0000000008010768       0x18 Thirdparty/Middleware/FreeRTOS/Source/portable/GCC/ARM_CM0/port.o
                0x0000000008010768                vPortYield
 .text.vPortEnterCritical
                0x0000000008010780       0x18 Thirdparty/Middleware/FreeRTOS/Source/portable/GCC/ARM_CM0/port.o
                0x0000000008010780                vPortEnterCritical
 .text.vPortExitCritical
                0x0000000008010798       0x20 Thirdparty/Middleware/FreeRTOS/Source/portable/GCC/ARM_CM0/port.o
                0x0000000008010798                vPortExitCritical
 .text.ulSetInterruptMaskFromISR
                0x00000000080107b8        0xa Thirdparty/Middleware/FreeRTOS/Source/portable/GCC/ARM_CM0/port.o
                0x00000000080107b8                ulSetInterruptMaskFromISR
 .text.vClearInterruptMaskFromISR
                0x00000000080107c2        0x6 Thirdparty/Middleware/FreeRTOS/Source/portable/GCC/ARM_CM0/port.o
                0x00000000080107c2                vClearInterruptMaskFromISR
 .text.PendSV_Handler
                0x00000000080107c8       0x44 Thirdparty/Middleware/FreeRTOS/Source/portable/GCC/ARM_CM0/port.o
                0x00000000080107c8                PendSV_Handler
 .text.xPortSysTickHandler
                0x000000000801080c       0x24 Thirdparty/Middleware/FreeRTOS/Source/portable/GCC/ARM_CM0/port.o
                0x000000000801080c                xPortSysTickHandler
 .text.prvInsertBlockIntoFreeList
                0x0000000008010830       0x54 Thirdparty/Middleware/FreeRTOS/Source/portable/MemMang/heap_4.o
 .text.pvPortMalloc
                0x0000000008010884      0x12c Thirdparty/Middleware/FreeRTOS/Source/portable/MemMang/heap_4.o
                0x0000000008010884                pvPortMalloc
 .text.vPortFree
                0x00000000080109b0       0x54 Thirdparty/Middleware/FreeRTOS/Source/portable/MemMang/heap_4.o
                0x00000000080109b0                vPortFree
 .text.HAL_InitTick
                0x0000000008010a04       0x24 Thirdparty/STM32F0xx_HAL_Driver/Src/stm32f0xx_hal.o
                0x0000000008010a04                HAL_InitTick
 .text.HAL_Init
                0x0000000008010a28       0x20 Thirdparty/STM32F0xx_HAL_Driver/Src/stm32f0xx_hal.o
                0x0000000008010a28                HAL_Init
 .text.HAL_IncTick
                0x0000000008010a48       0x10 Thirdparty/STM32F0xx_HAL_Driver/Src/stm32f0xx_hal.o
                0x0000000008010a48                HAL_IncTick
 .text.HAL_GetTick
                0x0000000008010a58        0xc Thirdparty/STM32F0xx_HAL_Driver/Src/stm32f0xx_hal.o
                0x0000000008010a58                HAL_GetTick
 .text.HAL_Delay
                0x0000000008010a64       0x1c Thirdparty/STM32F0xx_HAL_Driver/Src/stm32f0xx_hal.o
                0x0000000008010a64                HAL_Delay
 .text.HAL_GetREVID
                0x0000000008010a80        0xc Thirdparty/STM32F0xx_HAL_Driver/Src/stm32f0xx_hal.o
                0x0000000008010a80                HAL_GetREVID
 .text.HAL_GetDEVID
                0x0000000008010a8c       0x10 Thirdparty/STM32F0xx_HAL_Driver/Src/stm32f0xx_hal.o
                0x0000000008010a8c                HAL_GetDEVID
 .text.ADC_ConversionStop
                0x0000000008010a9c       0x54 Thirdparty/STM32F0xx_HAL_Driver/Src/stm32f0xx_hal_adc.o
 .text.ADC_Disable
                0x0000000008010af0       0x7e Thirdparty/STM32F0xx_HAL_Driver/Src/stm32f0xx_hal_adc.o
 *fill*         0x0000000008010b6e        0x2 
 .text.ADC_Enable
                0x0000000008010b70       0xa8 Thirdparty/STM32F0xx_HAL_Driver/Src/stm32f0xx_hal_adc.o
 .text.HAL_ADC_Init
                0x0000000008010c18      0x150 Thirdparty/STM32F0xx_HAL_Driver/Src/stm32f0xx_hal_adc.o
                0x0000000008010c18                HAL_ADC_Init
 .text.HAL_ADC_Start
                0x0000000008010d68       0x60 Thirdparty/STM32F0xx_HAL_Driver/Src/stm32f0xx_hal_adc.o
                0x0000000008010d68                HAL_ADC_Start
 .text.HAL_ADC_Stop
                0x0000000008010dc8       0x44 Thirdparty/STM32F0xx_HAL_Driver/Src/stm32f0xx_hal_adc.o
                0x0000000008010dc8                HAL_ADC_Stop
 .text.HAL_ADC_PollForConversion
                0x0000000008010e0c       0xc0 Thirdparty/STM32F0xx_HAL_Driver/Src/stm32f0xx_hal_adc.o
                0x0000000008010e0c                HAL_ADC_PollForConversion
 .text.HAL_ADC_GetValue
                0x0000000008010ecc        0xc Thirdparty/STM32F0xx_HAL_Driver/Src/stm32f0xx_hal_adc.o
                0x0000000008010ecc                HAL_ADC_GetValue
 .text.HAL_ADC_ConvCpltCallback
                0x0000000008010ed8        0x2 Thirdparty/STM32F0xx_HAL_Driver/Src/stm32f0xx_hal_adc.o
                0x0000000008010ed8                HAL_ADC_ConvCpltCallback
 .text.HAL_ADC_LevelOutOfWindowCallback
                0x0000000008010eda        0x2 Thirdparty/STM32F0xx_HAL_Driver/Src/stm32f0xx_hal_adc.o
                0x0000000008010eda                HAL_ADC_LevelOutOfWindowCallback
 .text.HAL_ADC_ErrorCallback
                0x0000000008010edc        0x2 Thirdparty/STM32F0xx_HAL_Driver/Src/stm32f0xx_hal_adc.o
                0x0000000008010edc                HAL_ADC_ErrorCallback
 *fill*         0x0000000008010ede        0x2 
 .text.HAL_ADC_IRQHandler
                0x0000000008010ee0       0xdc Thirdparty/STM32F0xx_HAL_Driver/Src/stm32f0xx_hal_adc.o
                0x0000000008010ee0                HAL_ADC_IRQHandler
 .text.HAL_ADC_ConfigChannel
                0x0000000008010fbc      0x148 Thirdparty/STM32F0xx_HAL_Driver/Src/stm32f0xx_hal_adc.o
                0x0000000008010fbc                HAL_ADC_ConfigChannel
 .text.HAL_ADCEx_Calibration_Start
                0x0000000008011104       0x9c Thirdparty/STM32F0xx_HAL_Driver/Src/stm32f0xx_hal_adc_ex.o
                0x0000000008011104                HAL_ADCEx_Calibration_Start
 .text.HAL_NVIC_SetPriority
                0x00000000080111a0       0x68 Thirdparty/STM32F0xx_HAL_Driver/Src/stm32f0xx_hal_cortex.o
                0x00000000080111a0                HAL_NVIC_SetPriority
 .text.HAL_NVIC_EnableIRQ
                0x0000000008011208       0x14 Thirdparty/STM32F0xx_HAL_Driver/Src/stm32f0xx_hal_cortex.o
                0x0000000008011208                HAL_NVIC_EnableIRQ
 .text.HAL_NVIC_DisableIRQ
                0x000000000801121c       0x14 Thirdparty/STM32F0xx_HAL_Driver/Src/stm32f0xx_hal_cortex.o
                0x000000000801121c                HAL_NVIC_DisableIRQ
 .text.HAL_SYSTICK_Config
                0x0000000008011230       0x38 Thirdparty/STM32F0xx_HAL_Driver/Src/stm32f0xx_hal_cortex.o
                0x0000000008011230                HAL_SYSTICK_Config
 .text.HAL_SYSTICK_CLKSourceConfig
                0x0000000008011268       0x20 Thirdparty/STM32F0xx_HAL_Driver/Src/stm32f0xx_hal_cortex.o
                0x0000000008011268                HAL_SYSTICK_CLKSourceConfig
 .text.CRC_Handle_8
                0x0000000008011288       0x7a Thirdparty/STM32F0xx_HAL_Driver/Src/stm32f0xx_hal_crc.o
 .text.CRC_Handle_16
                0x0000000008011302       0x32 Thirdparty/STM32F0xx_HAL_Driver/Src/stm32f0xx_hal_crc.o
 .text.HAL_CRC_Init
                0x0000000008011334       0x62 Thirdparty/STM32F0xx_HAL_Driver/Src/stm32f0xx_hal_crc.o
                0x0000000008011334                HAL_CRC_Init
 .text.HAL_CRC_Accumulate
                0x0000000008011396       0x58 Thirdparty/STM32F0xx_HAL_Driver/Src/stm32f0xx_hal_crc.o
                0x0000000008011396                HAL_CRC_Accumulate
 .text.HAL_CRC_Calculate
                0x00000000080113ee       0x62 Thirdparty/STM32F0xx_HAL_Driver/Src/stm32f0xx_hal_crc.o
                0x00000000080113ee                HAL_CRC_Calculate
 .text.HAL_CRCEx_Polynomial_Set
                0x0000000008011450       0x5c Thirdparty/STM32F0xx_HAL_Driver/Src/stm32f0xx_hal_crc_ex.o
                0x0000000008011450                HAL_CRCEx_Polynomial_Set
 .text.HAL_CRCEx_Init
                0x00000000080114ac       0x30 Thirdparty/STM32F0xx_HAL_Driver/Src/stm32f0xx_hal_crc_ex.o
                0x00000000080114ac                HAL_CRCEx_Init
 .text.HAL_DMA_Init
                0x00000000080114dc       0x54 Thirdparty/STM32F0xx_HAL_Driver/Src/stm32f0xx_hal_dma.o
                0x00000000080114dc                HAL_DMA_Init
 .text.HAL_DMA_Start_IT
                0x0000000008011530       0x6a Thirdparty/STM32F0xx_HAL_Driver/Src/stm32f0xx_hal_dma.o
                0x0000000008011530                HAL_DMA_Start_IT
 .text.HAL_DMA_Abort
                0x000000000801159a       0x52 Thirdparty/STM32F0xx_HAL_Driver/Src/stm32f0xx_hal_dma.o
                0x000000000801159a                HAL_DMA_Abort
 .text.HAL_DMA_IRQHandler
                0x00000000080115ec      0x8ac Thirdparty/STM32F0xx_HAL_Driver/Src/stm32f0xx_hal_dma.o
                0x00000000080115ec                HAL_DMA_IRQHandler
 .text.FLASH_SetErrorCode
                0x0000000008011e98       0x34 Thirdparty/STM32F0xx_HAL_Driver/Src/stm32f0xx_hal_flash.o
 .text.HAL_FLASH_Unlock
                0x0000000008011ecc       0x24 Thirdparty/STM32F0xx_HAL_Driver/Src/stm32f0xx_hal_flash.o
                0x0000000008011ecc                HAL_FLASH_Unlock
 .text.HAL_FLASH_Lock
                0x0000000008011ef0       0x14 Thirdparty/STM32F0xx_HAL_Driver/Src/stm32f0xx_hal_flash.o
                0x0000000008011ef0                HAL_FLASH_Lock
 .text.FLASH_WaitForLastOperation
                0x0000000008011f04       0x5c Thirdparty/STM32F0xx_HAL_Driver/Src/stm32f0xx_hal_flash.o
                0x0000000008011f04                FLASH_WaitForLastOperation
 .text.HAL_FLASH_Program
                0x0000000008011f60       0xcc Thirdparty/STM32F0xx_HAL_Driver/Src/stm32f0xx_hal_flash.o
                0x0000000008011f60                HAL_FLASH_Program
 .text.FLASH_MassErase
                0x000000000801202c       0x24 Thirdparty/STM32F0xx_HAL_Driver/Src/stm32f0xx_hal_flash_ex.o
 .text.FLASH_PageErase
                0x0000000008012050       0x24 Thirdparty/STM32F0xx_HAL_Driver/Src/stm32f0xx_hal_flash_ex.o
                0x0000000008012050                FLASH_PageErase
 .text.HAL_FLASHEx_Erase
                0x0000000008012074       0xc0 Thirdparty/STM32F0xx_HAL_Driver/Src/stm32f0xx_hal_flash_ex.o
                0x0000000008012074                HAL_FLASHEx_Erase
 .text.HAL_GPIO_Init
                0x0000000008012134      0x1c0 Thirdparty/STM32F0xx_HAL_Driver/Src/stm32f0xx_hal_gpio.o
                0x0000000008012134                HAL_GPIO_Init
 .text.HAL_GPIO_DeInit
                0x00000000080122f4      0x11c Thirdparty/STM32F0xx_HAL_Driver/Src/stm32f0xx_hal_gpio.o
                0x00000000080122f4                HAL_GPIO_DeInit
 .text.HAL_GPIO_ReadPin
                0x0000000008012410        0xc Thirdparty/STM32F0xx_HAL_Driver/Src/stm32f0xx_hal_gpio.o
                0x0000000008012410                HAL_GPIO_ReadPin
 .text.HAL_GPIO_WritePin
                0x000000000801241c        0xc Thirdparty/STM32F0xx_HAL_Driver/Src/stm32f0xx_hal_gpio.o
                0x000000000801241c                HAL_GPIO_WritePin
 .text.HAL_GPIO_TogglePin
                0x0000000008012428        0x8 Thirdparty/STM32F0xx_HAL_Driver/Src/stm32f0xx_hal_gpio.o
                0x0000000008012428                HAL_GPIO_TogglePin
 .text.HAL_MspInit
                0x0000000008012430        0x2 Thirdparty/STM32F0xx_HAL_Driver/Src/stm32f0xx_hal_msp_template.o
                0x0000000008012430                HAL_MspInit
 *fill*         0x0000000008012432        0x2 
 .text.HAL_PWR_EnableBkUpAccess
                0x0000000008012434       0x14 Thirdparty/STM32F0xx_HAL_Driver/Src/stm32f0xx_hal_pwr.o
                0x0000000008012434                HAL_PWR_EnableBkUpAccess
 .text.HAL_RCC_OscConfig
                0x0000000008012448      0x584 Thirdparty/STM32F0xx_HAL_Driver/Src/stm32f0xx_hal_rcc.o
                0x0000000008012448                HAL_RCC_OscConfig
 .text.HAL_RCC_ClockConfig
                0x00000000080129cc      0x274 Thirdparty/STM32F0xx_HAL_Driver/Src/stm32f0xx_hal_rcc.o
                0x00000000080129cc                HAL_RCC_ClockConfig
 .text.HAL_RCC_GetSysClockFreq
                0x0000000008012c40       0xa0 Thirdparty/STM32F0xx_HAL_Driver/Src/stm32f0xx_hal_rcc.o
                0x0000000008012c40                HAL_RCC_GetSysClockFreq
 .text.HAL_RCC_GetHCLKFreq
                0x0000000008012ce0       0x28 Thirdparty/STM32F0xx_HAL_Driver/Src/stm32f0xx_hal_rcc.o
                0x0000000008012ce0                HAL_RCC_GetHCLKFreq
 .text.HAL_RCC_GetPCLK1Freq
                0x0000000008012d08       0x20 Thirdparty/STM32F0xx_HAL_Driver/Src/stm32f0xx_hal_rcc.o
                0x0000000008012d08                HAL_RCC_GetPCLK1Freq
 .text.HAL_RCCEx_PeriphCLKConfig
                0x0000000008012d28      0x13c Thirdparty/STM32F0xx_HAL_Driver/Src/stm32f0xx_hal_rcc_ex.o
                0x0000000008012d28                HAL_RCCEx_PeriphCLKConfig
 .text.HAL_RTC_MspInit
                0x0000000008012e64        0x2 Thirdparty/STM32F0xx_HAL_Driver/Src/stm32f0xx_hal_rtc.o
                0x0000000008012e64                HAL_RTC_MspInit
 .text.HAL_RTC_WaitForSynchro
                0x0000000008012e66       0x34 Thirdparty/STM32F0xx_HAL_Driver/Src/stm32f0xx_hal_rtc.o
                0x0000000008012e66                HAL_RTC_WaitForSynchro
 .text.RTC_EnterInitMode
                0x0000000008012e9a       0x3c Thirdparty/STM32F0xx_HAL_Driver/Src/stm32f0xx_hal_rtc.o
                0x0000000008012e9a                RTC_EnterInitMode
 *fill*         0x0000000008012ed6        0x2 
 .text.HAL_RTC_Init
                0x0000000008012ed8       0xa0 Thirdparty/STM32F0xx_HAL_Driver/Src/stm32f0xx_hal_rtc.o
                0x0000000008012ed8                HAL_RTC_Init
 .text.RTC_ByteToBcd2
                0x0000000008012f78       0x1c Thirdparty/STM32F0xx_HAL_Driver/Src/stm32f0xx_hal_rtc.o
                0x0000000008012f78                RTC_ByteToBcd2
 .text.HAL_RTC_SetTime
                0x0000000008012f94      0x10c Thirdparty/STM32F0xx_HAL_Driver/Src/stm32f0xx_hal_rtc.o
                0x0000000008012f94                HAL_RTC_SetTime
 .text.HAL_RTC_SetDate
                0x00000000080130a0       0xe4 Thirdparty/STM32F0xx_HAL_Driver/Src/stm32f0xx_hal_rtc.o
                0x00000000080130a0                HAL_RTC_SetDate
 .text.RTC_Bcd2ToByte
                0x0000000008013184       0x14 Thirdparty/STM32F0xx_HAL_Driver/Src/stm32f0xx_hal_rtc.o
                0x0000000008013184                RTC_Bcd2ToByte
 .text.HAL_RTC_GetTime
                0x0000000008013198       0x4c Thirdparty/STM32F0xx_HAL_Driver/Src/stm32f0xx_hal_rtc.o
                0x0000000008013198                HAL_RTC_GetTime
 .text.HAL_RTC_GetDate
                0x00000000080131e4       0x44 Thirdparty/STM32F0xx_HAL_Driver/Src/stm32f0xx_hal_rtc.o
                0x00000000080131e4                HAL_RTC_GetDate
 .text.HAL_RTCEx_BKUPWrite
                0x0000000008013228        0xc Thirdparty/STM32F0xx_HAL_Driver/Src/stm32f0xx_hal_rtc_ex.o
                0x0000000008013228                HAL_RTCEx_BKUPWrite
 .text.HAL_RTCEx_BKUPRead
                0x0000000008013234        0xc Thirdparty/STM32F0xx_HAL_Driver/Src/stm32f0xx_hal_rtc_ex.o
                0x0000000008013234                HAL_RTCEx_BKUPRead
 .text.TIM_OC1_SetConfig
                0x0000000008013240       0x9c Thirdparty/STM32F0xx_HAL_Driver/Src/stm32f0xx_hal_tim.o
 .text.TIM_OC3_SetConfig
                0x00000000080132dc       0x88 Thirdparty/STM32F0xx_HAL_Driver/Src/stm32f0xx_hal_tim.o
 .text.TIM_OC4_SetConfig
                0x0000000008013364       0x74 Thirdparty/STM32F0xx_HAL_Driver/Src/stm32f0xx_hal_tim.o
 .text.HAL_TIM_Base_MspInit
                0x00000000080133d8        0x2 Thirdparty/STM32F0xx_HAL_Driver/Src/stm32f0xx_hal_tim.o
                0x00000000080133d8                HAL_TIM_Base_MspInit
 .text.HAL_TIM_Base_MspDeInit
                0x00000000080133da        0x2 Thirdparty/STM32F0xx_HAL_Driver/Src/stm32f0xx_hal_tim.o
                0x00000000080133da                HAL_TIM_Base_MspDeInit
 .text.HAL_TIM_Base_DeInit
                0x00000000080133dc       0x40 Thirdparty/STM32F0xx_HAL_Driver/Src/stm32f0xx_hal_tim.o
                0x00000000080133dc                HAL_TIM_Base_DeInit
 .text.HAL_TIM_Base_Start
                0x000000000801341c       0x18 Thirdparty/STM32F0xx_HAL_Driver/Src/stm32f0xx_hal_tim.o
                0x000000000801341c                HAL_TIM_Base_Start
 .text.HAL_TIM_PWM_MspInit
                0x0000000008013434        0x2 Thirdparty/STM32F0xx_HAL_Driver/Src/stm32f0xx_hal_tim.o
                0x0000000008013434                HAL_TIM_PWM_MspInit
 .text.HAL_TIM_PWM_MspDeInit
                0x0000000008013436        0x2 Thirdparty/STM32F0xx_HAL_Driver/Src/stm32f0xx_hal_tim.o
                0x0000000008013436                HAL_TIM_PWM_MspDeInit
 .text.HAL_TIM_PWM_DeInit
                0x0000000008013438       0x40 Thirdparty/STM32F0xx_HAL_Driver/Src/stm32f0xx_hal_tim.o
                0x0000000008013438                HAL_TIM_PWM_DeInit
 .text.HAL_TIM_ConfigClockSource
                0x0000000008013478      0x1b4 Thirdparty/STM32F0xx_HAL_Driver/Src/stm32f0xx_hal_tim.o
                0x0000000008013478                HAL_TIM_ConfigClockSource
 .text.TIM_Base_SetConfig
                0x000000000801362c       0xf8 Thirdparty/STM32F0xx_HAL_Driver/Src/stm32f0xx_hal_tim.o
                0x000000000801362c                TIM_Base_SetConfig
 .text.HAL_TIM_Base_Init
                0x0000000008013724       0x34 Thirdparty/STM32F0xx_HAL_Driver/Src/stm32f0xx_hal_tim.o
                0x0000000008013724                HAL_TIM_Base_Init
 .text.HAL_TIM_PWM_Init
                0x0000000008013758       0x34 Thirdparty/STM32F0xx_HAL_Driver/Src/stm32f0xx_hal_tim.o
                0x0000000008013758                HAL_TIM_PWM_Init
 .text.TIM_OC2_SetConfig
                0x000000000801378c       0x80 Thirdparty/STM32F0xx_HAL_Driver/Src/stm32f0xx_hal_tim.o
                0x000000000801378c                TIM_OC2_SetConfig
 .text.HAL_TIM_PWM_ConfigChannel
                0x000000000801380c       0xec Thirdparty/STM32F0xx_HAL_Driver/Src/stm32f0xx_hal_tim.o
                0x000000000801380c                HAL_TIM_PWM_ConfigChannel
 .text.TIM_CCxChannelCmd
                0x00000000080138f8       0x16 Thirdparty/STM32F0xx_HAL_Driver/Src/stm32f0xx_hal_tim.o
                0x00000000080138f8                TIM_CCxChannelCmd
 *fill*         0x000000000801390e        0x2 
 .text.HAL_TIM_PWM_Start
                0x0000000008013910       0x50 Thirdparty/STM32F0xx_HAL_Driver/Src/stm32f0xx_hal_tim.o
                0x0000000008013910                HAL_TIM_PWM_Start
 .text.HAL_TIM_PWM_Stop
                0x0000000008013960       0x80 Thirdparty/STM32F0xx_HAL_Driver/Src/stm32f0xx_hal_tim.o
                0x0000000008013960                HAL_TIM_PWM_Stop
 .text.HAL_TIMEx_MasterConfigSynchronization
                0x00000000080139e0       0x4c Thirdparty/STM32F0xx_HAL_Driver/Src/stm32f0xx_hal_tim_ex.o
                0x00000000080139e0                HAL_TIMEx_MasterConfigSynchronization
 .text.HAL_UART_MspDeInit
                0x0000000008013a2c        0x2 Thirdparty/STM32F0xx_HAL_Driver/Src/stm32f0xx_hal_uart.o
                0x0000000008013a2c                HAL_UART_MspDeInit
 .text.HAL_UART_DeInit
                0x0000000008013a2e       0x3a Thirdparty/STM32F0xx_HAL_Driver/Src/stm32f0xx_hal_uart.o
                0x0000000008013a2e                HAL_UART_DeInit
 .text.HAL_UART_Transmit_IT
                0x0000000008013a68       0x78 Thirdparty/STM32F0xx_HAL_Driver/Src/stm32f0xx_hal_uart.o
                0x0000000008013a68                HAL_UART_Transmit_IT
 .text.HAL_UART_Receive_IT
                0x0000000008013ae0       0xe0 Thirdparty/STM32F0xx_HAL_Driver/Src/stm32f0xx_hal_uart.o
                0x0000000008013ae0                HAL_UART_Receive_IT
 .text.HAL_UART_Transmit_DMA
                0x0000000008013bc0       0xa0 Thirdparty/STM32F0xx_HAL_Driver/Src/stm32f0xx_hal_uart.o
                0x0000000008013bc0                HAL_UART_Transmit_DMA
 .text.HAL_UART_Receive_DMA
                0x0000000008013c60       0x98 Thirdparty/STM32F0xx_HAL_Driver/Src/stm32f0xx_hal_uart.o
                0x0000000008013c60                HAL_UART_Receive_DMA
 .text.UART_DMATransmitCplt
                0x0000000008013cf8       0x30 Thirdparty/STM32F0xx_HAL_Driver/Src/stm32f0xx_hal_uart.o
 .text.HAL_UART_TxHalfCpltCallback
                0x0000000008013d28        0x2 Thirdparty/STM32F0xx_HAL_Driver/Src/stm32f0xx_hal_uart.o
                0x0000000008013d28                HAL_UART_TxHalfCpltCallback
 .text.UART_DMATxHalfCplt
                0x0000000008013d2a        0xa Thirdparty/STM32F0xx_HAL_Driver/Src/stm32f0xx_hal_uart.o
 .text.UART_DMAReceiveCplt
                0x0000000008013d34       0x3a Thirdparty/STM32F0xx_HAL_Driver/Src/stm32f0xx_hal_uart.o
 .text.HAL_UART_RxHalfCpltCallback
                0x0000000008013d6e        0x2 Thirdparty/STM32F0xx_HAL_Driver/Src/stm32f0xx_hal_uart.o
                0x0000000008013d6e                HAL_UART_RxHalfCpltCallback
 .text.UART_DMARxHalfCplt
                0x0000000008013d70        0xa Thirdparty/STM32F0xx_HAL_Driver/Src/stm32f0xx_hal_uart.o
 .text.UART_DMAError
                0x0000000008013d7a       0x22 Thirdparty/STM32F0xx_HAL_Driver/Src/stm32f0xx_hal_uart.o
 .text.UART_SetConfig
                0x0000000008013d9c      0x248 Thirdparty/STM32F0xx_HAL_Driver/Src/stm32f0xx_hal_uart.o
                0x0000000008013d9c                UART_SetConfig
 .text.UART_AdvFeatureConfig
                0x0000000008013fe4       0xe0 Thirdparty/STM32F0xx_HAL_Driver/Src/stm32f0xx_hal_uart.o
                0x0000000008013fe4                UART_AdvFeatureConfig
 .text.UART_WaitOnFlagUntilTimeout
                0x00000000080140c4       0xd0 Thirdparty/STM32F0xx_HAL_Driver/Src/stm32f0xx_hal_uart.o
                0x00000000080140c4                UART_WaitOnFlagUntilTimeout
 .text.HAL_UART_Transmit
                0x0000000008014194       0xd4 Thirdparty/STM32F0xx_HAL_Driver/Src/stm32f0xx_hal_uart.o
                0x0000000008014194                HAL_UART_Transmit
 .text.UART_CheckIdleState
                0x0000000008014268       0x78 Thirdparty/STM32F0xx_HAL_Driver/Src/stm32f0xx_hal_uart.o
                0x0000000008014268                UART_CheckIdleState
 .text.HAL_UART_Init
                0x00000000080142e0       0x70 Thirdparty/STM32F0xx_HAL_Driver/Src/stm32f0xx_hal_uart.o
                0x00000000080142e0                HAL_UART_Init
 .text.UART_Transmit_IT
                0x0000000008014350       0x70 Thirdparty/STM32F0xx_HAL_Driver/Src/stm32f0xx_hal_uart.o
                0x0000000008014350                UART_Transmit_IT
 .text.UART_EndTransmit_IT
                0x00000000080143c0       0x32 Thirdparty/STM32F0xx_HAL_Driver/Src/stm32f0xx_hal_uart.o
                0x00000000080143c0                UART_EndTransmit_IT
 *fill*         0x00000000080143f2        0x2 
 .text.UART_Receive_IT
                0x00000000080143f4       0x98 Thirdparty/STM32F0xx_HAL_Driver/Src/stm32f0xx_hal_uart.o
                0x00000000080143f4                UART_Receive_IT
 .text.HAL_UARTEx_WakeupCallback
                0x000000000801448c        0x2 Thirdparty/STM32F0xx_HAL_Driver/Src/stm32f0xx_hal_uart_ex.o
                0x000000000801448c                HAL_UARTEx_WakeupCallback
 .text.HAL_UART_IRQHandler
                0x000000000801448e       0xfc Thirdparty/STM32F0xx_HAL_Driver/Src/stm32f0xx_hal_uart_ex.o
                0x000000000801448e                HAL_UART_IRQHandler
 .text.main     0x000000000801458a        0x8 User/main.o
                0x000000000801458a                main
 .text.UserTask
                0x0000000008014592        0x2 User/main.o
                0x0000000008014592                UserTask
 .text.atof     0x0000000008014594        0xa c:/st/stm32cubeide_1.5.1/stm32cubeide/plugins/com.st.stm32cube.ide.mcu.externaltools.gnu-tools-for-stm32.7-2018-q2-update.win32_1.5.0.202011040924/tools/bin/../lib/gcc/arm-none-eabi/7.3.1/../../../../arm-none-eabi/lib/thumb/v6-m\libc.a(lib_a-atof.o)
                0x0000000008014594                atof
 .text.atoi     0x000000000801459e        0xc c:/st/stm32cubeide_1.5.1/stm32cubeide/plugins/com.st.stm32cube.ide.mcu.externaltools.gnu-tools-for-stm32.7-2018-q2-update.win32_1.5.0.202011040924/tools/bin/../lib/gcc/arm-none-eabi/7.3.1/../../../../arm-none-eabi/lib/thumb/v6-m\libc.a(lib_a-atoi.o)
                0x000000000801459e                atoi
 .text.atol     0x00000000080145aa        0xc c:/st/stm32cubeide_1.5.1/stm32cubeide/plugins/com.st.stm32cube.ide.mcu.externaltools.gnu-tools-for-stm32.7-2018-q2-update.win32_1.5.0.202011040924/tools/bin/../lib/gcc/arm-none-eabi/7.3.1/../../../../arm-none-eabi/lib/thumb/v6-m\libc.a(lib_a-atol.o)
                0x00000000080145aa                atol
 *fill*         0x00000000080145b6        0x2 
 .text.__libc_init_array
                0x00000000080145b8       0x48 c:/st/stm32cubeide_1.5.1/stm32cubeide/plugins/com.st.stm32cube.ide.mcu.externaltools.gnu-tools-for-stm32.7-2018-q2-update.win32_1.5.0.202011040924/tools/bin/../lib/gcc/arm-none-eabi/7.3.1/../../../../arm-none-eabi/lib/thumb/v6-m\libc.a(lib_a-init.o)
                0x00000000080145b8                __libc_init_array
 .text.__locale_ctype_ptr_l
                0x0000000008014600        0x6 c:/st/stm32cubeide_1.5.1/stm32cubeide/plugins/com.st.stm32cube.ide.mcu.externaltools.gnu-tools-for-stm32.7-2018-q2-update.win32_1.5.0.202011040924/tools/bin/../lib/gcc/arm-none-eabi/7.3.1/../../../../arm-none-eabi/lib/thumb/v6-m\libc.a(lib_a-locale.o)
                0x0000000008014600                __locale_ctype_ptr_l
 *fill*         0x0000000008014606        0x2 
 .text.__locale_ctype_ptr