Archive member included to satisfy reference by file (symbol)

c:/st/stm32cubeide_1.5.1/stm32cubeide/plugins/com.st.stm32cube.ide.mcu.externaltools.gnu-tools-for-stm32.7-2018-q2-update.win32_1.5.0.202011040924/tools/bin/../lib/gcc/arm-none-eabi/7.3.1/../../../../arm-none-eabi/lib/thumb/v6-m\libc.a(lib_a-atof.o)
                              BOS/BOS_CLI.o (atof)
c:/st/stm32cubeide_1.5.1/stm32cubeide/plugins/com.st.stm32cube.ide.mcu.externaltools.gnu-tools-for-stm32.7-2018-q2-update.win32_1.5.0.202011040924/tools/bin/../lib/gcc/arm-none-eabi/7.3.1/../../../../arm-none-eabi/lib/thumb/v6-m\libc.a(lib_a-atoi.o)
                              BOS/BOS_CLI.o (atoi)
c:/st/stm32cubeide_1.5.1/stm32cubeide/plugins/com.st.stm32cube.ide.mcu.externaltools.gnu-tools-for-stm32.7-2018-q2-update.win32_1.5.0.202011040924/tools/bin/../lib/gcc/arm-none-eabi/7.3.1/../../../../arm-none-eabi/lib/thumb/v6-m\libc.a(lib_a-atol.o)
                              BOS/BOS.o (atol)
c:/st/stm32cubeide_1.5.1/stm32cubeide/plugins/com.st.stm32cube.ide.mcu.externaltools.gnu-tools-for-stm32.7-2018-q2-update.win32_1.5.0.202011040924/tools/bin/../lib/gcc/arm-none-eabi/7.3.1/../../../../arm-none-eabi/lib/thumb/v6-m\libc.a(lib_a-calloc.o)
                              BOS/BOS.o (calloc)
c:/st/stm32cubeide_1.5.1/stm32cubeide/plugins/com.st.stm32cube.ide.mcu.externaltools.gnu-tools-for-stm32.7-2018-q2-update.win32_1.5.0.202011040924/tools/bin/../lib/gcc/arm-none-eabi/7.3.1/../../../../arm-none-eabi/lib/thumb/v6-m\libc.a(lib_a-callocr.o)
                              c:/st/stm32cubeide_1.5.1/stm32cubeide/plugins/com.st.stm32cube.ide.mcu.externaltools.gnu-tools-for-stm32.7-2018-q2-update.win32_1.5.0.202011040924/tools/bin/../lib/gcc/arm-none-eabi/7.3.1/../../../../arm-none-eabi/lib/thumb/v6-m\libc.a(lib_a-calloc.o) (_calloc_r)
c:/st/stm32cubeide_1.5.1/stm32cubeide/plugins/com.st.stm32cube.ide.mcu.externaltools.gnu-tools-for-stm32.7-2018-q2-update.win32_1.5.0.202011040924/tools/bin/../lib/gcc/arm-none-eabi/7.3.1/../../../../arm-none-eabi/lib/thumb/v6-m\libc.a(lib_a-exit.o)
                              c:/st/stm32cubeide_1.5.1/stm32cubeide/plugins/com.st.stm32cube.ide.mcu.externaltools.gnu-tools-for-stm32.7-2018-q2-update.win32_1.5.0.202011040924/tools/bin/../lib/gcc/arm-none-eabi/7.3.1/../../../../arm-none-eabi/lib/thumb/v6-m/crt0.o (exit)
c:/st/stm32cubeide_1.5.1/stm32cubeide/plugins/com.st.stm32cube.ide.mcu.externaltools.gnu-tools-for-stm32.7-2018-q2-update.win32_1.5.0.202011040924/tools/bin/../lib/gcc/arm-none-eabi/7.3.1/../../../../arm-none-eabi/lib/thumb/v6-m\libc.a(lib_a-impure.o)
                              c:/st/stm32cubeide_1.5.1/stm32cubeide/plugins/com.st.stm32cube.ide.mcu.externaltools.gnu-tools-for-stm32.7-2018-q2-update.win32_1.5.0.202011040924/tools/bin/../lib/gcc/arm-none-eabi/7.3.1/../../../../arm-none-eabi/lib/thumb/v6-m\libc.a(lib_a-exit.o) (_global_impure_ptr)
c:/st/stm32cubeide_1.5.1/stm32cubeide/plugins/com.st.stm32cube.ide.mcu.externaltools.gnu-tools-for-stm32.7-2018-q2-update.win32_1.5.0.202011040924/tools/bin/../lib/gcc/arm-none-eabi/7.3.1/../../../../arm-none-eabi/lib/thumb/v6-m\libc.a(lib_a-init.o)
                              c:/st/stm32cubeide_1.5.1/stm32cubeide/plugins/com.st.stm32cube.ide.mcu.externaltools.gnu-tools-for-stm32.7-2018-q2-update.win32_1.5.0.202011040924/tools/bin/../lib/gcc/arm-none-eabi/7.3.1/../../../../arm-none-eabi/lib/thumb/v6-m/crt0.o (__libc_init_array)
c:/st/stm32cubeide_1.5.1/stm32cubeide/plugins/com.st.stm32cube.ide.mcu.externaltools.gnu-tools-for-stm32.7-2018-q2-update.win32_1.5.0.202011040924/tools/bin/../lib/gcc/arm-none-eabi/7.3.1/../../../../arm-none-eabi/lib/thumb/v6-m\libc.a(lib_a-locale.o)
                              BOS/BOS_CLI.o (__locale_ctype_ptr)
c:/st/stm32cubeide_1.5.1/stm32cubeide/plugins/com.st.stm32cube.ide.mcu.externaltools.gnu-tools-for-stm32.7-2018-q2-update.win32_1.5.0.202011040924/tools/bin/../lib/gcc/arm-none-eabi/7.3.1/../../../../arm-none-eabi/lib/thumb/v6-m\libc.a(lib_a-malloc.o)
                              BOS/BOS.o (malloc)
c:/st/stm32cubeide_1.5.1/stm32cubeide/plugins/com.st.stm32cube.ide.mcu.externaltools.gnu-tools-for-stm32.7-2018-q2-update.win32_1.5.0.202011040924/tools/bin/../lib/gcc/arm-none-eabi/7.3.1/../../../../arm-none-eabi/lib/thumb/v6-m\libc.a(lib_a-mallocr.o)
                              c:/st/stm32cubeide_1.5.1/stm32cubeide/plugins/com.st.stm32cube.ide.mcu.externaltools.gnu-tools-for-stm32.7-2018-q2-update.win32_1.5.0.202011040924/tools/bin/../lib/gcc/arm-none-eabi/7.3.1/../../../../arm-none-eabi/lib/thumb/v6-m\libc.a(lib_a-callocr.o) (_malloc_r)
c:/st/stm32cubeide_1.5.1/stm32cubeide/plugins/com.st.stm32cube.ide.mcu.externaltools.gnu-tools-for-stm32.7-2018-q2-update.win32_1.5.0.202011040924/tools/bin/../lib/gcc/arm-none-eabi/7.3.1/../../../../arm-none-eabi/lib/thumb/v6-m\libc.a(lib_a-mbtowc_r.o)
[...]
Memory Configuration

Name             Origin             Length             Attributes
RAM              0x0000000020000000 0x0000000000008000 xrw
FLASH            0x0000000008000000 0x0000000000020000 xr
*default*        0x0000000000000000 0xffffffffffffffff

Linker script and memory map

LOAD c:/st/stm32cubeide_1.5.1/stm32cubeide/plugins/com.st.stm32cube.ide.mcu.externaltools.gnu-tools-for-stm32.7-2018-q2-update.win32_1.5.0.202011040924/tools/bin/../lib/gcc/arm-none-eabi/7.3.1/thumb/v6-m/crti.o
LOAD c:/st/stm32cubeide_1.5.1/stm32cubeide/plugins/com.st.stm32cube.ide.mcu.externaltools.gnu-tools-for-stm32.7-2018-q2-update.win32_1.5.0.202011040924/tools/bin/../lib/gcc/arm-none-eabi/7.3.1/thumb/v6-m/crtbegin.o
LOAD c:/st/stm32cubeide_1.5.1/stm32cubeide/plugins/com.st.stm32cube.ide.mcu.externaltools.gnu-tools-for-stm32.7-2018-q2-update.win32_1.5.0.202011040924/tools/bin/../lib/gcc/arm-none-eabi/7.3.1/../../../../arm-none-eabi/lib/thumb/v6-m/crt0.o
LOAD BOS/BOS.o
LOAD BOS/BOS_CLI.o
LOAD BOS/BOS_CLIcommands.o
LOAD BOS/BOS_dma.o
LOAD BOS/BOS_eeprom.o
LOAD BOS/BOS_freertos.o
LOAD BOS/BOS_inputs.o
LOAD BOS/BOS_messaging.o
LOAD BOS/BOS_msgparser.o
LOAD H0FR6/H0FR6.o
LOAD H0FR6/H0FR6_adc.o
LOAD H0FR6/H0FR6_dma.o
LOAD H0FR6/H0FR6_gpio.o
LOAD H0FR6/H0FR6_it.o
LOAD H0FR6/H0FR6_rtc.o
LOAD H0FR6/H0FR6_timers.o
LOAD H0FR6/H0FR6_uart.o
LOAD H0FR6/startup_stm32f091xc.o
LOAD Thirdparty/CMSIS/Device/ST/STM32F0xx/Source/Templates/system_stm32f0xx.o
LOAD Thirdparty/Middleware/FreeRTOS/Source/CMSIS_RTOS/cmsis_os.o
LOAD Thirdparty/Middleware/FreeRTOS/Source/FreeRTOS_CLI.o
LOAD Thirdparty/Middleware/FreeRTOS/Source/croutine.o
LOAD Thirdparty/Middleware/FreeRTOS/Source/event_groups.o
LOAD Thirdparty/Middleware/FreeRTOS/Source/list.o
LOAD Thirdparty/Middleware/FreeRTOS/Source/queue.o
LOAD Thirdparty/Middleware/FreeRTOS/Source/tasks.o
LOAD Thirdparty/Middleware/FreeRTOS/Source/timers.o
LOAD Thirdparty/Middleware/FreeRTOS/Source/portable/GCC/ARM_CM0/port.o
LOAD Thirdparty/Middleware/FreeRTOS/Source/portable/MemMang/heap_4.o
LOAD Thirdparty/STM32F0xx_HAL_Driver/Src/stm32f0xx_hal.o
LOAD Thirdparty/STM32F0xx_HAL_Driver/Src/stm32f0xx_hal_adc.o
LOAD Thirdparty/STM32F0xx_HAL_Driver/Src/stm32f0xx_hal_adc_ex.o
LOAD Thirdparty/STM32F0xx_HAL_Driver/Src/stm32f0xx_hal_can.o
LOAD Thirdparty/STM32F0xx_HAL_Driver/Src/stm32f0xx_hal_cec.o
LOAD Thirdparty/STM32F0xx_HAL_Driver/Src/stm32f0xx_hal_comp.o
LOAD Thirdparty/STM32F0xx_HAL_Driver/Src/stm32f0xx_hal_cortex.o
LOAD Thirdparty/STM32F0xx_HAL_Driver/Src/stm32f0xx_hal_crc.o
LOAD Thirdparty/STM32F0xx_HAL_Driver/Src/stm32f0xx_hal_crc_ex.o
LOAD Thirdparty/STM32F0xx_HAL_Driver/Src/stm32f0xx_hal_dac.o
LOAD Thirdparty/STM32F0xx_HAL_Driver/Src/stm32f0xx_hal_dac_ex.o
LOAD Thirdparty/STM32F0xx_HAL_Driver/Src/stm32f0xx_hal_dma.o
LOAD Thirdparty/STM32F0xx_HAL_Driver/Src/stm32f0xx_hal_flash.o
LOAD Thirdparty/STM32F0xx_HAL_Driver/Src/stm32f0xx_hal_flash_ex.o
LOAD Thirdparty/STM32F0xx_HAL_Driver/Src/stm32f0xx_hal_gpio.o
LOAD Thirdparty/STM32F0xx_HAL_Driver/Src/stm32f0xx_hal_i2c.o
LOAD Thirdparty/STM32F0xx_HAL_Driver/Src/stm32f0xx_hal_i2c_ex.o
LOAD Thirdparty/STM32F0xx_HAL_Driver/Src/stm32f0xx_hal_i2s.o
LOAD Thirdparty/STM32F0xx_HAL_Driver/Src/stm32f0xx_hal_irda.o
LOAD Thirdparty/STM32F0xx_HAL_Driver/Src/stm32f0xx_hal_iwdg.o
LOAD Thirdparty/STM32F0xx_HAL_Driver/Src/stm32f0xx_hal_msp_template.o
LOAD Thirdparty/STM32F0xx_HAL_Driver/Src/stm32f0xx_hal_pcd.o
LOAD Thirdparty/STM32F0xx_HAL_Driver/Src/stm32f0xx_hal_pcd_ex.o
LOAD Thirdparty/STM32F0xx_HAL_Driver/Src/stm32f0xx_hal_pwr.o
LOAD Thirdparty/STM32F0xx_HAL_Driver/Src/stm32f0xx_hal_pwr_ex.o
LOAD Thirdparty/STM32F0xx_HAL_Driver/Src/stm32f0xx_hal_rcc.o
LOAD Thirdparty/STM32F0xx_HAL_Driver/Src/stm32f0xx_hal_rcc_ex.o
LOAD Thirdparty/STM32F0xx_HAL_Driver/Src/stm32f0xx_hal_rtc.o
LOAD Thirdparty/STM32F0xx_HAL_Driver/Src/stm32f0xx_hal_rtc_ex.o
LOAD Thirdparty/STM32F0xx_HAL_Driver/Src/stm32f0xx_hal_smartcard.o
LOAD Thirdparty/STM32F0xx_HAL_Driver/Src/stm32f0xx_hal_smartcard_ex.o
LOAD Thirdparty/STM32F0xx_HAL_Driver/Src/stm32f0xx_hal_smbus.o
LOAD Thirdparty/STM32F0xx_HAL_Driver/Src/stm32f0xx_hal_spi.o
LOAD Thirdparty/STM32F0xx_HAL_Driver/Src/stm32f0xx_hal_spi_ex.o
LOAD Thirdparty/STM32F0xx_HAL_Driver/Src/stm32f0xx_hal_tim.o
LOAD Thirdparty/STM32F0xx_HAL_Driver/Src/stm32f0xx_hal_tim_ex.o
LOAD Thirdparty/STM32F0xx_HAL_Driver/Src/stm32f0xx_hal_tsc.o
LOAD Thirdparty/STM32F0xx_HAL_Driver/Src/stm32f0xx_hal_uart.o
LOAD Thirdparty/STM32F0xx_HAL_Driver/Src/stm32f0xx_hal_uart_ex.o
LOAD Thirdparty/STM32F0xx_HAL_Driver/Src/stm32f0xx_hal_usart.o
LOAD Thirdparty/STM32F0xx_HAL_Driver/Src/stm32f0xx_hal_wwdg.o
LOAD User/main.o
START GROUP
LOAD c:/st/stm32cubeide_1.5.1/stm32cubeide/plugins/com.st.stm32cube.ide.mcu.externaltools.gnu-tools-for-stm32.7-2018-q2-update.win32_1.5.0.202011040924/tools/bin/../lib/gcc/arm-none-eabi/7.3.1/../../../../arm-none-eabi/lib/thumb/v6-m\libc.a
LOAD c:/st/stm32cubeide_1.5.1/stm32cubeide/plugins/com.st.stm32cube.ide.mcu.externaltools.gnu-tools-for-stm32.7-2018-q2-update.win32_1.5.0.202011040924/tools/bin/../lib/gcc/arm-none-eabi/7.3.1/../../../../arm-none-eabi/lib/thumb/v6-m\libm.a
END GROUP
START GROUP
LOAD c:/st/stm32cubeide_1.5.1/stm32cubeide/plugins/com.st.stm32cube.ide.mcu.externaltools.gnu-tools-for-stm32.7-2018-q2-update.win32_1.5.0.202011040924/tools/bin/../lib/gcc/arm-none-eabi/7.3.1/thumb/v6-m\libgcc.a
LOAD c:/st/stm32cubeide_1.5.1/stm32cubeide/plugins/com.st.stm32cube.ide.mcu.externaltools.gnu-tools-for-stm32.7-2018-q2-update.win32_1.5.0.202011040924/tools/bin/../lib/gcc/arm-none-eabi/7.3.1/../../../../arm-none-eabi/lib/thumb/v6-m\libc.a
END GROUP
START GROUP
LOAD c:/st/stm32cubeide_1.5.1/stm32cubeide/plugins/com.st.stm32cube.ide.mcu.externaltools.gnu-tools-for-stm32.7-2018-q2-update.win32_1.5.0.202011040924/tools/bin/../lib/gcc/arm-none-eabi/7.3.1/thumb/v6-m\libgcc.a
LOAD c:/st/stm32cubeide_1.5.1/stm32cubeide/plugins/com.st.stm32cube.ide.mcu.externaltools.gnu-tools-for-stm32.7-2018-q2-update.win32_1.5.0.202011040924/tools/bin/../lib/gcc/arm-none-eabi/7.3.1/../../../../arm-none-eabi/lib/thumb/v6-m\libc.a
LOAD c:/st/stm32cubeide_1.5.1/stm32cubeide/plugins/com.st.stm32cube.ide.mcu.externaltools.gnu-tools-for-stm32.7-2018-q2-update.win32_1.5.0.202011040924/tools/bin/../lib/gcc/arm-none-eabi/7.3.1/../../../../arm-none-eabi/lib/thumb/v6-m\libnosys.a
END GROUP
LOAD c:/st/stm32cubeide_1.5.1/stm32cubeide/plugins/com.st.stm32cube.ide.mcu.externaltools.gnu-tools-for-stm32.7-2018-q2-update.win32_1.5.0.202011040924/tools/bin/../lib/gcc/arm-none-eabi/7.3.1/thumb/v6-m/crtend.o
LOAD c:/st/stm32cubeide_1.5.1/stm32cubeide/plugins/com.st.stm32cube.ide.mcu.externaltools.gnu-tools-for-stm32.7-2018-q2-update.win32_1.5.0.202011040924/tools/bin/../lib/gcc/arm-none-eabi/7.3.1/thumb/v6-m/crtn.o
                0x0000000020008000                _estack = 0x20008000
                0x0000000000000200                _Min_Heap_Size = 0x200
                0x0000000000000400                _Min_Stack_Size = 0x400

.isr_vector     0x0000000008000000       0xbc
                0x0000000008000000                . = ALIGN (0x4)
 *(.isr_vector)
 .isr_vector    0x0000000008000000       0xbc H0FR6/startup_stm32f091xc.o
                0x0000000008000000                g_pfnVectors
                0x00000000080000bc                . = ALIGN (0x4)

.text           0x00000000080000bc    0x17634
                0x00000000080000bc                . = ALIGN (0x4)
 *(.text)
 .text          0x00000000080000bc       0x48 c:/st/stm32cubeide_1.5.1/stm32cubeide/plugins/com.st.stm32cube.ide.mcu.externaltools.gnu-tools-for-stm32.7-2018-q2-update.win32_1.5.0.202011040924/tools/bin/../lib/gcc/arm-none-eabi/7.3.1/thumb/v6-m/crtbegin.o
 .text          0x0000000008000104       0x14 c:/st/stm32cubeide_1.5.1/stm32cubeide/plugins/com.st.stm32cube.ide.mcu.externaltools.gnu-tools-for-stm32.7-2018-q2-update.win32_1.5.0.202011040924/tools/bin/../lib/gcc/arm-none-eabi/7.3.1/../../../../arm-none-eabi/lib/thumb/v6-m\libc.a(lib_a-strcmp.o)
                0x0000000008000104                strcmp
 .text          0x0000000008000118        0xe c:/st/stm32cubeide_1.5.1/stm32cubeide/plugins/com.st.stm32cube.ide.mcu.externaltools.gnu-tools-for-stm32.7-2018-q2-update.win32_1.5.0.202011040924/tools/bin/../lib/gcc/arm-none-eabi/7.3.1/../../../../arm-none-eabi/lib/thumb/v6-m\libc.a(lib_a-strlen.o)
                0x0000000008000118                strlen
 *fill*         0x0000000008000126        0x2 
 .text          0x0000000008000128       0x14 c:/st/stm32cubeide_1.5.1/stm32cubeide/plugins/com.st.stm32cube.ide.mcu.externaltools.gnu-tools-for-stm32.7-2018-q2-update.win32_1.5.0.202011040924/tools/bin/../lib/gcc/arm-none-eabi/7.3.1/thumb/v6-m\libgcc.a(_thumb1_case_uqi.o)
                0x0000000008000128                __gnu_thumb1_case_uqi
 .text          0x000000000800013c       0x14 c:/st/stm32cubeide_1.5.1/stm32cubeide/plugins/com.st.stm32cube.ide.mcu.externaltools.gnu-tools-for-stm32.7-2018-q2-update.win32_1.5.0.202011040924/tools/bin/../lib/gcc/arm-none-eabi/7.3.1/thumb/v6-m\libgcc.a(_thumb1_case_shi.o)
                0x000000000800013c                __gnu_thumb1_case_shi
 .text          0x0000000008000150      0x114 c:/st/stm32cubeide_1.5.1/stm32cubeide/plugins/com.st.stm32cube.ide.mcu.externaltools.gnu-tools-for-stm32.7-2018-q2-update.win32_1.5.0.202011040924/tools/bin/../lib/gcc/arm-none-eabi/7.3.1/thumb/v6-m\libgcc.a(_udivsi3.o)
                0x0000000008000150                __aeabi_uidiv
                0x0000000008000150                __udivsi3
                0x000000000800025c                __aeabi_uidivmod
 .text          0x0000000008000264      0x1d4 c:/st/stm32cubeide_1.5.1/stm32cubeide/plugins/com.st.stm32cube.ide.mcu.externaltools.gnu-tools-for-stm32.7-2018-q2-update.win32_1.5.0.202011040924/tools/bin/../lib/gcc/arm-none-eabi/7.3.1/thumb/v6-m\libgcc.a(_divsi3.o)
                0x0000000008000264                __divsi3
                0x0000000008000264                __aeabi_idiv
                0x0000000008000430                __aeabi_idivmod
 .text          0x0000000008000438        0x4 c:/st/stm32cubeide_1.5.1/stm32cubeide/plugins/com.st.stm32cube.ide.mcu.externaltools.gnu-tools-for-stm32.7-2018-q2-update.win32_1.5.0.202011040924/tools/bin/../lib/gcc/arm-none-eabi/7.3.1/thumb/v6-m\libgcc.a(_dvmd_tls.o)
                0x0000000008000438                __aeabi_idiv0
                0x0000000008000438                __aeabi_ldiv0
 .text          0x000000000800043c       0x7c c:/st/stm32cubeide_1.5.1/stm32cubeide/plugins/com.st.stm32cube.ide.mcu.externaltools.gnu-tools-for-stm32.7-2018-q2-update.win32_1.5.0.202011040924/tools/bin/../lib/gcc/arm-none-eabi/7.3.1/thumb/v6-m\libgcc.a(_arm_cmpdf2.o)
                0x000000000800043c                __aeabi_cdrcmple
                0x000000000800044c                __aeabi_cdcmple
                0x000000000800044c                __aeabi_cdcmpeq
                0x000000000800045c                __aeabi_dcmpeq
                0x0000000008000468                __aeabi_dcmplt
                0x000000000800047c                __aeabi_dcmple
                0x0000000008000490                __aeabi_dcmpgt
                0x00000000080004a4                __aeabi_dcmpge
 .text          0x00000000080004b8       0x74 c:/st/stm32cubeide_1.5.1/stm32cubeide/plugins/com.st.stm32cube.ide.mcu.externaltools.gnu-tools-for-stm32.7-2018-q2-update.win32_1.5.0.202011040924/tools/bin/../lib/gcc/arm-none-eabi/7.3.1/thumb/v6-m\libgcc.a(_arm_cmpsf2.o)
                0x00000000080004b8                __aeabi_cfrcmple
                0x00000000080004c0                __aeabi_cfcmpeq
                0x00000000080004c0                __aeabi_cfcmple
                0x00000000080004d0                __aeabi_fcmpeq
                0x00000000080004dc                __aeabi_fcmplt
                0x00000000080004f0                __aeabi_fcmple
                0x0000000008000504                __aeabi_fcmpgt
                0x0000000008000518                __aeabi_fcmpge
 .text          0x000000000800052c       0x40 c:/st/stm32cubeide_1.5.1/stm32cubeide/plugins/com.st.stm32cube.ide.mcu.externaltools.gnu-tools-for-stm32.7-2018-q2-update.win32_1.5.0.202011040924/tools/bin/../lib/gcc/arm-none-eabi/7.3.1/thumb/v6-m\libgcc.a(_aeabi_uldivmod.o)
                0x000000000800052c                __aeabi_uldivmod
 .text          0x000000000800056c       0x54 c:/st/stm32cubeide_1.5.1/stm32cubeide/plugins/com.st.stm32cube.ide.mcu.externaltools.gnu-tools-for-stm32.7-2018-q2-update.win32_1.5.0.202011040924/tools/bin/../lib/gcc/arm-none-eabi/7.3.1/thumb/v6-m\libgcc.a(_muldi3.o)
                0x000000000800056c                __muldi3
                0x000000000800056c                __aeabi_lmul
 .text          0x00000000080005c0       0x30 c:/st/stm32cubeide_1.5.1/stm32cubeide/plugins/com.st.stm32cube.ide.mcu.externaltools.gnu-tools-for-stm32.7-2018-q2-update.win32_1.5.0.202011040924/tools/bin/../lib/gcc/arm-none-eabi/7.3.1/thumb/v6-m\libgcc.a(_fixunssfsi.o)
                0x00000000080005c0                __fixunssfsi
                0x00000000080005c0                __aeabi_f2uiz
 .text          0x00000000080005f0       0x3c c:/st/stm32cubeide_1.5.1/stm32cubeide/plugins/com.st.stm32cube.ide.mcu.externaltools.gnu-tools-for-stm32.7-2018-q2-update.win32_1.5.0.202011040924/tools/bin/../lib/gcc/arm-none-eabi/7.3.1/thumb/v6-m\libgcc.a(_fixunsdfsi.o)
                0x00000000080005f0                __aeabi_d2uiz
                0x00000000080005f0                __fixunsdfsi
 .text          0x000000000800062c      0x184 c:/st/stm32cubeide_1.5.1/stm32cubeide/plugins/com.st.stm32cube.ide.mcu.externaltools.gnu-tools-for-stm32.7-2018-q2-update.win32_1.5.0.202011040924/tools/bin/../lib/gcc/arm-none-eabi/7.3.1/thumb/v6-m\libgcc.a(_udivmoddi4.o)
                0x000000000800062c                __udivmoddi4
 .text          0x00000000080007b0       0x50 c:/st/stm32cubeide_1.5.1/stm32cubeide/plugins/com.st.stm32cube.ide.mcu.externaltools.gnu-tools-for-stm32.7-2018-q2-update.win32_1.5.0.202011040924/tools/bin/../lib/gcc/arm-none-eabi/7.3.1/thumb/v6-m\libgcc.a(eqsf2.o)
                0x00000000080007b0                __eqsf2
                0x00000000080007b0                __nesf2
 .text          0x0000000008000800       0x9c c:/st/stm32cubeide_1.5.1/stm32cubeide/plugins/com.st.stm32cube.ide.mcu.externaltools.gnu-tools-for-stm32.7-2018-q2-update.win32_1.5.0.202011040924/tools/bin/../lib/gcc/arm-none-eabi/7.3.1/thumb/v6-m\libgcc.a(gesf2.o)
                0x0000000008000800                __gesf2
                0x0000000008000800                __gtsf2
 .text          0x000000000800089c       0xa0 c:/st/stm32cubeide_1.5.1/stm32cubeide/plugins/com.st.stm32cube.ide.mcu.externaltools.gnu-tools-for-stm32.7-2018-q2-update.win32_1.5.0.202011040924/tools/bin/../lib/gcc/arm-none-eabi/7.3.1/thumb/v6-m\libgcc.a(lesf2.o)
                0x000000000800089c                __ltsf2
                0x000000000800089c                __lesf2
 .text          0x000000000800093c      0x264 c:/st/stm32cubeide_1.5.1/stm32cubeide/plugins/com.st.stm32cube.ide.mcu.externaltools.gnu-tools-for-stm32.7-2018-q2-update.win32_1.5.0.202011040924/tools/bin/../lib/gcc/arm-none-eabi/7.3.1/thumb/v6-m\libgcc.a(mulsf3.o)
                0x000000000800093c                __aeabi_fmul
 .text          0x0000000008000ba0      0x388 c:/st/stm32cubeide_1.5.1/stm32cubeide/plugins/com.st.stm32cube.ide.mcu.externaltools.gnu-tools-for-stm32.7-2018-q2-update.win32_1.5.0.202011040924/tools/bin/../lib/gcc/arm-none-eabi/7.3.1/thumb/v6-m\libgcc.a(subsf3.o)
                0x0000000008000ba0                __aeabi_fsub
 .text          0x0000000008000f28       0x40 c:/st/stm32cubeide_1.5.1/stm32cubeide/plugins/com.st.stm32cube.ide.mcu.externaltools.gnu-tools-for-stm32.7-2018-q2-update.win32_1.5.0.202011040924/tools/bin/../lib/gcc/arm-none-eabi/7.3.1/thumb/v6-m\libgcc.a(fixsfsi.o)
                0x0000000008000f28                __aeabi_f2iz
 .text          0x0000000008000f68       0x80 c:/st/stm32cubeide_1.5.1/stm32cubeide/plugins/com.st.stm32cube.ide.mcu.externaltools.gnu-tools-for-stm32.7-2018-q2-update.win32_1.5.0.202011040924/tools/bin/../lib/gcc/arm-none-eabi/7.3.1/thumb/v6-m\libgcc.a(floatunsisf.o)
                0x0000000008000f68                __aeabi_ui2f
 .text          0x0000000008000fe8      0x638 c:/st/stm32cubeide_1.5.1/stm32cubeide/plugins/com.st.stm32cube.ide.mcu.externaltools.gnu-tools-for-stm32.7-2018-q2-update.win32_1.5.0.202011040924/tools/bin/../lib/gcc/arm-none-eabi/7.3.1/thumb/v6-m\libgcc.a(adddf3.o)
                0x0000000008000fe8                __aeabi_dadd
 .text          0x0000000008001620      0x604 c:/st/stm32cubeide_1.5.1/stm32cubeide/plugins/com.st.stm32cube.ide.mcu.externaltools.gnu-tools-for-stm32.7-2018-q2-update.win32_1.5.0.202011040924/tools/bin/../lib/gcc/arm-none-eabi/7.3.1/thumb/v6-m\libgcc.a(divdf3.o)
                0x0000000008001620                __aeabi_ddiv
 .text          0x0000000008001c24       0x78 c:/st/stm32cubeide_1.5.1/stm32cubeide/plugins/com.st.stm32cube.ide.mcu.externaltools.gnu-tools-for-stm32.7-2018-q2-update.win32_1.5.0.202011040924/tools/bin/../lib/gcc/arm-none-eabi/7.3.1/thumb/v6-m\libgcc.a(eqdf2.o)
                0x0000000008001c24                __nedf2
                0x0000000008001c24                __eqdf2
 .text          0x0000000008001c9c       0xc8 c:/st/stm32cubeide_1.5.1/stm32cubeide/plugins/com.st.stm32cube.ide.mcu.externaltools.gnu-tools-for-stm32.7-2018-q2-update.win32_1.5.0.202011040924/tools/bin/../lib/gcc/arm-none-eabi/7.3.1/thumb/v6-m\libgcc.a(gedf2.o)
                0x0000000008001c9c                __gedf2
                0x0000000008001c9c                __gtdf2
 .text          0x0000000008001d64       0xd0 c:/st/stm32cubeide_1.5.1/stm32cubeide/plugins/com.st.stm32cube.ide.mcu.externaltools.gnu-tools-for-stm32.7-2018-q2-update.win32_1.5.0.202011040924/tools/bin/../lib/gcc/arm-none-eabi/7.3.1/thumb/v6-m\libgcc.a(ledf2.o)
                0x0000000008001d64                __ledf2
                0x0000000008001d64                __ltdf2
 .text          0x0000000008001e34      0x4e4 c:/st/stm32cubeide_1.5.1/stm32cubeide/plugins/com.st.stm32cube.ide.mcu.externaltools.gnu-tools-for-stm32.7-2018-q2-update.win32_1.5.0.202011040924/tools/bin/../lib/gcc/arm-none-eabi/7.3.1/thumb/v6-m\libgcc.a(muldf3.o)
                0x0000000008001e34                __aeabi_dmul
 .text          0x0000000008002318      0x690 c:/st/stm32cubeide_1.5.1/stm32cubeide/plugins/com.st.stm32cube.ide.mcu.externaltools.gnu-tools-for-stm32.7-2018-q2-update.win32_1.5.0.202011040924/tools/bin/../lib/gcc/arm-none-eabi/7.3.1/thumb/v6-m\libgcc.a(subdf3.o)
                0x0000000008002318                __aeabi_dsub
 .text          0x00000000080029a8       0x38 c:/st/stm32cubeide_1.5.1/stm32cubeide/plugins/com.st.stm32cube.ide.mcu.externaltools.gnu-tools-for-stm32.7-2018-q2-update.win32_1.5.0.202011040924/tools/bin/../lib/gcc/arm-none-eabi/7.3.1/thumb/v6-m\libgcc.a(unorddf2.o)
                0x00000000080029a8                __aeabi_dcmpun
 .text          0x00000000080029e0       0x6c c:/st/stm32cubeide_1.5.1/stm32cubeide/plugins/com.st.stm32cube.ide.mcu.externaltools.gnu-tools-for-stm32.7-2018-q2-update.win32_1.5.0.202011040924/tools/bin/../lib/gcc/arm-none-eabi/7.3.1/thumb/v6-m\libgcc.a(fixdfsi.o)
                0x00000000080029e0                __aeabi_d2iz
 .text          0x0000000008002a4c       0x74 c:/st/stm32cubeide_1.5.1/stm32cubeide/plugins/com.st.stm32cube.ide.mcu.externaltools.gnu-tools-for-stm32.7-2018-q2-update.win32_1.5.0.202011040924/tools/bin/../lib/gcc/arm-none-eabi/7.3.1/thumb/v6-m\libgcc.a(floatsidf.o)
                0x0000000008002a4c                __aeabi_i2d
 .text          0x0000000008002ac0       0x64 c:/st/stm32cubeide_1.5.1/stm32cubeide/plugins/com.st.stm32cube.ide.mcu.externaltools.gnu-tools-for-stm32.7-2018-q2-update.win32_1.5.0.202011040924/tools/bin/../lib/gcc/arm-none-eabi/7.3.1/thumb/v6-m\libgcc.a(floatunsidf.o)
                0x0000000008002ac0                __aeabi_ui2d
 .text          0x0000000008002b24       0xa4 c:/st/stm32cubeide_1.5.1/stm32cubeide/plugins/com.st.stm32cube.ide.mcu.externaltools.gnu-tools-for-stm32.7-2018-q2-update.win32_1.5.0.202011040924/tools/bin/../lib/gcc/arm-none-eabi/7.3.1/thumb/v6-m\libgcc.a(extendsfdf2.o)
                0x0000000008002b24                __aeabi_f2d
 .text          0x0000000008002bc8      0x108 c:/st/stm32cubeide_1.5.1/stm32cubeide/plugins/com.st.stm32cube.ide.mcu.externaltools.gnu-tools-for-stm32.7-2018-q2-update.win32_1.5.0.202011040924/tools/bin/../lib/gcc/arm-none-eabi/7.3.1/thumb/v6-m\libgcc.a(truncdfsf2.o)
                0x0000000008002bc8                __aeabi_d2f
 .text          0x0000000008002cd0       0x3c c:/st/stm32cubeide_1.5.1/stm32cubeide/plugins/com.st.stm32cube.ide.mcu.externaltools.gnu-tools-for-stm32.7-2018-q2-update.win32_1.5.0.202011040924/tools/bin/../lib/gcc/arm-none-eabi/7.3.1/thumb/v6-m\libgcc.a(_clzsi2.o)
                0x0000000008002cd0                __clzsi2
 .text          0x0000000008002d0c       0x18 c:/st/stm32cubeide_1.5.1/stm32cubeide/plugins/com.st.stm32cube.ide.mcu.externaltools.gnu-tools-for-stm32.7-2018-q2-update.win32_1.5.0.202011040924/tools/bin/../lib/gcc/arm-none-eabi/7.3.1/thumb/v6-m\libgcc.a(_clzdi2.o)
                0x0000000008002d0c                __clzdi2
 *(.text*)
 .text.LoadROtopology
                0x0000000008002d24       0xa0 BOS/BOS.o
                0x0000000008002d24                LoadROtopology
 .text.LoadEEportsDir
                0x0000000008002dc4       0x4c BOS/BOS.o
                0x0000000008002dc4                LoadEEportsDir
 .text.LoadEEalias
                0x0000000008002e10       0x80 BOS/BOS.o
                0x0000000008002e10                LoadEEalias
 .text.LoadEEgroup
                0x0000000008002e90       0xa4 BOS/BOS.o
                0x0000000008002e90                LoadEEgroup
 .text.LoadEEstreams
                0x0000000008002f34      0x120 BOS/BOS.o
                0x0000000008002f34                LoadEEstreams
 .text.LoadEEparams
                0x0000000008003054      0x17c BOS/BOS.o
                0x0000000008003054                LoadEEparams
 .text.LoadEEbuttons
                0x00000000080031d0      0x104 BOS/BOS.o
                0x00000000080031d0                LoadEEbuttons
 .text.LoadROsnippets
                0x00000000080032d4      0x110 BOS/BOS.o
                0x00000000080032d4                LoadROsnippets
 .text.LoadEEvars
                0x00000000080033e4       0x24 BOS/BOS.o
                0x00000000080033e4                LoadEEvars
 .text.SaveEEportsDir
                0x0000000008003408       0x50 BOS/BOS.o
                0x0000000008003408                SaveEEportsDir
 .text.SaveEEalias
                0x0000000008003458       0x88 BOS/BOS.o
                0x0000000008003458                SaveEEalias
 .text.SaveEEstreams
                0x00000000080034e0       0x90 BOS/BOS.o
                0x00000000080034e0                SaveEEstreams
 .text.SaveEEparams
                0x0000000008003570       0x88 BOS/BOS.o
                0x0000000008003570                SaveEEparams
 .text.ClearEEportsDir
                0x00000000080035f8       0x58 BOS/BOS.o
                0x00000000080035f8                ClearEEportsDir
 .text.IsLowerCLIbaud
                0x0000000008003650       0x94 BOS/BOS.o
                0x0000000008003650                IsLowerCLIbaud
 .text.SetupPortForRemoteBootloaderUpdate
                0x00000000080036e4       0x2c BOS/BOS.o
                0x00000000080036e4                SetupPortForRemoteBootloaderUpdate
 .text.IsModuleParameter
                0x0000000008003710       0x18 BOS/BOS.o
                0x0000000008003710                IsModuleParameter
 .text.IsMathOperator
                0x0000000008003728       0xb0 BOS/BOS.o
                0x0000000008003728                IsMathOperator
 .text.ExploreNeighbors
                0x00000000080037d8       0x58 BOS/BOS.o
                0x00000000080037d8                ExploreNeighbors
 .text.FindBroadcastRoutes
                0x0000000008003830      0x150 BOS/BOS.o
                0x0000000008003830                FindBroadcastRoutes
 .text.FindRoute
                0x0000000008003980      0x1c0 BOS/BOS.o
                0x0000000008003980                FindRoute
 .text.remoteBootloaderUpdate
                0x0000000008003b40      0x11c BOS/BOS.o
                0x0000000008003b40                remoteBootloaderUpdate
 .text.DisplayTopology
                0x0000000008003c5c      0x1a4 BOS/BOS.o
                0x0000000008003c5c                DisplayTopology
 .text.DisplayPortsDir
                0x0000000008003e00       0xf4 BOS/BOS.o
                0x0000000008003e00                DisplayPortsDir
 .text.DisplayModuleStatus
                0x0000000008003ef4      0x2ec BOS/BOS.o
                0x0000000008003ef4                DisplayModuleStatus
 .text.GetID    0x00000000080041e0       0xc0 BOS/BOS.o
                0x00000000080041e0                GetID
 .text.NameModule
                0x00000000080042a0       0xd4 BOS/BOS.o
                0x00000000080042a0                NameModule
 .text.AddModuleToGroup
                0x0000000008004374      0x11c BOS/BOS.o
                0x0000000008004374                AddModuleToGroup
 .text.ReadPortsDir
                0x0000000008004490       0xc4 BOS/BOS.o
                0x0000000008004490                ReadPortsDir
 .text.UpdateMyPortsDir
                0x0000000008004554       0x58 BOS/BOS.o
                0x0000000008004554                UpdateMyPortsDir
 .text.BOS_Init
                0x00000000080045ac      0x138 BOS/BOS.o
                0x00000000080045ac                BOS_Init
 .text.Module_Init
                0x00000000080046e4       0x18 BOS/BOS.o
                0x00000000080046e4                Module_Init
 .text.WriteToRemote
                0x00000000080046fc      0x230 BOS/BOS.o
                0x00000000080046fc                WriteToRemote
 .text.GetDateString
                0x000000000800492c       0x3c BOS/BOS.o
                0x000000000800492c                GetDateString
 .text.Bridge   0x0000000008004968       0x28 BOS/BOS.o
                0x0000000008004968                Bridge
 .text.Unbridge
                0x0000000008004990       0x70 BOS/BOS.o
                0x0000000008004990                Unbridge
 .text.AddSnippet.part.0
                0x0000000008004a00       0xb0 BOS/BOS_CLI.o
 .text.StringToLowerCase
                0x0000000008004ab0       0x28 BOS/BOS_CLI.o
                0x0000000008004ab0                StringToLowerCase
 .text.ParseSnippetCondition
                0x0000000008004ad8      0x3c8 BOS/BOS_CLI.o
                0x0000000008004ad8                ParseSnippetCondition
 .text.CLI_CommandParser
                0x0000000008004ea0      0x444 BOS/BOS_CLI.o
                0x0000000008004ea0                CLI_CommandParser
 .text.prvCLITask
                0x00000000080052e4      0x1e0 BOS/BOS_CLI.o
                0x00000000080052e4                prvCLITask
 .text.ParseSnippetCommand
                0x00000000080054c4       0x78 BOS/BOS_CLI.o
                0x00000000080054c4                ParseSnippetCommand
 .text.CheckSnippetCondition
                0x000000000800553c       0xd0 BOS/BOS_CLI.o
                0x000000000800553c                CheckSnippetCondition
 .text.ExecuteSnippet
                0x000000000800560c       0xb4 BOS/BOS_CLI.o
                0x000000000800560c                ExecuteSnippet
 .text.exploreCommand
                0x00000000080056c0        0x4 BOS/BOS_CLIcommands.o
 .text.setBaudrateCommand
                0x00000000080056c4       0x80 BOS/BOS_CLIcommands.o
 .text.flashsizeCommand
                0x0000000008005744       0x20 BOS/BOS_CLIcommands.o
 .text.GetReadPrecentageCommand
                0x0000000008005764       0x60 BOS/BOS_CLIcommands.o
 .text.ReadVrefCommand
                0x00000000080057c4       0x40 BOS/BOS_CLIcommands.o
 .text.ReadTempCommand
                0x0000000008005804       0x40 BOS/BOS_CLIcommands.o
 .text.ADCReadCommand
                0x0000000008005844       0xb8 BOS/BOS_CLIcommands.o
 .text.testportCommand
                0x00000000080058fc      0x1b8 BOS/BOS_CLIcommands.o
 .text.unbridgeCommand
                0x0000000008005ab4       0xb0 BOS/BOS_CLIcommands.o
 .text.bridgeCommand
                0x0000000008005b64       0xb0 BOS/BOS_CLIcommands.o
 .text.delSnipCommand
                0x0000000008005c14       0xec BOS/BOS_CLIcommands.o
 .text.pauseSnipCommand
                0x0000000008005d00       0x6c BOS/BOS_CLIcommands.o
 .text.actSnipCommand
                0x0000000008005d6c       0x70 BOS/BOS_CLIcommands.o
 .text.snipCommand
                0x0000000008005ddc      0x214 BOS/BOS_CLIcommands.o
 .text.idcodeCommand
                0x0000000008005ff0       0xa8 BOS/BOS_CLIcommands.o
 .text.dateCommand
                0x0000000008006098       0x24 BOS/BOS_CLIcommands.o
 .text.getCommand
                0x00000000080060bc      0x238 BOS/BOS_CLIcommands.o
 .text.defaultCommand
                0x00000000080062f4       0xbc BOS/BOS_CLIcommands.o
 .text.setCommand
                0x00000000080063b0      0x7d4 BOS/BOS_CLIcommands.o
 .text.removebuttonCommand
                0x0000000008006b84       0x54 BOS/BOS_CLIcommands.o
 .text.addbuttonCommand
                0x0000000008006bd8       0xd0 BOS/BOS_CLIcommands.o
 .text.scastCommand
                0x0000000008006ca8      0x194 BOS/BOS_CLIcommands.o
 .text.infoCommand
                0x0000000008006e3c       0xac BOS/BOS_CLIcommands.o
 .text.statusCommand
                0x0000000008006ee8       0x14 BOS/BOS_CLIcommands.o
 .text.groupCommand
                0x0000000008006efc      0x1ac BOS/BOS_CLIcommands.o
 .text.nameCommand
                0x00000000080070a8       0x90 BOS/BOS_CLIcommands.o
 .text.bootloaderUpdateCommand
                0x0000000008007138      0x180 BOS/BOS_CLIcommands.o
 .text.pingCommand
                0x00000000080072b8       0x64 BOS/BOS_CLIcommands.o
 .text.prvRunTimeStatsCommand
                0x000000000800731c       0x24 BOS/BOS_CLIcommands.o
 .text.prvTaskStatsCommand
                0x0000000008007340       0x24 BOS/BOS_CLIcommands.o
 .text.uuidCommand
                0x0000000008007364       0x6c BOS/BOS_CLIcommands.o
 .text.timeCommand
                0x00000000080073d0       0x7c BOS/BOS_CLIcommands.o
 .text.resetCommand
                0x000000000800744c       0x24 BOS/BOS_CLIcommands.o
 .text.RegisterUserCLICommands
                0x0000000008007470        0x4 BOS/BOS_CLIcommands.o
                0x0000000008007470                RegisterUserCLICommands
 .text.vRegisterCLICommands
                0x0000000008007474      0x130 BOS/BOS_CLIcommands.o
                0x0000000008007474                vRegisterCLICommands
 .text.StopStreamDMA
                0x00000000080075a4       0x2c BOS/BOS_dma.o
                0x00000000080075a4                StopStreamDMA
 .text.SwitchMsgDMAToStream
                0x00000000080075d0       0x2c BOS/BOS_dma.o
                0x00000000080075d0                SwitchMsgDMAToStream
 .text.SwitchStreamDMAToMsg
                0x00000000080075fc       0x74 BOS/BOS_dma.o
                0x00000000080075fc                SwitchStreamDMAToMsg
 .text.StartDMAstream
                0x0000000008007670       0x54 BOS/BOS_dma.o
                0x0000000008007670                StartDMAstream
 .text.DMA_IRQHandler
                0x00000000080076c4       0x80 BOS/BOS_dma.o
                0x00000000080076c4                DMA_IRQHandler
 .text.ResetUartORE
                0x0000000008007744       0x38 BOS/BOS_dma.o
                0x0000000008007744                ResetUartORE
 .text.EE_VerifyPageFullWriteVariable
                0x000000000800777c       0xbc BOS/BOS_eeprom.o
 .text.EE_ReadVariable
                0x0000000008007838       0x60 BOS/BOS_eeprom.o
                0x0000000008007838                EE_ReadVariable
 .text.EE_WriteVariable
                0x0000000008007898      0x12c BOS/BOS_eeprom.o
                0x0000000008007898                EE_WriteVariable
 .text.EE_Format
                0x00000000080079c4       0xa0 BOS/BOS_eeprom.o
                0x00000000080079c4                EE_Format
 .text.EE_Init  0x0000000008007a64      0x2b0 BOS/BOS_eeprom.o
                0x0000000008007a64                EE_Init
 .text.MX_FREERTOS_Init
                0x0000000008007d14      0x1bc BOS/BOS_freertos.o
                0x0000000008007d14                MX_FREERTOS_Init
 .text.ExecuteMonitor
                0x0000000008007ed0      0x400 BOS/BOS_freertos.o
                0x0000000008007ed0                ExecuteMonitor
 .text.StartDefaultTask
                0x00000000080082d0       0x88 BOS/BOS_freertos.o
                0x00000000080082d0                StartDefaultTask
 .text.vMainConfigureTimerForRunTimeStats
                0x0000000008008358       0x20 BOS/BOS_freertos.o
                0x0000000008008358                vMainConfigureTimerForRunTimeStats
 .text.ulMainGetRunTimeCounterValue
                0x0000000008008378       0x50 BOS/BOS_freertos.o
                0x0000000008008378                ulMainGetRunTimeCounterValue
 .text.buttonPressedCallback
                0x00000000080083c8        0x4 BOS/BOS_inputs.o
                0x00000000080083c8                buttonPressedCallback
 .text.AddPortButton
                0x00000000080083cc       0xf4 BOS/BOS_inputs.o
                0x00000000080083cc                AddPortButton
 .text.RemovePortButton
                0x00000000080084c0      0x118 BOS/BOS_inputs.o
                0x00000000080084c0                RemovePortButton
 .text.SetButtonEvents
                0x00000000080085d8      0x23c BOS/BOS_inputs.o
                0x00000000080085d8                SetButtonEvents
 .text.MX_ADC_Init
                0x0000000008008814       0x54 BOS/BOS_inputs.o
                0x0000000008008814                MX_ADC_Init
 .text.HAL_ADC_MspInit
                0x0000000008008868       0x60 BOS/BOS_inputs.o
                0x0000000008008868                HAL_ADC_MspInit
 .text.ReadTempAndVref
                0x00000000080088c8      0x18c BOS/BOS_inputs.o
                0x00000000080088c8                ReadTempAndVref
 .text.GetReadPrecentage
                0x0000000008008a54      0x1a8 BOS/BOS_inputs.o
                0x0000000008008a54                GetReadPrecentage
 .text.Get_Rank
                0x0000000008008bfc       0x58 BOS/BOS_inputs.o
                0x0000000008008bfc                Get_Rank
 .text.ADCSelectChannel
                0x0000000008008c54       0xa0 BOS/BOS_inputs.o
                0x0000000008008c54                ADCSelectChannel
 .text.ReadADCChannel
                0x0000000008008cf4      0x114 BOS/BOS_inputs.o
                0x0000000008008cf4                ReadADCChannel
 .text.buttonReleasedCallback
                0x0000000008008e08        0x4 BOS/BOS_inputs.o
                0x0000000008008e08                buttonReleasedCallback
 .text.buttonClickedCallback
                0x0000000008008e0c        0x4 BOS/BOS_inputs.o
                0x0000000008008e0c                buttonClickedCallback
 .text.buttonDblClickedCallback
                0x0000000008008e10        0x4 BOS/BOS_inputs.o
                0x0000000008008e10                buttonDblClickedCallback
 .text.buttonPressedForXCallback
                0x0000000008008e14        0x4 BOS/BOS_inputs.o
                0x0000000008008e14                buttonPressedForXCallback
 .text.buttonReleasedForYCallback
                0x0000000008008e18        0x4 BOS/BOS_inputs.o
                0x0000000008008e18                buttonReleasedForYCallback
 .text.CheckAttachedButtons
                0x0000000008008e1c      0x524 BOS/BOS_inputs.o
                0x0000000008008e1c                CheckAttachedButtons
 .text.StreamTimerCallback
                0x0000000008009340       0x18 BOS/BOS_messaging.o
                0x0000000008009340                StreamTimerCallback
 .text.SetupDMAStreams
                0x0000000008009358      0x198 BOS/BOS_messaging.o
                0x0000000008009358                SetupDMAStreams
 .text.NotifyMessagingTask
                0x00000000080094f0       0x48 BOS/BOS_messaging.o
                0x00000000080094f0                NotifyMessagingTask
 .text.SendMessageFromPort
                0x0000000008009538       0x38 BOS/BOS_messaging.o
                0x0000000008009538                SendMessageFromPort
 .text.SendMessageFromPort.part.0
                0x0000000008009570      0x3c0 BOS/BOS_messaging.o
 .text.BroadcastReceivedMessage
                0x0000000008009930       0x3c BOS/BOS_messaging.o
                0x0000000008009930                BroadcastReceivedMessage
 .text.BroadcastMessage
                0x000000000800996c       0x4c BOS/BOS_messaging.o
                0x000000000800996c                BroadcastMessage
 .text.ForwardReceivedMessage
                0x00000000080099b8       0x40 BOS/BOS_messaging.o
                0x00000000080099b8                ForwardReceivedMessage
 .text.SendMessageToModule
                0x00000000080099f8       0x48 BOS/BOS_messaging.o
                0x00000000080099f8                SendMessageToModule
 .text.StartScastDMAStream
                0x0000000008009a40      0x178 BOS/BOS_messaging.o
                0x0000000008009a40                StartScastDMAStream
 .text.BackEndTask
                0x0000000008009bb8      0x3e8 BOS/BOS_msgparser.o
                0x0000000008009bb8                BackEndTask
 .text.User_MessagingParser
                0x0000000008009fa0        0x4 BOS/BOS_msgparser.o
                0x0000000008009fa0                User_MessagingParser
 .text.PxMessagingTask
                0x0000000008009fa4     0x1404 BOS/BOS_msgparser.o
                0x0000000008009fa4                PxMessagingTask
 .text.ledModeCommand
                0x000000000800b3a8       0x9c H0FR6/H0FR6.o
                0x000000000800b3a8                ledModeCommand
 .text.SystemClock_Config
                0x000000000800b444       0xb0 H0FR6/H0FR6.o
                0x000000000800b444                SystemClock_Config
 .text.SaveToRO
                0x000000000800b4f4      0x1f0 H0FR6/H0FR6.o
                0x000000000800b4f4                SaveToRO
 .text.ClearROtopology
                0x000000000800b6e4       0x2c H0FR6/H0FR6.o
                0x000000000800b6e4                ClearROtopology
 .text.Module_Peripheral_Init
                0x000000000800b710       0x44 H0FR6/H0FR6.o
                0x000000000800b710                Module_Peripheral_Init
 .text.RegisterModuleCLICommands
                0x000000000800b754       0x28 H0FR6/H0FR6.o
                0x000000000800b754                RegisterModuleCLICommands
 .text.GetPort  0x000000000800b77c       0x50 H0FR6/H0FR6.o
                0x000000000800b77c                GetPort
 .text.Output_on
                0x000000000800b7cc       0x84 H0FR6/H0FR6.o
                0x000000000800b7cc                Output_on
 .text.onCommand
                0x000000000800b850       0x80 H0FR6/H0FR6.o
                0x000000000800b850                onCommand
 .text.Output_off
                0x000000000800b8d0       0x34 H0FR6/H0FR6.o
                0x000000000800b8d0                Output_off
 .text.SwitchTimerCallback
                0x000000000800b904        0x8 H0FR6/H0FR6.o
                0x000000000800b904                SwitchTimerCallback
 .text.offCommand
                0x000000000800b90c       0x28 H0FR6/H0FR6.o
                0x000000000800b90c                offCommand
 .text.Output_toggle
                0x000000000800b934       0x2c H0FR6/H0FR6.o
                0x000000000800b934                Output_toggle
 .text.Module_MessagingTask
                0x000000000800b960       0x6c H0FR6/H0FR6.o
                0x000000000800b960                Module_MessagingTask
 .text.toggleCommand
                0x000000000800b9cc       0x40 H0FR6/H0FR6.o
                0x000000000800b9cc                toggleCommand
 .text.DMA_Init
                0x000000000800ba0c      0x188 H0FR6/H0FR6_dma.o
                0x000000000800ba0c                DMA_Init
 .text.DMA_MSG_RX_CH_Init
                0x000000000800bb94       0x24 H0FR6/H0FR6_dma.o
                0x000000000800bb94                DMA_MSG_RX_CH_Init
 .text.DMA_STREAM_CH_Init
                0x000000000800bbb8       0x20 H0FR6/H0FR6_dma.o
                0x000000000800bbb8                DMA_STREAM_CH_Init
 .text.SetupDMAInterrupts
                0x000000000800bbd8       0xb8 H0FR6/H0FR6_dma.o
                0x000000000800bbd8                SetupDMAInterrupts
 .text.UnSetupDMAInterrupts
                0x000000000800bc90       0xa0 H0FR6/H0FR6_dma.o
                0x000000000800bc90                UnSetupDMAInterrupts
 .text.DMA_MSG_TX_UnSetup
                0x000000000800bd30       0x14 H0FR6/H0FR6_dma.o
                0x000000000800bd30                DMA_MSG_TX_UnSetup
 .text.RemapAndLinkDMAtoUARTRx
                0x000000000800bd44      0x5d0 H0FR6/H0FR6_dma.o
                0x000000000800bd44                RemapAndLinkDMAtoUARTRx
 .text.DMA_MSG_RX_Setup
                0x000000000800c314       0x34 H0FR6/H0FR6_dma.o
                0x000000000800c314                DMA_MSG_RX_Setup
 .text.SetupMessagingRxDMAs
                0x000000000800c348       0x80 H0FR6/H0FR6_dma.o
                0x000000000800c348                SetupMessagingRxDMAs
 .text.DMA_STREAM_Setup
                0x000000000800c3c8       0x40 H0FR6/H0FR6_dma.o
                0x000000000800c3c8                DMA_STREAM_Setup
 .text.RemapAndLinkDMAtoUARTTx
                0x000000000800c408      0x5d0 H0FR6/H0FR6_dma.o
                0x000000000800c408                RemapAndLinkDMAtoUARTTx
 .text.DMA_MSG_TX_Setup
                0x000000000800c9d8       0x38 H0FR6/H0FR6_dma.o
                0x000000000800c9d8                DMA_MSG_TX_Setup
 .text.CRC_Init
                0x000000000800ca10       0x28 H0FR6/H0FR6_dma.o
                0x000000000800ca10                CRC_Init
 .text.HAL_CRC_MspInit
                0x000000000800ca38       0x1c H0FR6/H0FR6_dma.o
                0x000000000800ca38                HAL_CRC_MspInit
 .text.CalculateCRC8
                0x000000000800ca54       0x3c H0FR6/H0FR6_dma.o
                0x000000000800ca54                CalculateCRC8
 .text.GPIO_Init
                0x000000000800ca90       0x84 H0FR6/H0FR6_gpio.o
                0x000000000800ca90                GPIO_Init
 .text.Switch_Init
                0x000000000800cb14       0x24 H0FR6/H0FR6_gpio.o
                0x000000000800cb14                Switch_Init
 .text.GetPortGPIOs
                0x000000000800cb38       0xbc H0FR6/H0FR6_gpio.o
                0x000000000800cb38                GetPortGPIOs
 .text.IsFactoryReset
                0x000000000800cbf4       0xec H0FR6/H0FR6_gpio.o
                0x000000000800cbf4                IsFactoryReset
 .text.SysTick_Handler
                0x000000000800cce0        0xc H0FR6/H0FR6_it.o
                0x000000000800cce0                SysTick_Handler
 .text.HardFault_Handler
                0x000000000800ccec        0x4 H0FR6/H0FR6_it.o
                0x000000000800ccec                HardFault_Handler
 .text.USART1_IRQHandler
                0x000000000800ccf0       0x10 H0FR6/H0FR6_it.o
                0x000000000800ccf0                USART1_IRQHandler
 .text.USART2_IRQHandler
                0x000000000800cd00       0x10 H0FR6/H0FR6_it.o
                0x000000000800cd00                USART2_IRQHandler
 .text.USART3_8_IRQHandler
                0x000000000800cd10       0x24 H0FR6/H0FR6_it.o
                0x000000000800cd10                USART3_8_IRQHandler
 .text.DMA1_Ch2_3_DMA2_Ch1_2_IRQHandler
                0x000000000800cd34       0x40 H0FR6/H0FR6_it.o
                0x000000000800cd34                DMA1_Ch2_3_DMA2_Ch1_2_IRQHandler
 .text.DMA1_Ch4_7_DMA2_Ch3_5_IRQHandler
                0x000000000800cd74       0x5c H0FR6/H0FR6_it.o
                0x000000000800cd74                DMA1_Ch4_7_DMA2_Ch3_5_IRQHandler
 .text.ADC1_COMP_IRQHandler
                0x000000000800cdd0       0x10 H0FR6/H0FR6_it.o
                0x000000000800cdd0                ADC1_COMP_IRQHandler
 .text.HAL_UART_TxCpltCallback
                0x000000000800cde0       0x30 H0FR6/H0FR6_it.o
                0x000000000800cde0                HAL_UART_TxCpltCallback
 .text.HAL_UART_ErrorCallback
                0x000000000800ce10       0x48 H0FR6/H0FR6_it.o
                0x000000000800ce10                HAL_UART_ErrorCallback
 .text.HAL_UART_RxCpltCallback
                0x000000000800ce58       0x64 H0FR6/H0FR6_it.o
                0x000000000800ce58                HAL_UART_RxCpltCallback
 .text.vApplicationStackOverflowHook
                0x000000000800cebc        0x4 H0FR6/H0FR6_it.o
                0x000000000800cebc                vApplicationStackOverflowHook
 .text.vApplicationMallocFailedHook
                0x000000000800cec0        0x4 H0FR6/H0FR6_it.o
                0x000000000800cec0                vApplicationMallocFailedHook
 .text.RTC_CalendarConfig
                0x000000000800cec4       0xfc H0FR6/H0FR6_rtc.o
                0x000000000800cec4                RTC_CalendarConfig
 .text.RTC_Init
                0x000000000800cfc0       0x98 H0FR6/H0FR6_rtc.o
                0x000000000800cfc0                RTC_Init
 .text.BOS_CalendarConfig
                0x000000000800d058       0xb4 H0FR6/H0FR6_rtc.o
                0x000000000800d058                BOS_CalendarConfig
 .text.GetTimeDate
                0x000000000800d10c       0x64 H0FR6/H0FR6_rtc.o
                0x000000000800d10c                GetTimeDate
 .text.TIM_USEC_Init
                0x000000000800d170       0x64 H0FR6/H0FR6_timers.o
                0x000000000800d170                TIM_USEC_Init
 .text.TIM_MSEC_Init
                0x000000000800d1d4       0x60 H0FR6/H0FR6_timers.o
                0x000000000800d1d4                TIM_MSEC_Init
 .text.StartMicroDelay
                0x000000000800d234       0x24 H0FR6/H0FR6_timers.o
                0x000000000800d234                StartMicroDelay
 .text.StartMilliDelay
                0x000000000800d258       0x24 H0FR6/H0FR6_timers.o
                0x000000000800d258                StartMilliDelay
 .text.MX_USART1_UART_Init
                0x000000000800d27c       0x30 H0FR6/H0FR6_uart.o
                0x000000000800d27c                MX_USART1_UART_Init
 .text.MX_USART2_UART_Init
                0x000000000800d2ac       0x30 H0FR6/H0FR6_uart.o
                0x000000000800d2ac                MX_USART2_UART_Init
 .text.MX_USART3_UART_Init
                0x000000000800d2dc       0x30 H0FR6/H0FR6_uart.o
                0x000000000800d2dc                MX_USART3_UART_Init
 .text.MX_USART5_UART_Init
                0x000000000800d30c       0x30 H0FR6/H0FR6_uart.o
                0x000000000800d30c                MX_USART5_UART_Init
 .text.MX_USART6_UART_Init
                0x000000000800d33c       0x30 H0FR6/H0FR6_uart.o
                0x000000000800d33c                MX_USART6_UART_Init
 .text.HAL_UART_MspInit
                0x000000000800d36c      0x1e4 H0FR6/H0FR6_uart.o
                0x000000000800d36c                HAL_UART_MspInit
 .text.writePxMutex
                0x000000000800d550       0x64 H0FR6/H0FR6_uart.o
                0x000000000800d550                writePxMutex
 .text.writePxITMutex
                0x000000000800d5b4       0x40 H0FR6/H0FR6_uart.o
                0x000000000800d5b4                writePxITMutex
 .text.writePxDMAMutex
                0x000000000800d5f4       0x48 H0FR6/H0FR6_uart.o
                0x000000000800d5f4                writePxDMAMutex
 .text.UpdateBaudrate
                0x000000000800d63c       0x24 H0FR6/H0FR6_uart.o
                0x000000000800d63c                UpdateBaudrate
 .text.GetUart  0x000000000800d660       0x18 H0FR6/H0FR6_uart.o
                0x000000000800d660                GetUart
 .text.SwapUartPins
                0x000000000800d678       0x74 H0FR6/H0FR6_uart.o
                0x000000000800d678                SwapUartPins
 .text.Reset_Handler
                0x000000000800d6ec       0x8c H0FR6/startup_stm32f091xc.o
                0x000000000800d6ec                Reset_Handler
 .text.Default_Handler
                0x000000000800d778        0x2 H0FR6/startup_stm32f091xc.o
                0x000000000800d778                TIM1_CC_IRQHandler
                0x000000000800d778                TSC_IRQHandler
                0x000000000800d778                NMI_Handler
                0x000000000800d778                I2C1_IRQHandler
                0x000000000800d778                RCC_CRS_IRQHandler
                0x000000000800d778                SPI1_IRQHandler
                0x000000000800d778                TIM6_DAC_IRQHandler
                0x000000000800d778                DMA1_Ch1_IRQHandler
                0x000000000800d778                EXTI2_3_IRQHandler
                0x000000000800d778                I2C2_IRQHandler
                0x000000000800d778                TIM17_IRQHandler
                0x000000000800d778                CEC_CAN_IRQHandler
                0x000000000800d778                RTC_IRQHandler
                0x000000000800d778                PVD_VDDIO2_IRQHandler
                0x000000000800d778                TIM16_IRQHandler
                0x000000000800d778                TIM3_IRQHandler
                0x000000000800d778                EXTI4_15_IRQHandler
                0x000000000800d778                Default_Handler
                0x000000000800d778                TIM14_IRQHandler
                0x000000000800d778                TIM7_IRQHandler
                0x000000000800d778                TIM15_IRQHandler
                0x000000000800d778                EXTI0_1_IRQHandler
                0x000000000800d778                SPI2_IRQHandler
                0x000000000800d778                WWDG_IRQHandler
                0x000000000800d778                TIM2_IRQHandler
                0x000000000800d778                FLASH_IRQHandler
                0x000000000800d778                TIM1_BRK_UP_TRG_COM_IRQHandler
 *fill*         0x000000000800d77a        0x2 
 .text.SystemInit
                0x000000000800d77c       0x60 Thirdparty/CMSIS/Device/ST/STM32F0xx/Source/Templates/system_stm32f0xx.o
                0x000000000800d77c                SystemInit
 .text.osKernelStart
                0x000000000800d7dc        0xc Thirdparty/Middleware/FreeRTOS/Source/CMSIS_RTOS/cmsis_os.o
                0x000000000800d7dc                osKernelStart
 .text.osDelay  0x000000000800d7e8       0x10 Thirdparty/Middleware/FreeRTOS/Source/CMSIS_RTOS/cmsis_os.o
                0x000000000800d7e8                osDelay
 .text.osMutexRelease
                0x000000000800d7f8       0x48 Thirdparty/Middleware/FreeRTOS/Source/CMSIS_RTOS/cmsis_os.o
                0x000000000800d7f8                osMutexRelease
 .text.osSemaphoreCreate
                0x000000000800d840       0x2c Thirdparty/Middleware/FreeRTOS/Source/CMSIS_RTOS/cmsis_os.o
                0x000000000800d840                osSemaphoreCreate
 .text.osSemaphoreWait
                0x000000000800d86c       0x54 Thirdparty/Middleware/FreeRTOS/Source/CMSIS_RTOS/cmsis_os.o
                0x000000000800d86c                osSemaphoreWait
 .text.osSemaphoreRelease
                0x000000000800d8c0        0x8 Thirdparty/Middleware/FreeRTOS/Source/CMSIS_RTOS/cmsis_os.o
                0x000000000800d8c0                osSemaphoreRelease
 .text.osSystickHandler
                0x000000000800d8c8       0x10 Thirdparty/Middleware/FreeRTOS/Source/CMSIS_RTOS/cmsis_os.o
                0x000000000800d8c8                osSystickHandler
 .text.FreeRTOS_CLIRegisterCommand
                0x000000000800d8d8       0x38 Thirdparty/Middleware/FreeRTOS/Source/FreeRTOS_CLI.o
                0x000000000800d8d8                FreeRTOS_CLIRegisterCommand
 .text.FreeRTOS_CLIProcessCommand
                0x000000000800d910       0xf0 Thirdparty/Middleware/FreeRTOS/Source/FreeRTOS_CLI.o
                0x000000000800d910                FreeRTOS_CLIProcessCommand
 .text.FreeRTOS_CLIGetOutputBuffer
                0x000000000800da00        0x8 Thirdparty/Middleware/FreeRTOS/Source/FreeRTOS_CLI.o
                0x000000000800da00                FreeRTOS_CLIGetOutputBuffer
 .text.FreeRTOS_CLIGetParameter
                0x000000000800da08       0x54 Thirdparty/Middleware/FreeRTOS/Source/FreeRTOS_CLI.o
                0x000000000800da08                FreeRTOS_CLIGetParameter
 .text.prvHelpCommand
                0x000000000800da5c      0x100 Thirdparty/Middleware/FreeRTOS/Source/FreeRTOS_CLI.o
 .text.vListInitialise
                0x000000000800db5c       0x18 Thirdparty/Middleware/FreeRTOS/Source/list.o
                0x000000000800db5c                vListInitialise
 .text.vListInitialiseItem
                0x000000000800db74        0x8 Thirdparty/Middleware/FreeRTOS/Source/list.o
                0x000000000800db74                vListInitialiseItem
 .text.vListInsertEnd
                0x000000000800db7c       0x18 Thirdparty/Middleware/FreeRTOS/Source/list.o
                0x000000000800db7c                vListInsertEnd
 .text.vListInsert
                0x000000000800db94       0x30 Thirdparty/Middleware/FreeRTOS/Source/list.o
                0x000000000800db94                vListInsert
 .text.uxListRemove
                0x000000000800dbc4       0x20 Thirdparty/Middleware/FreeRTOS/Source/list.o
                0x000000000800dbc4                uxListRemove
 .text.prvCopyDataToQueue
                0x000000000800dbe4       0x78 Thirdparty/Middleware/FreeRTOS/Source/queue.o
 .text.prvCopyDataFromQueue
                0x000000000800dc5c       0x24 Thirdparty/Middleware/FreeRTOS/Source/queue.o
 .text.prvUnlockQueue
                0x000000000800dc80       0xa0 Thirdparty/Middleware/FreeRTOS/Source/queue.o
 .text.xQueueGenericReset
                0x000000000800dd20       0x68 Thirdparty/Middleware/FreeRTOS/Source/queue.o
                0x000000000800dd20                xQueueGenericReset
 .text.xQueueGenericCreate
                0x000000000800dd88       0x50 Thirdparty/Middleware/FreeRTOS/Source/queue.o
                0x000000000800dd88                xQueueGenericCreate
 .text.xQueueCreateCountingSemaphore
                0x000000000800ddd8       0x28 Thirdparty/Middleware/FreeRTOS/Source/queue.o
                0x000000000800ddd8                xQueueCreateCountingSemaphore
 .text.xQueueGenericSend
                0x000000000800de00      0x138 Thirdparty/Middleware/FreeRTOS/Source/queue.o
                0x000000000800de00                xQueueGenericSend
 .text.xQueueGenericSendFromISR
                0x000000000800df38       0x90 Thirdparty/Middleware/FreeRTOS/Source/queue.o
                0x000000000800df38                xQueueGenericSendFromISR
 .text.xQueueGiveFromISR
                0x000000000800dfc8       0x74 Thirdparty/Middleware/FreeRTOS/Source/queue.o
                0x000000000800dfc8                xQueueGiveFromISR
 .text.xQueueGenericReceive
                0x000000000800e03c      0x168 Thirdparty/Middleware/FreeRTOS/Source/queue.o
                0x000000000800e03c                xQueueGenericReceive
 .text.xQueueReceiveFromISR
                0x000000000800e1a4       0x7c Thirdparty/Middleware/FreeRTOS/Source/queue.o
                0x000000000800e1a4                xQueueReceiveFromISR
 .text.vQueueAddToRegistry
                0x000000000800e220       0x24 Thirdparty/Middleware/FreeRTOS/Source/queue.o
                0x000000000800e220                vQueueAddToRegistry
 .text.vQueueWaitForMessageRestricted
                0x000000000800e244       0x3c Thirdparty/Middleware/FreeRTOS/Source/queue.o
                0x000000000800e244                vQueueWaitForMessageRestricted
 .text.prvWriteNameToBuffer
                0x000000000800e280       0x30 Thirdparty/Middleware/FreeRTOS/Source/tasks.o
 .text.prvListTaskWithinSingleList.part.1
                0x000000000800e2b0       0xa8 Thirdparty/Middleware/FreeRTOS/Source/tasks.o
 .text.prvResetNextTaskUnblockTime.part.2
                0x000000000800e358       0x18 Thirdparty/Middleware/FreeRTOS/Source/tasks.o
 .text.prvAddCurrentTaskToDelayedList
                0x000000000800e370       0x3c Thirdparty/Middleware/FreeRTOS/Source/tasks.o
 .text.xTaskGenericCreate.part.5
                0x000000000800e3ac      0x19c Thirdparty/Middleware/FreeRTOS/Source/tasks.o
 .text.vTaskSwitchContext.part.6
                0x000000000800e548       0xb0 Thirdparty/Middleware/FreeRTOS/Source/tasks.o
 .text.xTaskGenericCreate
                0x000000000800e5f8       0x28 Thirdparty/Middleware/FreeRTOS/Source/tasks.o
                0x000000000800e5f8                xTaskGenericCreate
 .text.uxTaskPriorityGet
                0x000000000800e620       0x20 Thirdparty/Middleware/FreeRTOS/Source/tasks.o
                0x000000000800e620                uxTaskPriorityGet
 .text.vTaskPrioritySet
                0x000000000800e640       0xa4 Thirdparty/Middleware/FreeRTOS/Source/tasks.o
                0x000000000800e640                vTaskPrioritySet
 .text.vTaskStartScheduler
                0x000000000800e6e4       0x4c Thirdparty/Middleware/FreeRTOS/Source/tasks.o
                0x000000000800e6e4                vTaskStartScheduler
 .text.vTaskSuspendAll
                0x000000000800e730       0x10 Thirdparty/Middleware/FreeRTOS/Source/tasks.o
                0x000000000800e730                vTaskSuspendAll
 .text.xTaskGetTickCount
                0x000000000800e740        0xc Thirdparty/Middleware/FreeRTOS/Source/tasks.o
                0x000000000800e740                xTaskGetTickCount
 .text.xTaskGetTickCountFromISR
                0x000000000800e74c        0xc Thirdparty/Middleware/FreeRTOS/Source/tasks.o
                0x000000000800e74c                xTaskGetTickCountFromISR
 .text.xTaskIncrementTick
                0x000000000800e758      0x118 Thirdparty/Middleware/FreeRTOS/Source/tasks.o
                0x000000000800e758                xTaskIncrementTick
 .text.xTaskResumeAll
                0x000000000800e870       0xc0 Thirdparty/Middleware/FreeRTOS/Source/tasks.o
                0x000000000800e870                xTaskResumeAll
 .text.vTaskDelay
                0x000000000800e930       0x44 Thirdparty/Middleware/FreeRTOS/Source/tasks.o
                0x000000000800e930                vTaskDelay
 .text.prvIdleTask
                0x000000000800e974       0x64 Thirdparty/Middleware/FreeRTOS/Source/tasks.o
 .text.uxTaskGetSystemState
                0x000000000800e9d8       0xe4 Thirdparty/Middleware/FreeRTOS/Source/tasks.o
                0x000000000800e9d8                uxTaskGetSystemState
 .text.vTaskSwitchContext
                0x000000000800eabc       0x1c Thirdparty/Middleware/FreeRTOS/Source/tasks.o
                0x000000000800eabc                vTaskSwitchContext
 .text.vTaskPlaceOnEventList
                0x000000000800ead8       0x40 Thirdparty/Middleware/FreeRTOS/Source/tasks.o
                0x000000000800ead8                vTaskPlaceOnEventList
 .text.vTaskPlaceOnEventListRestricted
                0x000000000800eb18       0x2c Thirdparty/Middleware/FreeRTOS/Source/tasks.o
                0x000000000800eb18                vTaskPlaceOnEventListRestricted
 .text.xTaskRemoveFromEventList
                0x000000000800eb44       0x74 Thirdparty/Middleware/FreeRTOS/Source/tasks.o
                0x000000000800eb44                xTaskRemoveFromEventList
 .text.vTaskSetTimeOutState
                0x000000000800ebb8       0x20 Thirdparty/Middleware/FreeRTOS/Source/tasks.o
                0x000000000800ebb8                vTaskSetTimeOutState
 .text.xTaskCheckForTimeOut
                0x000000000800ebd8       0x68 Thirdparty/Middleware/FreeRTOS/Source/tasks.o
                0x000000000800ebd8                xTaskCheckForTimeOut
 .text.vTaskMissedYield
                0x000000000800ec40        0xc Thirdparty/Middleware/FreeRTOS/Source/tasks.o
                0x000000000800ec40                vTaskMissedYield
 .text.xTaskGetSchedulerState
                0x000000000800ec4c       0x20 Thirdparty/Middleware/FreeRTOS/Source/tasks.o
                0x000000000800ec4c                xTaskGetSchedulerState
 .text.vTaskPriorityInherit
                0x000000000800ec6c       0x70 Thirdparty/Middleware/FreeRTOS/Source/tasks.o
                0x000000000800ec6c                vTaskPriorityInherit
 .text.xTaskPriorityDisinherit
                0x000000000800ecdc       0x6c Thirdparty/Middleware/FreeRTOS/Source/tasks.o
                0x000000000800ecdc                xTaskPriorityDisinherit
 .text.vTaskList
                0x000000000800ed48       0xb4 Thirdparty/Middleware/FreeRTOS/Source/tasks.o
                0x000000000800ed48                vTaskList
 .text.vTaskGetRunTimeStats
                0x000000000800edfc       0xb8 Thirdparty/Middleware/FreeRTOS/Source/tasks.o
                0x000000000800edfc                vTaskGetRunTimeStats
 .text.pvTaskIncrementMutexHeldCount
                0x000000000800eeb4       0x18 Thirdparty/Middleware/FreeRTOS/Source/tasks.o
                0x000000000800eeb4                pvTaskIncrementMutexHeldCount
 .text.ulTaskNotifyTake
                0x000000000800eecc       0x80 Thirdparty/Middleware/FreeRTOS/Source/tasks.o
                0x000000000800eecc                ulTaskNotifyTake
 .text.xTaskGenericNotify
                0x000000000800ef4c       0xac Thirdparty/Middleware/FreeRTOS/Source/tasks.o
                0x000000000800ef4c                xTaskGenericNotify
 .text.prvCheckForValidListAndQueue
                0x000000000800eff8       0x50 Thirdparty/Middleware/FreeRTOS/Source/timers.o
 .text.prvInsertTimerInActiveList
                0x000000000800f048       0x44 Thirdparty/Middleware/FreeRTOS/Source/timers.o
 .text.xTimerCreateTimerTask
                0x000000000800f08c       0x40 Thirdparty/Middleware/FreeRTOS/Source/timers.o
                0x000000000800f08c                xTimerCreateTimerTask
 .text.xTimerCreate
                0x000000000800f0cc       0x40 Thirdparty/Middleware/FreeRTOS/Source/timers.o
                0x000000000800f0cc                xTimerCreate
 .text.xTimerGenericCommand
                0x000000000800f10c       0x54 Thirdparty/Middleware/FreeRTOS/Source/timers.o
                0x000000000800f10c                xTimerGenericCommand
 .text.prvSwitchTimerLists
                0x000000000800f160       0x74 Thirdparty/Middleware/FreeRTOS/Source/timers.o
 .text.prvTimerTask
                0x000000000800f1d4      0x1a8 Thirdparty/Middleware/FreeRTOS/Source/timers.o
 .text.xTimerIsTimerActive
                0x000000000800f37c       0x18 Thirdparty/Middleware/FreeRTOS/Source/timers.o
                0x000000000800f37c                xTimerIsTimerActive
 .text.pvTimerGetTimerID
                0x000000000800f394       0x18 Thirdparty/Middleware/FreeRTOS/Source/timers.o
                0x000000000800f394                pvTimerGetTimerID
 .text.prvTaskExitError
                0x000000000800f3ac       0x14 Thirdparty/Middleware/FreeRTOS/Source/portable/GCC/ARM_CM0/port.o
 .text.vPortStartFirstTask
                0x000000000800f3c0       0x20 Thirdparty/Middleware/FreeRTOS/Source/portable/GCC/ARM_CM0/port.o
 .text.pxPortInitialiseStack
                0x000000000800f3e0       0x20 Thirdparty/Middleware/FreeRTOS/Source/portable/GCC/ARM_CM0/port.o
                0x000000000800f3e0                pxPortInitialiseStack
 .text.SVC_Handler
                0x000000000800f400        0x4 Thirdparty/Middleware/FreeRTOS/Source/portable/GCC/ARM_CM0/port.o
                0x000000000800f400                SVC_Handler
 .text.xPortStartScheduler
                0x000000000800f404       0x54 Thirdparty/Middleware/FreeRTOS/Source/portable/GCC/ARM_CM0/port.o
                0x000000000800f404                xPortStartScheduler
 .text.vPortYield
                0x000000000800f458       0x18 Thirdparty/Middleware/FreeRTOS/Source/portable/GCC/ARM_CM0/port.o
                0x000000000800f458                vPortYield
 .text.vPortEnterCritical
                0x000000000800f470       0x18 Thirdparty/Middleware/FreeRTOS/Source/portable/GCC/ARM_CM0/port.o
                0x000000000800f470                vPortEnterCritical
 .text.vPortExitCritical
                0x000000000800f488       0x1c Thirdparty/Middleware/FreeRTOS/Source/portable/GCC/ARM_CM0/port.o
                0x000000000800f488                vPortExitCritical
 .text.ulSetInterruptMaskFromISR
                0x000000000800f4a4        0xc Thirdparty/Middleware/FreeRTOS/Source/portable/GCC/ARM_CM0/port.o
                0x000000000800f4a4                ulSetInterruptMaskFromISR
 .text.vClearInterruptMaskFromISR
                0x000000000800f4b0        0x8 Thirdparty/Middleware/FreeRTOS/Source/portable/GCC/ARM_CM0/port.o
                0x000000000800f4b0                vClearInterruptMaskFromISR
 .text.PendSV_Handler
                0x000000000800f4b8       0x44 Thirdparty/Middleware/FreeRTOS/Source/portable/GCC/ARM_CM0/port.o
                0x000000000800f4b8                PendSV_Handler
 .text.xPortSysTickHandler
                0x000000000800f4fc       0x24 Thirdparty/Middleware/FreeRTOS/Source/portable/GCC/ARM_CM0/port.o
                0x000000000800f4fc                xPortSysTickHandler
 .text.unlikely.prvInsertBlockIntoFreeList
                0x000000000800f520       0x4c Thirdparty/Middleware/FreeRTOS/Source/portable/MemMang/heap_4.o
 .text.pvPortMalloc
                0x000000000800f56c       0xf8 Thirdparty/Middleware/FreeRTOS/Source/portable/MemMang/heap_4.o
                0x000000000800f56c                pvPortMalloc
 .text.vPortFree
                0x000000000800f664       0x44 Thirdparty/Middleware/FreeRTOS/Source/portable/MemMang/heap_4.o
                0x000000000800f664                vPortFree
 .text.HAL_InitTick
                0x000000000800f6a8       0x24 Thirdparty/STM32F0xx_HAL_Driver/Src/stm32f0xx_hal.o
                0x000000000800f6a8                HAL_InitTick
 .text.HAL_Init
                0x000000000800f6cc       0x20 Thirdparty/STM32F0xx_HAL_Driver/Src/stm32f0xx_hal.o
                0x000000000800f6cc                HAL_Init
 .text.HAL_IncTick
                0x000000000800f6ec       0x10 Thirdparty/STM32F0xx_HAL_Driver/Src/stm32f0xx_hal.o
                0x000000000800f6ec                HAL_IncTick
 .text.HAL_GetTick
                0x000000000800f6fc        0xc Thirdparty/STM32F0xx_HAL_Driver/Src/stm32f0xx_hal.o
                0x000000000800f6fc                HAL_GetTick
 .text.HAL_Delay
                0x000000000800f708       0x1c Thirdparty/STM32F0xx_HAL_Driver/Src/stm32f0xx_hal.o
                0x000000000800f708                HAL_Delay
 .text.HAL_GetREVID
                0x000000000800f724        0xc Thirdparty/STM32F0xx_HAL_Driver/Src/stm32f0xx_hal.o
                0x000000000800f724                HAL_GetREVID
 .text.HAL_GetDEVID
                0x000000000800f730       0x10 Thirdparty/STM32F0xx_HAL_Driver/Src/stm32f0xx_hal.o
                0x000000000800f730                HAL_GetDEVID
 .text.ADC_Disable
                0x000000000800f740       0x7c Thirdparty/STM32F0xx_HAL_Driver/Src/stm32f0xx_hal_adc.o
 .text.ADC_Enable
                0x000000000800f7bc       0xa8 Thirdparty/STM32F0xx_HAL_Driver/Src/stm32f0xx_hal_adc.o
 .text.ADC_ConversionStop
                0x000000000800f864       0x58 Thirdparty/STM32F0xx_HAL_Driver/Src/stm32f0xx_hal_adc.o
 .text.HAL_ADC_Init
                0x000000000800f8bc      0x144 Thirdparty/STM32F0xx_HAL_Driver/Src/stm32f0xx_hal_adc.o
                0x000000000800f8bc                HAL_ADC_Init
 .text.HAL_ADC_Start
                0x000000000800fa00       0x58 Thirdparty/STM32F0xx_HAL_Driver/Src/stm32f0xx_hal_adc.o
                0x000000000800fa00                HAL_ADC_Start
 .text.HAL_ADC_Stop
                0x000000000800fa58       0x40 Thirdparty/STM32F0xx_HAL_Driver/Src/stm32f0xx_hal_adc.o
                0x000000000800fa58                HAL_ADC_Stop
 .text.HAL_ADC_PollForConversion
                0x000000000800fa98       0xc8 Thirdparty/STM32F0xx_HAL_Driver/Src/stm32f0xx_hal_adc.o
                0x000000000800fa98                HAL_ADC_PollForConversion
 .text.HAL_ADC_GetValue
                0x000000000800fb60        0xc Thirdparty/STM32F0xx_HAL_Driver/Src/stm32f0xx_hal_adc.o
                0x000000000800fb60                HAL_ADC_GetValue
 .text.HAL_ADC_ConvCpltCallback
                0x000000000800fb6c        0x4 Thirdparty/STM32F0xx_HAL_Driver/Src/stm32f0xx_hal_adc.o
                0x000000000800fb6c                HAL_ADC_ConvCpltCallback
 .text.HAL_ADC_LevelOutOfWindowCallback
                0x000000000800fb70        0x4 Thirdparty/STM32F0xx_HAL_Driver/Src/stm32f0xx_hal_adc.o
                0x000000000800fb70                HAL_ADC_LevelOutOfWindowCallback
 .text.HAL_ADC_ErrorCallback
                0x000000000800fb74        0x4 Thirdparty/STM32F0xx_HAL_Driver/Src/stm32f0xx_hal_adc.o
                0x000000000800fb74                HAL_ADC_ErrorCallback
 .text.HAL_ADC_IRQHandler
                0x000000000800fb78       0xe0 Thirdparty/STM32F0xx_HAL_Driver/Src/stm32f0xx_hal_adc.o
                0x000000000800fb78                HAL_ADC_IRQHandler
 .text.HAL_ADC_ConfigChannel
                0x000000000800fc58      0x120 Thirdparty/STM32F0xx_HAL_Driver/Src/stm32f0xx_hal_adc.o
                0x000000000800fc58                HAL_ADC_ConfigChannel
 .text.HAL_NVIC_SetPriority
                0x000000000800fd78       0x58 Thirdparty/STM32F0xx_HAL_Driver/Src/stm32f0xx_hal_cortex.o
                0x000000000800fd78                HAL_NVIC_SetPriority
 .text.HAL_NVIC_EnableIRQ
                0x000000000800fdd0       0x14 Thirdparty/STM32F0xx_HAL_Driver/Src/stm32f0xx_hal_cortex.o
                0x000000000800fdd0                HAL_NVIC_EnableIRQ
 .text.HAL_NVIC_DisableIRQ
                0x000000000800fde4       0x14 Thirdparty/STM32F0xx_HAL_Driver/Src/stm32f0xx_hal_cortex.o
                0x000000000800fde4                HAL_NVIC_DisableIRQ
 .text.HAL_SYSTICK_Config
                0x000000000800fdf8       0x38 Thirdparty/STM32F0xx_HAL_Driver/Src/stm32f0xx_hal_cortex.o
                0x000000000800fdf8                HAL_SYSTICK_Config
 .text.HAL_SYSTICK_CLKSourceConfig
                0x000000000800fe30       0x1c Thirdparty/STM32F0xx_HAL_Driver/Src/stm32f0xx_hal_cortex.o
                0x000000000800fe30                HAL_SYSTICK_CLKSourceConfig
 .text.CRC_Handle_8
                0x000000000800fe4c       0x6c Thirdparty/STM32F0xx_HAL_Driver/Src/stm32f0xx_hal_crc.o
 .text.CRC_Handle_16
                0x000000000800feb8       0x2c Thirdparty/STM32F0xx_HAL_Driver/Src/stm32f0xx_hal_crc.o
 .text.HAL_CRC_Init
                0x000000000800fee4       0x68 Thirdparty/STM32F0xx_HAL_Driver/Src/stm32f0xx_hal_crc.o
                0x000000000800fee4                HAL_CRC_Init
 .text.HAL_CRC_Accumulate
                0x000000000800ff4c       0x54 Thirdparty/STM32F0xx_HAL_Driver/Src/stm32f0xx_hal_crc.o
                0x000000000800ff4c                HAL_CRC_Accumulate
 .text.HAL_CRC_Calculate
                0x000000000800ffa0       0x5c Thirdparty/STM32F0xx_HAL_Driver/Src/stm32f0xx_hal_crc.o
                0x000000000800ffa0                HAL_CRC_Calculate
 .text.HAL_CRCEx_Polynomial_Set
                0x000000000800fffc       0x5c Thirdparty/STM32F0xx_HAL_Driver/Src/stm32f0xx_hal_crc_ex.o
                0x000000000800fffc                HAL_CRCEx_Polynomial_Set
 .text.HAL_CRCEx_Init
                0x0000000008010058       0x30 Thirdparty/STM32F0xx_HAL_Driver/Src/stm32f0xx_hal_crc_ex.o
                0x0000000008010058                HAL_CRCEx_Init
 .text.HAL_DMA_Init
                0x0000000008010088       0x58 Thirdparty/STM32F0xx_HAL_Driver/Src/stm32f0xx_hal_dma.o
                0x0000000008010088                HAL_DMA_Init
 .text.HAL_DMA_Start_IT
                0x00000000080100e0       0x58 Thirdparty/STM32F0xx_HAL_Driver/Src/stm32f0xx_hal_dma.o
                0x00000000080100e0                HAL_DMA_Start_IT
 .text.HAL_DMA_Abort
                0x0000000008010138       0x50 Thirdparty/STM32F0xx_HAL_Driver/Src/stm32f0xx_hal_dma.o
                0x0000000008010138                HAL_DMA_Abort
 .text.HAL_DMA_IRQHandler
                0x0000000008010188      0x940 Thirdparty/STM32F0xx_HAL_Driver/Src/stm32f0xx_hal_dma.o
                0x0000000008010188                HAL_DMA_IRQHandler
 .text.HAL_FLASH_Unlock
                0x0000000008010ac8       0x24 Thirdparty/STM32F0xx_HAL_Driver/Src/stm32f0xx_hal_flash.o
                0x0000000008010ac8                HAL_FLASH_Unlock
 .text.HAL_FLASH_Lock
                0x0000000008010aec       0x14 Thirdparty/STM32F0xx_HAL_Driver/Src/stm32f0xx_hal_flash.o
                0x0000000008010aec                HAL_FLASH_Lock
 .text.FLASH_WaitForLastOperation
                0x0000000008010b00       0x88 Thirdparty/STM32F0xx_HAL_Driver/Src/stm32f0xx_hal_flash.o
                0x0000000008010b00                FLASH_WaitForLastOperation
 .text.HAL_FLASH_Program
                0x0000000008010b88       0xc8 Thirdparty/STM32F0xx_HAL_Driver/Src/stm32f0xx_hal_flash.o
                0x0000000008010b88                HAL_FLASH_Program
 .text.HAL_FLASHEx_Erase
                0x0000000008010c50       0xd8 Thirdparty/STM32F0xx_HAL_Driver/Src/stm32f0xx_hal_flash_ex.o
                0x0000000008010c50                HAL_FLASHEx_Erase
 .text.FLASH_PageErase
                0x0000000008010d28       0x24 Thirdparty/STM32F0xx_HAL_Driver/Src/stm32f0xx_hal_flash_ex.o
                0x0000000008010d28                FLASH_PageErase
 .text.HAL_GPIO_Init
                0x0000000008010d4c      0x1f8 Thirdparty/STM32F0xx_HAL_Driver/Src/stm32f0xx_hal_gpio.o
                0x0000000008010d4c                HAL_GPIO_Init
 .text.HAL_GPIO_DeInit
                0x0000000008010f44      0x13c Thirdparty/STM32F0xx_HAL_Driver/Src/stm32f0xx_hal_gpio.o
                0x0000000008010f44                HAL_GPIO_DeInit
 .text.HAL_GPIO_ReadPin
                0x0000000008011080        0xc Thirdparty/STM32F0xx_HAL_Driver/Src/stm32f0xx_hal_gpio.o
                0x0000000008011080                HAL_GPIO_ReadPin
 .text.HAL_GPIO_WritePin
                0x000000000801108c        0xc Thirdparty/STM32F0xx_HAL_Driver/Src/stm32f0xx_hal_gpio.o
                0x000000000801108c                HAL_GPIO_WritePin
 .text.HAL_GPIO_TogglePin
                0x0000000008011098        0x8 Thirdparty/STM32F0xx_HAL_Driver/Src/stm32f0xx_hal_gpio.o
                0x0000000008011098                HAL_GPIO_TogglePin
 .text.HAL_MspInit
                0x00000000080110a0        0x4 Thirdparty/STM32F0xx_HAL_Driver/Src/stm32f0xx_hal_msp_template.o
                0x00000000080110a0                HAL_MspInit
 .text.HAL_PWR_EnableBkUpAccess
                0x00000000080110a4       0x14 Thirdparty/STM32F0xx_HAL_Driver/Src/stm32f0xx_hal_pwr.o
                0x00000000080110a4                HAL_PWR_EnableBkUpAccess
 .text.HAL_RCC_OscConfig
                0x00000000080110b8      0x544 Thirdparty/STM32F0xx_HAL_Driver/Src/stm32f0xx_hal_rcc.o
                0x00000000080110b8                HAL_RCC_OscConfig
 .text.HAL_RCC_ClockConfig
                0x00000000080115fc      0x230 Thirdparty/STM32F0xx_HAL_Driver/Src/stm32f0xx_hal_rcc.o
                0x00000000080115fc                HAL_RCC_ClockConfig
 .text.HAL_RCC_GetSysClockFreq
                0x000000000801182c       0x8c Thirdparty/STM32F0xx_HAL_Driver/Src/stm32f0xx_hal_rcc.o
                0x000000000801182c                HAL_RCC_GetSysClockFreq
 .text.HAL_RCC_GetHCLKFreq
                0x00000000080118b8       0x28 Thirdparty/STM32F0xx_HAL_Driver/Src/stm32f0xx_hal_rcc.o
                0x00000000080118b8                HAL_RCC_GetHCLKFreq
 .text.HAL_RCC_GetPCLK1Freq
                0x00000000080118e0       0x34 Thirdparty/STM32F0xx_HAL_Driver/Src/stm32f0xx_hal_rcc.o
                0x00000000080118e0                HAL_RCC_GetPCLK1Freq
 .text.HAL_RCCEx_PeriphCLKConfig
                0x0000000008011914      0x128 Thirdparty/STM32F0xx_HAL_Driver/Src/stm32f0xx_hal_rcc_ex.o
                0x0000000008011914                HAL_RCCEx_PeriphCLKConfig
 .text.HAL_RTC_MspInit
                0x0000000008011a3c        0x4 Thirdparty/STM32F0xx_HAL_Driver/Src/stm32f0xx_hal_rtc.o
                0x0000000008011a3c                HAL_RTC_MspInit
 .text.HAL_RTC_GetTime
                0x0000000008011a40       0x60 Thirdparty/STM32F0xx_HAL_Driver/Src/stm32f0xx_hal_rtc.o
                0x0000000008011a40                HAL_RTC_GetTime
 .text.HAL_RTC_GetDate
                0x0000000008011aa0       0x5c Thirdparty/STM32F0xx_HAL_Driver/Src/stm32f0xx_hal_rtc.o
                0x0000000008011aa0                HAL_RTC_GetDate
 .text.HAL_RTC_WaitForSynchro
                0x0000000008011afc       0x38 Thirdparty/STM32F0xx_HAL_Driver/Src/stm32f0xx_hal_rtc.o
                0x0000000008011afc                HAL_RTC_WaitForSynchro
 .text.RTC_EnterInitMode
                0x0000000008011b34       0x3c Thirdparty/STM32F0xx_HAL_Driver/Src/stm32f0xx_hal_rtc.o
                0x0000000008011b34                RTC_EnterInitMode
 .text.HAL_RTC_Init
                0x0000000008011b70       0x90 Thirdparty/STM32F0xx_HAL_Driver/Src/stm32f0xx_hal_rtc.o
                0x0000000008011b70                HAL_RTC_Init
 .text.HAL_RTC_SetTime
                0x0000000008011c00      0x128 Thirdparty/STM32F0xx_HAL_Driver/Src/stm32f0xx_hal_rtc.o
                0x0000000008011c00                HAL_RTC_SetTime
 .text.HAL_RTC_SetDate
                0x0000000008011d28       0xf8 Thirdparty/STM32F0xx_HAL_Driver/Src/stm32f0xx_hal_rtc.o
                0x0000000008011d28                HAL_RTC_SetDate
 .text.HAL_RTCEx_BKUPWrite
                0x0000000008011e20        0xc Thirdparty/STM32F0xx_HAL_Driver/Src/stm32f0xx_hal_rtc_ex.o
                0x0000000008011e20                HAL_RTCEx_BKUPWrite
 .text.HAL_RTCEx_BKUPRead
                0x0000000008011e2c        0xc Thirdparty/STM32F0xx_HAL_Driver/Src/stm32f0xx_hal_rtc_ex.o
                0x0000000008011e2c                HAL_RTCEx_BKUPRead
 .text.HAL_TIM_Base_MspInit
                0x0000000008011e38        0x4 Thirdparty/STM32F0xx_HAL_Driver/Src/stm32f0xx_hal_tim.o
                0x0000000008011e38                HAL_TIM_Base_MspInit
 .text.HAL_TIM_Base_Start
                0x0000000008011e3c       0x18 Thirdparty/STM32F0xx_HAL_Driver/Src/stm32f0xx_hal_tim.o
                0x0000000008011e3c                HAL_TIM_Base_Start
 .text.TIM_Base_SetConfig
                0x0000000008011e54       0xa8 Thirdparty/STM32F0xx_HAL_Driver/Src/stm32f0xx_hal_tim.o
                0x0000000008011e54                TIM_Base_SetConfig
 .text.HAL_TIM_Base_Init
                0x0000000008011efc       0x34 Thirdparty/STM32F0xx_HAL_Driver/Src/stm32f0xx_hal_tim.o
                0x0000000008011efc                HAL_TIM_Base_Init
 .text.HAL_TIMEx_MasterConfigSynchronization
                0x0000000008011f30       0x44 Thirdparty/STM32F0xx_HAL_Driver/Src/stm32f0xx_hal_tim_ex.o
                0x0000000008011f30                HAL_TIMEx_MasterConfigSynchronization
 .text.HAL_UART_MspDeInit
                0x0000000008011f74        0x4 Thirdparty/STM32F0xx_HAL_Driver/Src/stm32f0xx_hal_uart.o
                0x0000000008011f74                HAL_UART_MspDeInit
 .text.HAL_UART_DeInit
                0x0000000008011f78       0x34 Thirdparty/STM32F0xx_HAL_Driver/Src/stm32f0xx_hal_uart.o
                0x0000000008011f78                HAL_UART_DeInit
 .text.HAL_UART_Transmit_IT
                0x0000000008011fac       0x68 Thirdparty/STM32F0xx_HAL_Driver/Src/stm32f0xx_hal_uart.o
                0x0000000008011fac                HAL_UART_Transmit_IT
 .text.HAL_UART_Receive_IT
                0x0000000008012014       0xbc Thirdparty/STM32F0xx_HAL_Driver/Src/stm32f0xx_hal_uart.o
                0x0000000008012014                HAL_UART_Receive_IT
 .text.HAL_UART_Transmit_DMA
                0x00000000080120d0       0x8c Thirdparty/STM32F0xx_HAL_Driver/Src/stm32f0xx_hal_uart.o
                0x00000000080120d0                HAL_UART_Transmit_DMA
 .text.HAL_UART_Receive_DMA
                0x000000000801215c       0x84 Thirdparty/STM32F0xx_HAL_Driver/Src/stm32f0xx_hal_uart.o
                0x000000000801215c                HAL_UART_Receive_DMA
 .text.UART_DMATransmitCplt
                0x00000000080121e0       0x30 Thirdparty/STM32F0xx_HAL_Driver/Src/stm32f0xx_hal_uart.o
 .text.HAL_UART_TxHalfCpltCallback
                0x0000000008012210        0x4 Thirdparty/STM32F0xx_HAL_Driver/Src/stm32f0xx_hal_uart.o
                0x0000000008012210                HAL_UART_TxHalfCpltCallback
 .text.UART_DMATxHalfCplt
                0x0000000008012214        0xc Thirdparty/STM32F0xx_HAL_Driver/Src/stm32f0xx_hal_uart.o
 .text.UART_DMAReceiveCplt
                0x0000000008012220       0x38 Thirdparty/STM32F0xx_HAL_Driver/Src/stm32f0xx_hal_uart.o
 .text.HAL_UART_RxHalfCpltCallback
                0x0000000008012258        0x4 Thirdparty/STM32F0xx_HAL_Driver/Src/stm32f0xx_hal_uart.o
                0x0000000008012258                HAL_UART_RxHalfCpltCallback
 .text.UART_DMARxHalfCplt
                0x000000000801225c        0xc Thirdparty/STM32F0xx_HAL_Driver/Src/stm32f0xx_hal_uart.o
 .text.UART_DMAError
                0x0000000008012268       0x24 Thirdparty/STM32F0xx_HAL_Driver/Src/stm32f0xx_hal_uart.o
 .text.UART_SetConfig
                0x000000000801228c      0x1d8 Thirdparty/STM32F0xx_HAL_Driver/Src/stm32f0xx_hal_uart.o
                0x000000000801228c                UART_SetConfig
 .text.UART_AdvFeatureConfig
                0x0000000008012464       0xd0 Thirdparty/STM32F0xx_HAL_Driver/Src/stm32f0xx_hal_uart.o
                0x0000000008012464                UART_AdvFeatureConfig
 .text.UART_WaitOnFlagUntilTimeout
                0x0000000008012534       0x98 Thirdparty/STM32F0xx_HAL_Driver/Src/stm32f0xx_hal_uart.o
                0x0000000008012534                UART_WaitOnFlagUntilTimeout
 .text.HAL_UART_Transmit
                0x00000000080125cc       0xc8 Thirdparty/STM32F0xx_HAL_Driver/Src/stm32f0xx_hal_uart.o
                0x00000000080125cc                HAL_UART_Transmit
 .text.UART_CheckIdleState
                0x0000000008012694       0x7c Thirdparty/STM32F0xx_HAL_Driver/Src/stm32f0xx_hal_uart.o
                0x0000000008012694                UART_CheckIdleState
 .text.HAL_UART_Init
                0x0000000008012710       0x6c Thirdparty/STM32F0xx_HAL_Driver/Src/stm32f0xx_hal_uart.o
                0x0000000008012710                HAL_UART_Init
 .text.UART_Transmit_IT
                0x000000000801277c       0x64 Thirdparty/STM32F0xx_HAL_Driver/Src/stm32f0xx_hal_uart.o
                0x000000000801277c                UART_Transmit_IT
 .text.UART_EndTransmit_IT
                0x00000000080127e0       0x2c Thirdparty/STM32F0xx_HAL_Driver/Src/stm32f0xx_hal_uart.o
                0x00000000080127e0                UART_EndTransmit_IT
 .text.UART_Receive_IT
                0x000000000801280c       0x8c Thirdparty/STM32F0xx_HAL_Driver/Src/stm32f0xx_hal_uart.o
                0x000000000801280c                UART_Receive_IT
 .text.HAL_UARTEx_WakeupCallback
                0x0000000008012898        0x4 Thirdparty/STM32F0xx_HAL_Driver/Src/stm32f0xx_hal_uart_ex.o
                0x0000000008012898                HAL_UARTEx_WakeupCallback
 .text.HAL_UART_IRQHandler
                0x000000000801289c      0x108 Thirdparty/STM32F0xx_HAL_Driver/Src/stm32f0xx_hal_uart_ex.o
                0x000000000801289c                HAL_UART_IRQHandler
 .text.startup.main
                0x00000000080129a4        0x8 User/main.o
                0x00000000080129a4                main
 .text.UserTask
                0x00000000080129ac        0x4 User/main.o
                0x00000000080129ac                UserTask
 .text.atof     0x00000000080129b0        0xa c:/st/stm32cubeide_1.5.1/stm32cubeide/plugins/com.st.stm32cube.ide.mcu.externaltools.gnu-tools-for-stm32.7-2018-q2-update.win32_1.5.0.202011040924/tools/bin/../lib/gcc/arm-none-eabi/7.3.1/../../../../arm-none-eabi/lib/thumb/v6-m\libc.a(lib_a-atof.o)
                0x00000000080129b0                atof
 .text.atoi     0x00000000080129ba        0xc c:/st/stm32cubeide_1.5.1/stm32cubeide/plugins/com.st.stm32cube.ide.mcu.externaltools.gnu-tools-for-stm32.7-2018-q2-update.win32_1.5.0.202011040924/tools/bin/../lib/gcc/arm-none-eabi/7.3.1/../../../../arm-none-eabi/lib/thumb/v6-m\libc.a(lib_a-atoi.o)
                0x00000000080129ba                atoi
 .text.atol     0x00000000080129c6        0xc c:/st/stm32cubeide_1.5.1/stm32cubeide/plugins/com.st.stm32cube.ide.mcu.externaltools.gnu-tools-for-stm32.7-2018-q2-update.win32_1.5.0.202011040924/tools/bin/../lib/gcc/arm-none-eabi/7.3.1/../../../../arm-none-eabi/lib/thumb/v6-m\libc.a(lib_a-atol.o)
                0x00000000080129c6                atol
 *fill*         0x00000000080129d2        0x2 
 .text.calloc   0x00000000080129d4       0x14 c:/st/stm32cubeide_1.5.1/stm32cubeide/plugins/com.st.stm32cube.ide.mcu.externaltools.gnu-tools-for-stm32.7-2018-q2-update.win32_1.5.0.202011040924/tools/bin/../lib/gcc/arm-none-eabi/7.3.1/../../../../arm-none-eabi/lib/thumb/v6-m\libc.a(lib_a-calloc.o)
                0x00000000080129d4                calloc
 .text._calloc_r
                0x00000000080129e8       0x58 c:/st/stm32cubeide_1.5.1/stm32cubeide/plugins/com.st.stm32cube.ide.mcu.externaltools.gnu-tools-for-stm32.7-2018-q2-update.win32_1.5.0.202011040924/tools/bin/../lib/gcc/arm-none-eabi/7.3.1/../../../../arm-none-eabi/lib/thumb/v6-m\libc.a(lib_a-callocr.o)
                0x00000000080129e8                _calloc_r
 .text.__libc_init_array
                0x0000000008012a40       0x48 c:/st/stm32cubeide_1.5.1/stm32cubeide/plugins/com.st.stm32cube.ide.mcu.externaltools.gnu-tools-for-stm32.7-2018-q2-update.win32_1.5.0.202011040924/tools/bin/../lib/gcc/arm-none-eabi/7.3.1/../../../../arm-none-eabi/lib/thumb/v6-m\libc.a(lib_a-init.o)
                0x0000000008012a40                __libc_init_array
 .text.__locale_ctype_ptr_l
                0x0000000008012a88        0x6 c:/st/stm32cubeide_1.5.1/stm32cubeide/plugins/com.st.stm32cube.ide.mcu.externaltools.gnu-tools-for-stm32.7-2018-q2-update.win32_1.5.0.202011040924/tools/bin/../lib/gcc/arm-none-eabi/7.3.1/../../../../arm-none-eabi/lib/thumb/v6-m\libc.a(lib_a-locale.o)
                0x0000000008012a88                __locale_ctype_ptr_l
 *fill*         0x0000000008012a8e        0x2 
 .text.__locale_ctype_ptr
                0x0000000008012a90       0x1c c:/st/stm32cubeide_1.5.1/stm32cubeide/plugins/com.st.stm32cube.ide.mcu.externaltools.gnu-tools-for-stm32.7-2018-q2-update.win32_1.5.0.202011040924/tools/bin/../lib/gcc/arm-none-eabi/7.3.1/../../../../arm-none-eabi/lib/thumb/v6-m\libc.a(lib_a-locale.o)
                0x0000000008012a90                __locale_ctype_ptr
 .text.malloc   0x0000000008012aac       0x14 c:/st/stm32cubeide_1.5.1/stm32cubeide/plugins/com.st.stm32cube.ide.mcu.externaltools.gnu-tools-for-stm32.7-2018-q2-update.win32_1.5.0.202011040924/tools/bin/../lib/gcc/arm-none-eabi/7.3.1/../../../../arm-none-eabi/lib/thumb/v6-m\libc.a(lib_a-malloc.o)
                0x0000000008012aac                malloc
 .text.free     0x0000000008012ac0       0x14 c:/st/stm32cubeide_1.5.1/stm32cubeide/plugins/com.st.stm32cube.ide.mcu.externaltools.gnu-tools-for-stm32.7-2018-q2-update.win32_1.5.0.202011040924/tools/bin/../lib/gcc/arm-none-eabi/7.3.1/../../../../arm-none-eabi/lib/thumb/v6-m\libc.a(lib_a-malloc.o)
                0x0000000008012ac0                free
 .text._malloc_r
                0x0000000008012ad4      0x430 c:/st/stm32cubeide_1.5.1/stm32cubeide/plugins/com.st.stm32cube.ide.mcu.externaltools.gnu-tools-for-stm32.7-2018-q2-update.win32_1.5.0.202011040924/tools/bin/../lib/gcc/arm-none-eabi/7.3.1/../../../../arm-none-eabi/lib/thumb/v6-m\libc.a(lib_a-mallocr.o)
                0x0000000008012ad4                _malloc_r
 .text.__ascii_mbtowc
                0x0000000008012f04       0x24 c:/st/stm32cubeide_1.5.1/stm32cubeide/plugins/com.st.stm32cube.ide.mcu.externaltools.gnu-tools-for-stm32.7-2018-q2-update.win32_1.5.0.202011040924/tools/bin/../lib/gcc/arm-none-eabi/7.3.1/../../../../arm-none-eabi/lib/thumb/v6-m\libc.a(lib_a-mbtowc_r.o)
                0x0000000008012f04                __ascii_mbtowc
 .text.memcmp   0x0000000008012f28       0x1e c:/st/stm32cubeide_1.5.1/stm32cubeide/plugins/com.st.stm32cube.ide.mcu.externaltools.gnu-tools-for-stm32.7-2018-q2-update.win32_1.5.0.202011040924/tools/bin/../lib/gcc/arm-none-eabi/7.3.1/../../../../arm-none-eabi/lib/thumb/v6-m\libc.a(lib_a-memcmp.o)
                0x0000000008012f28                memcmp
 .text.memcpy   0x0000000008012f46       0x12 c:/st/stm32cubeide_1.5.1/stm32cubeide/plugins/com.st.stm32cube.ide.mcu.externaltools.gnu-tools-for-stm32.7-2018-q2-update.win32_1.5.0.202011040924/tools/bin/../lib/gcc/arm-none-eabi/7.3.1/../../../../arm-none-eabi/lib/thumb/v6-m\libc.a(lib_a-memcpy-stub.o)
                0x0000000008012f46                memcpy
 .text.memset   0x0000000008012f58       0x10 c:/st/stm32cubeide_1.5.1/stm32cubeide/plugins/com.st.stm32cube.ide.mcu.externaltools.gnu-tools-for-stm32.7-2018-q2-update.win32_1.5.0.202011040924/tools/bin/../lib/gcc/arm-none-eabi/7.3.1/../../../../arm-none-eabi/lib/thumb/v6-m\libc.a(lib_a-memset.o)
                0x0000000008012f58                memset
 .text.__malloc_lock
                0x0000000008012f68       0x10 c:/st/stm32cubeide_1.5.1/stm32cubeide/plugins/com.st.stm32cube.ide.mcu.externaltools.gnu-tools-for-stm32.7-2018-q2-update.win32_1.5.0.202011040924/tools/bin/../lib/gcc/arm-none-eabi/7.3.1/../../../../arm-none-eabi/lib/thumb/v6-m\libc.a(lib_a-mlock.o)
                0x0000000008012f68                __malloc_lock
 .text.__malloc_unlock
                0x0000000008012f78       0x10 c:/st/stm32cubeide_1.5.1/stm32cubeide/plugins/com.st.stm32cube.ide.mcu.externaltools.gnu-tools-for-stm32.7-2018-q2-update.win32_1.5.0.202011040924/tools/bin/../lib/gcc/arm-none-eabi/7.3.1/../../../../arm-none-eabi/lib/thumb/v6-m\libc.a(lib_a-mlock.o)
                0x0000000008012f78                __malloc_unlock
 .text.rand     0x0000000008012f88       0x34 c:/st/stm32cubeide_1.5.1/stm32cubeide/plugins/com.st.stm32cube.ide.mcu.externaltools.gnu-tools-for-stm32.7-2018-q2-update.win32_1.5.0.202011040924/tools/bin/../lib/gcc/arm-none-eabi/7.3.1/../../../../arm-none-eabi/lib/thumb/v6-m\libc.a(lib_a-rand.o)
                0x0000000008012f88                rand
 .text.realloc  0x0000000008012fbc       0x14 c:/st/stm32cubeide_1.5.1/stm32cubeide/plugins/com.st.stm32cube.ide.mcu.externaltools.gnu-tools-for-stm32.7-2018-q2-update.win32_1.5.0.202011040924/tools/bin/../lib/gcc/arm-none-eabi/7.3.1/../../../../arm-none-eabi/lib/thumb/v6-m\libc.a(lib_a-realloc.o)
                0x0000000008012fbc                realloc
 .text._realloc_r
                0x0000000008012fd0      0x358 c:/st/stm32cubeide_1.5.1/stm32cubeide/plugins/com.st.stm32cube.ide.mcu.externaltools.gnu-tools-for-stm32.7-2018-q2-update.win32_1.5.0.202011040924/tools/bin/../lib/gcc/arm-none-eabi/7.3.1/../../../../arm-none-eabi/lib/thumb/v6-m\libc.a(lib_a-reallocr.o)
                0x0000000008012fd0                _realloc_r
 .text._sbrk_r  0x0000000008013328       0x24 c:/st/stm32cubeide_1.5.1/stm32cubeide/plugins/com.st.stm32cube.ide.mcu.externaltools.gnu-tools-for-stm32.7-2018-q2-update.win32_1.5.0.202011040924/tools/bin/../lib/gcc/arm-none-eabi/7.3.1/../../../../arm-none-eabi/lib/thumb/v6-m\libc.a(lib_a-sbrkr.o)
                0x0000000008013328                _sbrk_r
 .text.sprintf  0x000000000801334c       0x40 c:/st/stm32cubeide_1.5.1/stm32cubeide/plugins/com.st.stm32cube.ide.mcu.externaltools.gnu-tools-for-stm32.7-2018-q2-update.win32_1.5.0.202011040924/tools/bin/../lib/gcc/arm-none-eabi/7.3.1/../../../../arm-none-eabi/lib/thumb/v6-m\libc.a(lib_a-sprintf.o)
                0x000000000801334c                sprintf
 .text.strcat   0x000000000801338c       0x1c c:/st/stm32cubeide_1.5.1/stm32cubeide/plugins/com.st.stm32cube.ide.mcu.externaltools.gnu-tools-for-stm32.7-2018-q2-update.win32_1.5.0.202011040924/tools/bin/../lib/gcc/arm-none-eabi/7.3.1/../../../../arm-none-eabi/lib/thumb/v6-m\libc.a(lib_a-strcat.o)
                0x000000000801338c                strcat
 .text.strchr   0x00000000080133a8       0x1c c:/st/stm32cubeide_1.5.1/stm32cubeide/plugins/com.st.stm32cube.ide.mcu.externaltools.gnu-tools-for-stm32.7-2018-q2-update.win32_1.5.0.202011040924/tools/bin/../lib/gcc/arm-none-eabi/7.3.1/../../../../arm-none-eabi/lib/thumb/v6-m\libc.a(lib_a-strchr.o)
                0x00000000080133a8                strchr
 .text.strcpy   0x00000000080133c4       0x10 c:/st/stm32cubeide_1.5.1/stm32cubeide/plugins/com.st.stm32cube.ide.mcu.externaltools.gnu-tools-for-stm32.7-2018-q2-update.win32_1.5.0.202011040924/tools/bin/../lib/gcc/arm-none-eabi/7.3.1/../../../../arm-none-eabi/lib/thumb/v6-m\libc.a(lib_a-strcpy.o)
                0x00000000080133c4                strcpy
 .text.strncmp  0x00000000080133d4       0x22 c:/st/stm32cubeide_1.5.1/stm32cubeide/plugins/com.st.stm32cube.ide.mcu.externaltools.gnu-tools-for-stm32.7-2018-q2-update.win32_1.5.0.202011040924/tools/bin/../lib/gcc/arm-none-eabi/7.3.1/../../../../arm-none-eabi/lib/thumb/v6-m\libc.a(lib_a-strncmp.o)
                0x00000000080133d4                strncmp
 .text.strncpy  0x00000000080133f6       0x28 c:/st/stm32cubeide_1.5.1/stm32cubeide/plugins/com.st.stm32cube.ide.mcu.externaltools.gnu-tools-for-stm32.7-2018-q2-update.win32_1.5.0.202011040924/tools/bin/../lib/gcc/arm-none-eabi/7.3.1/../../../../arm-none-eabi/lib/thumb/v6-m\libc.a(lib_a-strncpy.o)
                0x00000000080133f6                strncpy
 *fill*         0x000000000801341e        0x2 
 .text.unlikely.sulp
                0x0000000008013420       0x30 c:/st/stm32cubeide_1.5.1/stm32cubeide/plugins/com.st.stm32cube.ide.mcu.externaltools.gnu-tools-for-stm32.7-2018-q2-update.win32_1.5.0.202011040924/tools/bin/../lib/gcc/arm-none-eabi/7.3.1/../../../../arm-none-eabi/lib/thumb/v6-m\libc.a(lib_a-strtod.o)
 .text._strtod_l