H0FR6_uart.c:22:6:MX_USART1_UART_Init	8	static
H0FR6_uart.c:45:6:MX_USART2_UART_Init	8	static
H0FR6_uart.c:68:6:MX_USART3_UART_Init	8	static
H0FR6_uart.c:114:6:MX_USART5_UART_Init	8	static
H0FR6_uart.c:137:6:MX_USART6_UART_Init	8	static
H0FR6_uart.c:158:6:HAL_UART_MspInit	64	static
H0FR6_uart.c:427:21:GetUart	0	static
H0FR6_uart.c:322:19:readPxMutex	32	static
H0FR6_uart.c:342:19:writePxMutex	32	static
H0FR6_uart.c:362:19:readPxITMutex	32	static
H0FR6_uart.c:378:19:writePxITMutex	32	static
H0FR6_uart.c:394:19:writePxDMAMutex	32	static
H0FR6_uart.c:414:12:UpdateBaudrate	8	static
H0FR6_uart.c:480:6:SwapUartPins	16	static
