H0FR6.c:748:15:ledModeCommand	24	static,ignoring_inline_asm
H0FR6.c:130:6:SystemClock_Config	128	static
H0FR6.c:179:9:SaveToRO	72	static
H0FR6.c:275:9:ClearROtopology	8	static
H0FR6.c:288:6:Module_Init	16	static
H0FR6.c:357:6:RegisterModuleCLICommands	8	static
H0FR6.c:375:9:GetPort	0	static
H0FR6.c:404:6:TIM3_Init	96	static
H0FR6.c:457:6:TIM3_DeInit	8	static
H0FR6.c:469:15:Set_Relay_PWM	24	static
H0FR6.c:510:15:Relay_on	16	static
H0FR6.c:492:14:Current_Calculation	16	static
H0FR6.c:833:15:currentCalculationCommand	8	static,ignoring_inline_asm
H0FR6.c:644:15:onCommand	24	static,ignoring_inline_asm
H0FR6.c:549:15:Relay_off	8	static
H0FR6.c:395:6:RelayTimerCallback	8	static
H0FR6.c:690:15:offCommand	8	static,ignoring_inline_asm
H0FR6.c:605:15:Relay_PWM	16	static
H0FR6.c:579:15:Relay_toggle	8	static
H0FR6.c:717:15:toggleCommand	8	static,ignoring_inline_asm
H0FR6.c:314:15:Module_MessagingTask	32	static
H0FR6.c:788:15:pwmCommand	24	static,ignoring_inline_asm
H0FR6.c:632:6:Read_Current	8	static
