H0FR6_dma.c:90:6:DMA_MSG_RX_CH_Init	8	static
H0FR6_dma.c:108:6:DMA_MSG_TX_CH_Init	8	static
H0FR6_dma.c:45:6:DMA_Init	16	static
H0FR6_dma.c:126:6:DMA_STREAM_CH_Init	8	static
H0FR6_dma.c:144:6:DMA_FRONTEND_CH_Init	8	static
H0FR6_dma.c:278:6:SetupDMAInterrupts	8	static
H0FR6_dma.c:315:6:UnSetupDMAInterrupts	8	static
H0FR6_dma.c:238:6:DMA_MSG_TX_UnSetup	8	static
H0FR6_dma.c:349:6:RemapAndLinkDMAtoUARTRx	16	static
H0FR6_dma.c:196:6:DMA_MSG_RX_Setup	16	static
H0FR6_dma.c:164:6:SetupMessagingRxDMAs	8	static
H0FR6_dma.c:252:6:DMA_STREAM_Setup	24	static
H0FR6_dma.c:464:6:RemapAndLinkDMAtoUARTTx	16	static
H0FR6_dma.c:212:6:DMA_MSG_TX_Setup	8	static
H0FR6_dma.c:579:6:CRC_Init	8	static
H0FR6_dma.c:591:6:HAL_CRC_MspInit	8	static
H0FR6_dma.c:597:6:HAL_CRC_MspDeInit	0	static
H0FR6_dma.c:606:10:CalculateCRC8	16	static
