H0FR6.c:725:15:ledModeCommand	24	static,ignoring_inline_asm
H0FR6.c:117:6:SystemClock_Config	128	static
H0FR6.c:166:9:SaveToRO	72	static
H0FR6.c:262:9:ClearROtopology	8	static
H0FR6.c:275:6:Module_Init	16	static
H0FR6.c:339:6:RegisterModuleCLICommands	8	static
H0FR6.c:354:9:GetPort	0	static
H0FR6.c:383:6:TIM3_Init	96	static
H0FR6.c:436:6:TIM3_DeInit	8	static
H0FR6.c:448:15:Set_Relay_PWM	24	static
H0FR6.c:471:7:Current_Calculation	16	static
H0FR6.c:487:15:Relay_on	16	static
H0FR6.c:621:15:onCommand	24	static,ignoring_inline_asm
H0FR6.c:526:15:Relay_off	8	static
H0FR6.c:374:6:RelayTimerCallback	8	static
H0FR6.c:667:15:offCommand	8	static,ignoring_inline_asm
H0FR6.c:582:15:Relay_PWM	16	static
H0FR6.c:556:15:Relay_toggle	8	static
H0FR6.c:694:15:toggleCommand	8	static,ignoring_inline_asm
H0FR6.c:301:15:Module_MessagingTask	32	static
H0FR6.c:765:15:pwmCommand	24	static,ignoring_inline_asm
H0FR6.c:609:6:Read_Current	8	static
