H0FR6_it.c:61:6:SysTick_Handler	8	static
H0FR6_it.c:72:6:HardFault_Handler	0	static
H0FR6_it.c:88:6:USART1_IRQHandler	8	static
H0FR6_it.c:107:6:USART2_IRQHandler	8	static
H0FR6_it.c:126:6:USART3_8_IRQHandler	8	static
H0FR6_it.c:155:6:DMA1_Ch2_3_DMA2_Ch1_2_IRQHandler	8	static
H0FR6_it.c:174:6:DMA1_Ch4_7_DMA2_Ch3_5_IRQHandler	8	static
H0FR6_it.c:199:6:ADC1_COMP_IRQHandler	8	static
H0FR6_it.c:213:6:HAL_UART_TxCpltCallback	16	static
H0FR6_it.c:227:6:HAL_UART_ErrorCallback	8	static
H0FR6_it.c:247:6:HAL_UART_RxCpltCallback	8	static
H0FR6_it.c:264:6:vApplicationStackOverflowHook	0	static,ignoring_inline_asm
H0FR6_it.c:277:6:vApplicationMallocFailedHook	0	static,ignoring_inline_asm
