H0FR6.c:726:15:ledModeCommand	24	static,ignoring_inline_asm
H0FR6.c:120:6:SystemClock_Config	128	static
H0FR6.c:169:9:SaveToRO	72	static
H0FR6.c:265:9:ClearROtopology	8	static
H0FR6.c:278:6:Module_Init	16	static
H0FR6.c:343:6:RegisterModuleCLICommands	8	static
H0FR6.c:358:9:GetPort	0	static
H0FR6.c:475:7:Current_Calculation	8	static
H0FR6.c:487:15:Relay_on	16	static
H0FR6.c:622:15:onCommand	24	static,ignoring_inline_asm
H0FR6.c:526:15:Relay_off	8	static
H0FR6.c:378:6:RelayTimerCallback	8	static
H0FR6.c:668:15:offCommand	8	static,ignoring_inline_asm
H0FR6.c:556:15:Relay_toggle	8	static
H0FR6.c:305:15:Module_MessagingTask	16	static
H0FR6.c:695:15:toggleCommand	8	static,ignoring_inline_asm
H0FR6.c:609:6:Read_Current	8	static
