H0FR6.c:756:13:CheckForEnterKey	16	static
H0FR6.c:649:22:SendMeasurementResult	40	static
H0FR6.c:1136:15:ledModeCommand	24	static,ignoring_inline_asm
H0FR6.c:163:6:SystemClock_Config	128	static
H0FR6.c:213:9:SaveToRO	72	static
H0FR6.c:310:9:ClearROtopology	8	static
H0FR6.c:321:6:Module_Init	24	static
H0FR6.c:427:6:RegisterModuleCLICommands	8	static
H0FR6.c:446:9:GetPort	0	static
H0FR6.c:487:6:TIM3_Init	96	static
H0FR6.c:540:6:TIM3_DeInit	8	static
H0FR6.c:550:15:Set_Switch_PWM	24	static
H0FR6.c:779:15:Switch_on	16	static
H0FR6.c:573:14:Current_Calculation	16	static
H0FR6.c:1224:22:mosfetSampleCommand	8	static,ignoring_inline_asm
H0FR6.c:1027:15:onCommand	24	static,ignoring_inline_asm
H0FR6.c:818:15:Switch_off	8	static
H0FR6.c:464:6:SwitchTimerCallback	8	static
H0FR6.c:1075:15:offCommand	8	static,ignoring_inline_asm
H0FR6.c:869:15:Switch_PWM	16	static
H0FR6.c:847:15:Switch_toggle	8	static
H0FR6.c:1103:15:toggleCommand	8	static,ignoring_inline_asm
H0FR6.c:1178:15:pwmCommand	24	static,ignoring_inline_asm
H0FR6.c:897:7:Sample_Mosfet	8	static
H0FR6.c:913:7:Stream_To_Port	16	static
H0FR6.c:937:7:Stream_To_CLI	16	static
H0FR6.c:962:7:Stream_To_CLI_V	16	static
H0FR6.c:984:7:Stream_To_Buffer	16	static
H0FR6.c:1006:15:Stop_Mosfet	16	static
H0FR6.c:1249:22:mosfetStreamCommand	56	static,ignoring_inline_asm
H0FR6.c:1380:22:MosfetStopCommand	8	static,ignoring_inline_asm
H0FR6.c:593:13:MosfetTask	40	static
H0FR6.c:351:15:Module_MessagingTask	40	static
