H0FR6_it.c:33:6:SysTick_Handler	8	static
H0FR6_it.c:44:6:HardFault_Handler	0	static
H0FR6_it.c:60:6:USART1_IRQHandler	8	static
H0FR6_it.c:79:6:USART2_IRQHandler	8	static
H0FR6_it.c:98:6:USART3_8_IRQHandler	8	static
H0FR6_it.c:127:6:DMA1_Ch2_3_DMA2_Ch1_2_IRQHandler	8	static
H0FR6_it.c:146:6:DMA1_Ch4_7_DMA2_Ch3_5_IRQHandler	8	static
H0FR6_it.c:171:6:ADC1_COMP_IRQHandler	8	static
H0FR6_it.c:185:6:HAL_UART_TxCpltCallback	16	static
H0FR6_it.c:199:6:HAL_UART_ErrorCallback	8	static
H0FR6_it.c:219:6:HAL_UART_RxCpltCallback	8	static
H0FR6_it.c:236:6:vApplicationStackOverflowHook	0	static,ignoring_inline_asm
H0FR6_it.c:249:6:vApplicationMallocFailedHook	0	static,ignoring_inline_asm
