H0FR6.c:1122:15:ledModeCommand	24	static,ignoring_inline_asm
H0FR6.c:164:6:SystemClock_Config	128	static
H0FR6.c:214:9:SaveToRO	72	static
H0FR6.c:311:9:ClearROtopology	8	static
H0FR6.c:322:6:Module_Peripheral_Init	16	static
H0FR6.c:413:6:RegisterModuleCLICommands	8	static
H0FR6.c:432:9:GetPort	0	static
H0FR6.c:473:6:TIM3_Init	96	static
H0FR6.c:526:6:TIM3_DeInit	8	static
H0FR6.c:536:15:Set_Switch_PWM	24	static
H0FR6.c:765:15:Switch_on	16	static
H0FR6.c:1013:15:onCommand	24	static,ignoring_inline_asm
H0FR6.c:804:15:Switch_off	8	static
H0FR6.c:450:6:SwitchTimerCallback	8	static
H0FR6.c:1061:15:offCommand	8	static,ignoring_inline_asm
H0FR6.c:855:15:Switch_PWM	16	static
H0FR6.c:833:15:Switch_toggle	8	static
H0FR6.c:1089:15:toggleCommand	8	static,ignoring_inline_asm
H0FR6.c:355:15:Module_MessagingTask	32	static
H0FR6.c:1164:15:pwmCommand	24	static,ignoring_inline_asm
