BOS.c:225:12:LoadROtopology	32	static
BOS.c:258:12:LoadEEportsDir	24	static
BOS.c:274:12:LoadEEalias	48	static
BOS.c:295:12:LoadEEgroup	40	static
BOS.c:326:12:LoadEEstreams	32	static
BOS.c:387:12:LoadEEparams	16	static
BOS.c:468:12:LoadEEbuttons	64	static
BOS.c:504:12:LoadROsnippets	40	static
BOS.c:195:6:LoadEEvars	8	static
BOS.c:563:12:SaveEEportsDir	32	static
BOS.c:579:12:SaveEEalias	32	static
BOS.c:601:12:SaveEEgroup	32	static
BOS.c:633:12:SaveEEstreams	40	static
BOS.c:654:12:SaveEEparams	8	static
BOS.c:686:12:ClearEEportsDir	32	static
BOS.c:705:6:EE_FormatForFactoryReset	8	static
BOS.c:725:9:IsLowerCLIbaud	72	static
BOS.c:824:6:SetupPortForRemoteBootloaderUpdate	8	static
BOS.c:840:9:IsModuleParameter	8	static
BOS.c:852:9:IsMathOperator	16	static
BOS.c:1236:12:ExploreNeighbors	32	static
BOS.c:1261:12:FindBroadcastRoutes	56	dynamic
BOS.c:1425:9:minArr	20	static
BOS.c:1447:9:QnotEmpty	0	static
BOS.c:1342:9:FindRoute	96	static
BOS.c:768:6:remoteBootloaderUpdate	48	static
BOS.c:1460:6:DisplayTopology	48	static
BOS.c:1500:6:DisplayPortsDir	40	static
BOS.c:1525:6:DisplayModuleStatus	40	static
BOS.c:1616:9:GetID	24	static
BOS.c:1656:12:NameModule	32	static
BOS.c:1706:12:AddModuleToGroup	24	static
BOS.c:1773:12:ReadPortsDir	40	static
BOS.c:1802:12:UpdateMyPortsDir	24	static
BOS.c:879:6:BOS_Init	16	static,ignoring_inline_asm
BOS.c:955:6:Module_Init	8	static
BOS.c:1831:12:WriteToRemote	32	static
BOS.c:1982:11:ReadRemoteVar	24	static
BOS.c:2016:11:ReadRemoteMemory	24	static
BOS.c:2052:11:ReadRemoteParam	32	static
BOS.c:2086:12:WriteRemote	16	static
BOS.c:2099:12:WriteRemoteForce	16	static
BOS.c:2107:9:AddBOSvar	20	static
BOS.c:2134:12:ReadFromMBModule	16	static
BOS.c:2177:12:WriteToMBModule	8	static
BOS.c:2209:7:GetDateString	16	static
BOS.c:2220:7:GetTimeString	16	static
BOS.c:2231:12:Bridge	24	static
BOS.c:2239:12:Unbridge	40	static
BOS.c:2265:12:printfp	24	static
