BOS_CLIcommands.c:578:22:exploreCommand	0	static
BOS_CLIcommands.c:1432:22:setBaudrateCommand	24	static,ignoring_inline_asm
BOS_CLIcommands.c:1553:22:flashsizeCommand	8	static,ignoring_inline_asm
BOS_CLIcommands.c:1902:22:testportCommand	48	static,ignoring_inline_asm
BOS_CLIcommands.c:1850:22:unbridgeCommand	32	static,ignoring_inline_asm
BOS_CLIcommands.c:1797:22:bridgeCommand	32	static,ignoring_inline_asm
BOS_CLIcommands.c:1741:22:delSnipCommand	48	static,ignoring_inline_asm
BOS_CLIcommands.c:1705:22:pauseSnipCommand	16	static,ignoring_inline_asm
BOS_CLIcommands.c:1669:22:actSnipCommand	16	static,ignoring_inline_asm
BOS_CLIcommands.c:1574:22:snipCommand	80	static,ignoring_inline_asm
BOS_CLIcommands.c:1509:22:idcodeCommand	8	static,ignoring_inline_asm
BOS_CLIcommands.c:1482:22:uuidCommand	16	static,ignoring_inline_asm
BOS_CLIcommands.c:1381:22:timeCommand	24	static,ignoring_inline_asm
BOS_CLIcommands.c:1411:22:dateCommand	8	static,ignoring_inline_asm
BOS_CLIcommands.c:1215:22:getCommand	32	static,ignoring_inline_asm
BOS_CLIcommands.c:1330:22:defaultCommand	24	static,ignoring_inline_asm
BOS_CLIcommands.c:985:22:setCommand	88	static,ignoring_inline_asm
BOS_CLIcommands.c:948:22:removebuttonCommand	24	static,ignoring_inline_asm
BOS_CLIcommands.c:898:22:addbuttonCommand	40	static,ignoring_inline_asm
BOS_CLIcommands.c:822:22:scastCommand	136	static,ignoring_inline_asm
BOS_CLIcommands.c:787:22:infoCommand	32	static,ignoring_inline_asm
BOS_CLIcommands.c:768:22:statusCommand	8	static,ignoring_inline_asm
BOS_CLIcommands.c:682:22:groupCommand	88	static,ignoring_inline_asm
BOS_CLIcommands.c:636:22:nameCommand	16	static,ignoring_inline_asm
BOS_CLIcommands.c:486:22:bootloaderUpdateCommand	32	static,ignoring_inline_asm
BOS_CLIcommands.c:459:22:pingCommand	16	static,ignoring_inline_asm
BOS_CLIcommands.c:437:22:prvRunTimeStatsCommand	8	static,ignoring_inline_asm
BOS_CLIcommands.c:416:22:prvTaskStatsCommand	8	static,ignoring_inline_asm
BOS_CLIcommands.c:618:22:resetCommand	0	static,ignoring_inline_asm
BOS_CLIcommands.c:356:13:RegisterUserCLICommands	0	static
BOS_CLIcommands.c:365:6:vRegisterCLICommands	8	static
