BOS_CLIcommands.c:576:22:exploreCommand	0	static
BOS_CLIcommands.c:1399:22:setBaudrateCommand	24	static,ignoring_inline_asm
BOS_CLIcommands.c:1510:22:flashsizeCommand	8	static,ignoring_inline_asm
BOS_CLIcommands.c:2031:22:GetReadPrecentageCommand	16	static,ignoring_inline_asm
BOS_CLIcommands.c:2008:22:ReadVrefCommand	16	static,ignoring_inline_asm
BOS_CLIcommands.c:1984:22:ReadTempCommand	16	static,ignoring_inline_asm
BOS_CLIcommands.c:1931:22:ADCReadCommand	32	static,ignoring_inline_asm
BOS_CLIcommands.c:1848:22:testportCommand	48	static,ignoring_inline_asm
BOS_CLIcommands.c:1797:22:unbridgeCommand	32	static,ignoring_inline_asm
BOS_CLIcommands.c:1746:22:bridgeCommand	32	static,ignoring_inline_asm
BOS_CLIcommands.c:1691:22:delSnipCommand	48	static,ignoring_inline_asm
BOS_CLIcommands.c:1656:22:pauseSnipCommand	16	static,ignoring_inline_asm
BOS_CLIcommands.c:1621:22:actSnipCommand	16	static,ignoring_inline_asm
BOS_CLIcommands.c:1529:22:snipCommand	80	static,ignoring_inline_asm
BOS_CLIcommands.c:1467:22:idcodeCommand	8	static,ignoring_inline_asm
BOS_CLIcommands.c:1442:22:uuidCommand	16	static,ignoring_inline_asm
BOS_CLIcommands.c:1351:22:timeCommand	24	static,ignoring_inline_asm
BOS_CLIcommands.c:1379:22:dateCommand	8	static,ignoring_inline_asm
BOS_CLIcommands.c:1210:22:getCommand	32	static,ignoring_inline_asm
BOS_CLIcommands.c:1304:22:defaultCommand	24	static,ignoring_inline_asm
BOS_CLIcommands.c:972:22:setCommand	88	static,ignoring_inline_asm
BOS_CLIcommands.c:938:22:removebuttonCommand	24	static,ignoring_inline_asm
BOS_CLIcommands.c:891:22:addbuttonCommand	40	static,ignoring_inline_asm
BOS_CLIcommands.c:817:22:scastCommand	136	static,ignoring_inline_asm
BOS_CLIcommands.c:781:22:infoCommand	32	static,ignoring_inline_asm
BOS_CLIcommands.c:763:22:statusCommand	8	static,ignoring_inline_asm
BOS_CLIcommands.c:676:22:groupCommand	88	static,ignoring_inline_asm
BOS_CLIcommands.c:632:22:nameCommand	16	static,ignoring_inline_asm
BOS_CLIcommands.c:491:22:bootloaderUpdateCommand	32	static,ignoring_inline_asm
BOS_CLIcommands.c:465:22:pingCommand	16	static,ignoring_inline_asm
BOS_CLIcommands.c:444:22:prvRunTimeStatsCommand	8	static,ignoring_inline_asm
BOS_CLIcommands.c:422:22:prvTaskStatsCommand	8	static,ignoring_inline_asm
BOS_CLIcommands.c:615:22:resetCommand	0	static,ignoring_inline_asm
BOS_CLIcommands.c:360:13:RegisterUserCLICommands	0	static
BOS_CLIcommands.c:368:6:vRegisterCLICommands	8	static
