BOS_inputs.c:68:13:buttonPressedCallback	0	static
BOS_inputs.c:309:12:CheckForTimedButtonPress	8	static
BOS_inputs.c:334:12:CheckForTimedButtonRelease	8	static
BOS_inputs.c:359:6:ResetAttachedButtonStates	0	static
BOS_inputs.c:375:12:AddPortButton	72	static
BOS_inputs.c:445:12:RemovePortButton	24	static
BOS_inputs.c:527:12:SetButtonEvents	56	static
BOS_inputs.c:663:6:HAL_ADC_MspInit	40	static
BOS_inputs.c:691:6:HAL_ADC_MspDeInit	8	static
BOS_inputs.c:820:10:Get_PIN	0	static
BOS_inputs.c:877:9:Get_channel	0	static
BOS_inputs.c:889:6:Error_Handler	8	static
BOS_inputs.c:641:6:MX_ADC_Init	8	static
BOS_inputs.c:762:6:ReadTempAndVref	24	static
BOS_inputs.c:828:7:GetReadPrecentage	40	static
BOS_inputs.c:895:9:Get_Rank	0	static
BOS_inputs.c:714:6:ADCSelectChannel	16	static
BOS_inputs.c:728:6:ReadADCChannel	24	static
BOS_inputs.c:908:6:Deinit_ADC_Channel	8	static
BOS_inputs.c:921:13:buttonReleasedCallback	0	static
BOS_inputs.c:929:13:buttonClickedCallback	0	static
BOS_inputs.c:937:13:buttonDblClickedCallback	0	static
BOS_inputs.c:945:13:buttonPressedForXCallback	0	static
BOS_inputs.c:953:13:buttonReleasedForYCallback	0	static
BOS_inputs.c:73:6:CheckAttachedButtons	72	static
