BOS_inputs.c:67:13:buttonPressedCallback	0	static
BOS_inputs.c:297:12:CheckForTimedButtonPress	8	static
BOS_inputs.c:323:12:CheckForTimedButtonRelease	8	static
BOS_inputs.c:349:6:ResetAttachedButtonStates	0	static
BOS_inputs.c:365:12:AddPortButton	72	static
BOS_inputs.c:436:12:RemovePortButton	24	static
BOS_inputs.c:526:12:SetButtonEvents	56	static
BOS_inputs.c:650:6:HAL_ADC_MspInit	40	static
BOS_inputs.c:678:6:HAL_ADC_MspDeInit	8	static
BOS_inputs.c:807:10:Get_PIN	0	static
BOS_inputs.c:864:9:Get_channel	0	static
BOS_inputs.c:876:6:Error_Handler	8	static
BOS_inputs.c:628:6:MX_ADC_Init	8	static
BOS_inputs.c:749:6:ReadTempAndVref	24	static
BOS_inputs.c:815:7:GetReadPrecentage	40	static
BOS_inputs.c:882:9:Get_Rank	0	static
BOS_inputs.c:701:6:ADCSelectChannel	16	static
BOS_inputs.c:715:6:ReadADCChannel	24	static
BOS_inputs.c:895:6:Deinit_ADC_Channel	8	static
BOS_inputs.c:908:13:buttonReleasedCallback	0	static
BOS_inputs.c:916:13:buttonClickedCallback	0	static
BOS_inputs.c:924:13:buttonDblClickedCallback	0	static
BOS_inputs.c:932:13:buttonPressedForXCallback	0	static
BOS_inputs.c:940:13:buttonReleasedForYCallback	0	static
BOS_inputs.c:72:6:CheckAttachedButtons	72	static
