BOS_CLIcommands.c:543:22:exploreCommand	0	static
BOS_CLIcommands.c:1372:22:setBaudrateCommand	24	static,ignoring_inline_asm
BOS_CLIcommands.c:1484:22:flashsizeCommand	8	static,ignoring_inline_asm
BOS_CLIcommands.c:2009:22:GetReadPrecentageCommand	16	static,ignoring_inline_asm
BOS_CLIcommands.c:1989:22:ReadVrefCommand	16	static,ignoring_inline_asm
BOS_CLIcommands.c:1968:22:ReadTempCommand	16	static,ignoring_inline_asm
BOS_CLIcommands.c:1912:22:ADCReadCommand	32	static,ignoring_inline_asm
BOS_CLIcommands.c:1826:22:testportCommand	48	static,ignoring_inline_asm
BOS_CLIcommands.c:1773:22:unbridgeCommand	32	static,ignoring_inline_asm
BOS_CLIcommands.c:1720:22:bridgeCommand	32	static,ignoring_inline_asm
BOS_CLIcommands.c:1665:22:delSnipCommand	40	static,ignoring_inline_asm
BOS_CLIcommands.c:1629:22:pauseSnipCommand	16	static,ignoring_inline_asm
BOS_CLIcommands.c:1593:22:actSnipCommand	16	static,ignoring_inline_asm
BOS_CLIcommands.c:1503:22:snipCommand	72	static,ignoring_inline_asm
BOS_CLIcommands.c:1442:22:idcodeCommand	8	static,ignoring_inline_asm
BOS_CLIcommands.c:1417:22:uuidCommand	16	static,ignoring_inline_asm
BOS_CLIcommands.c:1324:22:timeCommand	24	static,ignoring_inline_asm
BOS_CLIcommands.c:1352:22:dateCommand	8	static,ignoring_inline_asm
BOS_CLIcommands.c:1174:22:getCommand	32	static,ignoring_inline_asm
BOS_CLIcommands.c:1275:22:defaultCommand	24	static,ignoring_inline_asm
BOS_CLIcommands.c:944:22:setCommand	80	static,ignoring_inline_asm
BOS_CLIcommands.c:910:22:removebuttonCommand	24	static,ignoring_inline_asm
BOS_CLIcommands.c:860:22:addbuttonCommand	48	static,ignoring_inline_asm
BOS_CLIcommands.c:786:22:scastCommand	136	static,ignoring_inline_asm
BOS_CLIcommands.c:750:22:infoCommand	32	static,ignoring_inline_asm
BOS_CLIcommands.c:732:22:statusCommand	8	static,ignoring_inline_asm
BOS_CLIcommands.c:643:22:groupCommand	88	static,ignoring_inline_asm
BOS_CLIcommands.c:599:22:nameCommand	16	static,ignoring_inline_asm
BOS_CLIcommands.c:455:22:bootloaderUpdateCommand	40	static,ignoring_inline_asm
BOS_CLIcommands.c:429:22:pingCommand	16	static,ignoring_inline_asm
BOS_CLIcommands.c:408:22:prvRunTimeStatsCommand	8	static,ignoring_inline_asm
BOS_CLIcommands.c:388:22:prvTaskStatsCommand	8	static,ignoring_inline_asm
BOS_CLIcommands.c:582:22:resetCommand	0	static,ignoring_inline_asm
BOS_CLIcommands.c:326:13:RegisterUserCLICommands	0	static
BOS_CLIcommands.c:334:6:vRegisterCLICommands	8	static
