BOS_messaging.c:115:6:StreamTimerCallback	8	static
BOS_messaging.c:63:12:SetupDMAStreams	40	static
BOS_messaging.c:173:6:NotifyMessagingTask	8	static
BOS_messaging.c:306:12:SendMessageFromPort	56	static
BOS_messaging.c:129:12:ForwardReceivedMessage	24	static
BOS_messaging.c:152:12:BroadcastReceivedMessage	16	static
BOS_messaging.c:220:12:BroadcastMessage	24	static
BOS_messaging.c:241:12:SendMessageToGroup	32	static
BOS_messaging.c:265:12:SendMessageToModule	32	static
BOS_messaging.c:499:12:StartScastDMAStream	104	static
